Archive member included to satisfy reference by file (symbol)

/usr/lib/gcc/arm-none-eabi/10.3.1/../../../arm-none-eabi/lib/thumb/v8-m.main+fp/softfp/libm.a(lib_a-wf_sqrt.o)
                              CMakeFiles/turtlebot3_pico_fw.dir/home/jedld/pico-sdk/src/rp2_common/pico_float/float_math.c.o (sqrtf)
/usr/lib/gcc/arm-none-eabi/10.3.1/../../../arm-none-eabi/lib/thumb/v8-m.main+fp/softfp/libm.a(lib_a-ef_sqrt.o)
                              /usr/lib/gcc/arm-none-eabi/10.3.1/../../../arm-none-eabi/lib/thumb/v8-m.main+fp/softfp/libm.a(lib_a-wf_sqrt.o) (__ieee754_sqrtf)
/usr/lib/gcc/arm-none-eabi/10.3.1/../../../arm-none-eabi/lib/thumb/v8-m.main+fp/softfp/libm.a(lib_a-s_lib_ver.o)
                              /usr/lib/gcc/arm-none-eabi/10.3.1/../../../arm-none-eabi/lib/thumb/v8-m.main+fp/softfp/libm.a(lib_a-wf_sqrt.o) (__fdlib_version)
/usr/lib/gcc/arm-none-eabi/10.3.1/thumb/v8-m.main+fp/softfp/libgcc.a(_arm_addsubdf3.o)
                              CMakeFiles/turtlebot3_pico_fw.dir/home/jedld/pico-sdk/src/rp2_common/pico_float/float_math.c.o (__aeabi_f2d)
/usr/lib/gcc/arm-none-eabi/10.3.1/thumb/v8-m.main+fp/softfp/libgcc.a(_aeabi_ldivmod.o)
                              CMakeFiles/turtlebot3_pico_fw.dir/home/jedld/pico-sdk/src/common/pico_time/time.c.o (__aeabi_ldivmod)
/usr/lib/gcc/arm-none-eabi/10.3.1/thumb/v8-m.main+fp/softfp/libgcc.a(_aeabi_uldivmod.o)
                              CMakeFiles/turtlebot3_pico_fw.dir/main.c.o (__aeabi_uldivmod)
/usr/lib/gcc/arm-none-eabi/10.3.1/thumb/v8-m.main+fp/softfp/libgcc.a(_udivmoddi4.o)
                              /usr/lib/gcc/arm-none-eabi/10.3.1/thumb/v8-m.main+fp/softfp/libgcc.a(_aeabi_ldivmod.o) (__udivmoddi4)
/usr/lib/gcc/arm-none-eabi/10.3.1/thumb/v8-m.main+fp/softfp/libgcc.a(_dvmd_tls.o)
                              /usr/lib/gcc/arm-none-eabi/10.3.1/thumb/v8-m.main+fp/softfp/libgcc.a(_aeabi_ldivmod.o) (__aeabi_ldiv0)
/usr/lib/gcc/arm-none-eabi/10.3.1/../../../arm-none-eabi/lib/thumb/v8-m.main+fp/softfp/libg.a(lib_a-atexit.o)
                              /usr/lib/gcc/arm-none-eabi/10.3.1/../../../arm-none-eabi/lib/thumb/v8-m.main+fp/softfp/crt0.o (atexit)
/usr/lib/gcc/arm-none-eabi/10.3.1/../../../arm-none-eabi/lib/thumb/v8-m.main+fp/softfp/libg.a(lib_a-calloc.o)
                              CMakeFiles/turtlebot3_pico_fw.dir/home/jedld/pico-sdk/src/rp2_common/pico_malloc/malloc.c.o (calloc)
/usr/lib/gcc/arm-none-eabi/10.3.1/../../../arm-none-eabi/lib/thumb/v8-m.main+fp/softfp/libg.a(lib_a-callocr.o)
                              /usr/lib/gcc/arm-none-eabi/10.3.1/../../../arm-none-eabi/lib/thumb/v8-m.main+fp/softfp/libg.a(lib_a-calloc.o) (_calloc_r)
/usr/lib/gcc/arm-none-eabi/10.3.1/../../../arm-none-eabi/lib/thumb/v8-m.main+fp/softfp/libg.a(lib_a-errno.o)
                              /usr/lib/gcc/arm-none-eabi/10.3.1/../../../arm-none-eabi/lib/thumb/v8-m.main+fp/softfp/libm.a(lib_a-wf_sqrt.o) (__errno)
/usr/lib/gcc/arm-none-eabi/10.3.1/../../../arm-none-eabi/lib/thumb/v8-m.main+fp/softfp/libg.a(lib_a-fini.o)
                              /usr/lib/gcc/arm-none-eabi/10.3.1/../../../arm-none-eabi/lib/thumb/v8-m.main+fp/softfp/crt0.o (__libc_fini_array)
/usr/lib/gcc/arm-none-eabi/10.3.1/../../../arm-none-eabi/lib/thumb/v8-m.main+fp/softfp/libg.a(lib_a-impure.o)
                              /usr/lib/gcc/arm-none-eabi/10.3.1/../../../arm-none-eabi/lib/thumb/v8-m.main+fp/softfp/libg.a(lib_a-calloc.o) (_impure_ptr)
/usr/lib/gcc/arm-none-eabi/10.3.1/../../../arm-none-eabi/lib/thumb/v8-m.main+fp/softfp/libg.a(lib_a-init.o)
                              /usr/lib/gcc/arm-none-eabi/10.3.1/../../../arm-none-eabi/lib/thumb/v8-m.main+fp/softfp/crt0.o (__libc_init_array)
/usr/lib/gcc/arm-none-eabi/10.3.1/../../../arm-none-eabi/lib/thumb/v8-m.main+fp/softfp/libg.a(lib_a-lcltime_r.o)
                              CMakeFiles/turtlebot3_pico_fw.dir/home/jedld/pico-sdk/src/common/pico_util/datetime.c.o (localtime_r)
/usr/lib/gcc/arm-none-eabi/10.3.1/../../../arm-none-eabi/lib/thumb/v8-m.main+fp/softfp/libg.a(lib_a-malloc.o)
                              CMakeFiles/turtlebot3_pico_fw.dir/home/jedld/pico-sdk/src/rp2_common/pico_malloc/malloc.c.o (malloc)
/usr/lib/gcc/arm-none-eabi/10.3.1/../../../arm-none-eabi/lib/thumb/v8-m.main+fp/softfp/libg.a(lib_a-mallocr.o)
                              /usr/lib/gcc/arm-none-eabi/10.3.1/../../../arm-none-eabi/lib/thumb/v8-m.main+fp/softfp/libg.a(lib_a-callocr.o) (_malloc_r)
/usr/lib/gcc/arm-none-eabi/10.3.1/../../../arm-none-eabi/lib/thumb/v8-m.main+fp/softfp/libg.a(lib_a-memcmp.o)
                              CMakeFiles/turtlebot3_pico_fw.dir/home/jedld/pico-sdk/src/rp2_common/pico_atomic/atomic.c.o (memcmp)
/usr/lib/gcc/arm-none-eabi/10.3.1/../../../arm-none-eabi/lib/thumb/v8-m.main+fp/softfp/libg.a(lib_a-memcpy.o)
                              CMakeFiles/turtlebot3_pico_fw.dir/main.c.o (memcpy)
/usr/lib/gcc/arm-none-eabi/10.3.1/../../../arm-none-eabi/lib/thumb/v8-m.main+fp/softfp/libg.a(lib_a-memset.o)
[...]
Memory Configuration

Name             Origin             Length             Attributes
FLASH            0x0000000010000000 0x0000000000400000 xr
RAM              0x0000000020000000 0x0000000000080000 xrw
SCRATCH_X        0x0000000020080000 0x0000000000001000 xrw
SCRATCH_Y        0x0000000020081000 0x0000000000001000 xrw
*default*        0x0000000000000000 0xffffffffffffffff

Linker script and memory map

LOAD /usr/lib/gcc/arm-none-eabi/10.3.1/thumb/v8-m.main+fp/softfp/crti.o
LOAD /usr/lib/gcc/arm-none-eabi/10.3.1/thumb/v8-m.main+fp/softfp/crtbegin.o
LOAD /usr/lib/gcc/arm-none-eabi/10.3.1/../../../arm-none-eabi/lib/thumb/v8-m.main+fp/softfp/crt0.o

.flash_begin    0x0000000010000000        0x0
                0x0000000010000000                __flash_binary_start = .

.text           0x0000000010000000     0x4650
                0x0000000010000000                __logical_binary_start = .
 *(.vectors)
 .vectors       0x0000000010000000      0x124 CMakeFiles/turtlebot3_pico_fw.dir/home/jedld/pico-sdk/src/rp2_common/pico_crt0/crt0.S.o
                0x0000000010000000                __vectors
                0x0000000010000000                __VECTOR_TABLE
                0x0000000010000110                isr_invalid
                0x0000000010000110                __default_isrs_start
                0x0000000010000112                isr_nmi
                0x0000000010000114                isr_hardfault
                0x0000000010000116                isr_svcall
                0x0000000010000118                isr_pendsv
                0x000000001000011a                isr_systick
                0x000000001000011c                isr_irq30
                0x000000001000011c                __unhandled_user_irq
                0x000000001000011c                isr_irq49
                0x000000001000011c                isr_irq13
                0x000000001000011c                isr_irq43
                0x000000001000011c                isr_irq45
                0x000000001000011c                isr_irq27
                0x000000001000011c                isr_irq32
                0x000000001000011c                isr_irq31
                0x000000001000011c                isr_irq5
                0x000000001000011c                isr_irq11
                0x000000001000011c                isr_irq23
                0x000000001000011c                isr_irq48
                0x000000001000011c                isr_irq35
                0x000000001000011c                isr_irq18
                0x000000001000011c                isr_irq50
                0x000000001000011c                isr_irq40
                0x000000001000011c                isr_irq28
                0x000000001000011c                isr_irq19
                0x000000001000011c                isr_irq36
                0x000000001000011c                isr_irq41
                0x000000001000011c                isr_irq0
                0x000000001000011c                isr_irq6
                0x000000001000011c                isr_irq37
                0x000000001000011c                isr_irq42
                0x000000001000011c                isr_irq22
                0x000000001000011c                isr_irq17
                0x000000001000011c                isr_irq38
                0x000000001000011c                isr_irq14
                0x000000001000011c                isr_irq2
                0x000000001000011c                isr_irq10
                0x000000001000011c                isr_irq8
                0x000000001000011c                isr_irq24
                0x000000001000011c                isr_irq46
                0x000000001000011c                isr_irq1
                0x000000001000011c                isr_irq47
                0x000000001000011c                isr_irq51
                0x000000001000011c                isr_irq7
                0x000000001000011c                isr_irq21
                0x000000001000011c                isr_irq39
                0x000000001000011c                isr_irq20
                0x000000001000011c                isr_irq15
                0x000000001000011c                isr_irq25
                0x000000001000011c                isr_irq34
                0x000000001000011c                isr_irq4
                0x000000001000011c                isr_irq16
                0x000000001000011c                isr_irq44
                0x000000001000011c                isr_irq29
                0x000000001000011c                isr_irq26
                0x000000001000011c                __default_isrs_end
                0x000000001000011c                isr_irq33
                0x000000001000011c                isr_irq3
                0x000000001000011c                isr_irq12
                0x000000001000011c                isr_irq9
                0x0000000010000122                unhandled_user_irq_num_in_r0
 *(.binary_info_header)
 .binary_info_header
                0x0000000010000124       0x14 CMakeFiles/turtlebot3_pico_fw.dir/home/jedld/pico-sdk/src/rp2_common/pico_crt0/crt0.S.o
                0x0000000010000138                __binary_info_header_end = .
 *(.embedded_block)
 .embedded_block
                0x0000000010000138       0x14 CMakeFiles/turtlebot3_pico_fw.dir/home/jedld/pico-sdk/src/rp2_common/pico_crt0/crt0.S.o
                0x000000001000014c                __embedded_block_end = .
 *(.reset)
 .reset         0x000000001000014c       0xa0 CMakeFiles/turtlebot3_pico_fw.dir/home/jedld/pico-sdk/src/rp2_common/pico_crt0/crt0.S.o
                0x000000001000014c                _entry_point
 *(.init)
 .init          0x00000000100001ec        0x4 /usr/lib/gcc/arm-none-eabi/10.3.1/thumb/v8-m.main+fp/softfp/crti.o
                0x00000000100001ec                _init
 *libgcc.a:cmse_nonsecure_call.o()
 *(EXCLUDE_FILE(*libm.a: *libc.a:*lib_a-mem*.o *libgcc.a:) .text*)
 .text          0x00000000100001f0       0x8c /usr/lib/gcc/arm-none-eabi/10.3.1/thumb/v8-m.main+fp/softfp/crtbegin.o
 .text.set_motor
                0x000000001000027c       0xf0 CMakeFiles/turtlebot3_pico_fw.dir/main.c.o
 .text.adc_gpio_init
                0x000000001000036c       0x20 CMakeFiles/turtlebot3_pico_fw.dir/main.c.o
 .text.build_status
                0x000000001000038c       0x7c CMakeFiles/turtlebot3_pico_fw.dir/main.c.o
 .text.play_sound
                0x0000000010000408       0xa8 CMakeFiles/turtlebot3_pico_fw.dir/main.c.o
 .text.tud_cdc_line_state_cb
                0x00000000100004b0        0x4 CMakeFiles/turtlebot3_pico_fw.dir/main.c.o
                0x00000000100004b0                tud_cdc_line_state_cb
 .text.tud_cdc_line_coding_cb
                0x00000000100004b4       0x14 CMakeFiles/turtlebot3_pico_fw.dir/main.c.o
                0x00000000100004b4                tud_cdc_line_coding_cb
 .text.startup.main
                0x00000000100004c8      0xad0 CMakeFiles/turtlebot3_pico_fw.dir/main.c.o
                0x00000000100004c8                main
 .text.tud_descriptor_device_cb
                0x0000000010000f98        0x8 CMakeFiles/turtlebot3_pico_fw.dir/usb_descriptors.c.o
                0x0000000010000f98                tud_descriptor_device_cb
 .text.tud_descriptor_configuration_cb
                0x0000000010000fa0        0x8 CMakeFiles/turtlebot3_pico_fw.dir/usb_descriptors.c.o
                0x0000000010000fa0                tud_descriptor_configuration_cb
 .text.tud_descriptor_string_cb
                0x0000000010000fa8       0x68 CMakeFiles/turtlebot3_pico_fw.dir/usb_descriptors.c.o
                0x0000000010000fa8                tud_descriptor_string_cb
 .text.gpio_set_function
                0x0000000010001010       0x3c CMakeFiles/turtlebot3_pico_fw.dir/home/jedld/pico-sdk/src/rp2_common/hardware_gpio/gpio.c.o
                0x0000000010001010                gpio_set_function
 .text.gpio_set_pulls
                0x000000001000104c       0x34 CMakeFiles/turtlebot3_pico_fw.dir/home/jedld/pico-sdk/src/rp2_common/hardware_gpio/gpio.c.o
                0x000000001000104c                gpio_set_pulls
 .text.gpio_set_input_enabled
                0x0000000010001080       0x20 CMakeFiles/turtlebot3_pico_fw.dir/home/jedld/pico-sdk/src/rp2_common/hardware_gpio/gpio.c.o
                0x0000000010001080                gpio_set_input_enabled
 .text.gpio_init
                0x00000000100010a0       0x44 CMakeFiles/turtlebot3_pico_fw.dir/home/jedld/pico-sdk/src/rp2_common/hardware_gpio/gpio.c.o
                0x00000000100010a0                gpio_init
 .text.panic    0x00000000100010e4       0x30 CMakeFiles/turtlebot3_pico_fw.dir/home/jedld/pico-sdk/src/rp2_common/pico_platform_panic/panic.c.o
                0x00000000100010e4                panic
 .text.hw_claim_or_assert
                0x0000000010001114       0x5c CMakeFiles/turtlebot3_pico_fw.dir/home/jedld/pico-sdk/src/common/hardware_claim/claim.c.o
                0x0000000010001114                hw_claim_or_assert
 .text.hw_claim_unused_from_range
                0x0000000010001170       0x9c CMakeFiles/turtlebot3_pico_fw.dir/home/jedld/pico-sdk/src/common/hardware_claim/claim.c.o
                0x0000000010001170                hw_claim_unused_from_range
 .text.next_striped_spin_lock_num
                0x000000001000120c       0x18 CMakeFiles/turtlebot3_pico_fw.dir/home/jedld/pico-sdk/src/rp2_common/hardware_sync/sync.c.o
                0x000000001000120c                next_striped_spin_lock_num
 .text.spin_lock_claim_unused
                0x0000000010001224       0x20 CMakeFiles/turtlebot3_pico_fw.dir/home/jedld/pico-sdk/src/rp2_common/hardware_sync/sync.c.o
                0x0000000010001224                spin_lock_claim_unused
 .text.spinlock_set_extexclall
                0x0000000010001244       0x10 CMakeFiles/turtlebot3_pico_fw.dir/home/jedld/pico-sdk/src/rp2_common/hardware_sync_spin_lock/sync_spin_lock.c.o
 .text.spin_locks_reset
                0x0000000010001254       0x18 CMakeFiles/turtlebot3_pico_fw.dir/home/jedld/pico-sdk/src/rp2_common/hardware_sync_spin_lock/sync_spin_lock.c.o
                0x0000000010001254                spin_locks_reset
 .text.runtime_init_per_core_irq_priorities
                0x000000001000126c       0x40 CMakeFiles/turtlebot3_pico_fw.dir/home/jedld/pico-sdk/src/rp2_common/hardware_irq/irq.c.o
                0x000000001000126c                runtime_init_per_core_irq_priorities
 .text.irq_set_enabled
                0x00000000100012ac       0x2c CMakeFiles/turtlebot3_pico_fw.dir/home/jedld/pico-sdk/src/rp2_common/hardware_irq/irq.c.o
                0x00000000100012ac                irq_set_enabled
 .text.irq_set_exclusive_handler
                0x00000000100012d8       0x60 CMakeFiles/turtlebot3_pico_fw.dir/home/jedld/pico-sdk/src/rp2_common/hardware_irq/irq.c.o
                0x00000000100012d8                irq_set_exclusive_handler
 .text.irq_add_shared_handler
                0x0000000010001338      0x1e8 CMakeFiles/turtlebot3_pico_fw.dir/home/jedld/pico-sdk/src/rp2_common/hardware_irq/irq.c.o
                0x0000000010001338                irq_add_shared_handler
 .text.irq_add_tail_to_free_list
                0x0000000010001520       0xbc CMakeFiles/turtlebot3_pico_fw.dir/home/jedld/pico-sdk/src/rp2_common/hardware_irq/irq.c.o
                0x0000000010001520                irq_add_tail_to_free_list
 .text.lock_init
                0x00000000100015dc        0xc CMakeFiles/turtlebot3_pico_fw.dir/home/jedld/pico-sdk/src/common/pico_sync/lock_core.c.o
                0x00000000100015dc                lock_init
 .text.runtime_init_mutex
                0x00000000100015e8       0x54 CMakeFiles/turtlebot3_pico_fw.dir/home/jedld/pico-sdk/src/common/pico_sync/mutex.c.o
                0x00000000100015e8                runtime_init_mutex
 .text.mutex_init
                0x000000001000163c       0x1c CMakeFiles/turtlebot3_pico_fw.dir/home/jedld/pico-sdk/src/common/pico_sync/mutex.c.o
                0x000000001000163c                mutex_init
 .text.critical_section_init
                0x0000000010001658       0x1c CMakeFiles/turtlebot3_pico_fw.dir/home/jedld/pico-sdk/src/common/pico_sync/critical_section.c.o
                0x0000000010001658                critical_section_init
 .text.sleep_until_callback
                0x0000000010001674       0x3c CMakeFiles/turtlebot3_pico_fw.dir/home/jedld/pico-sdk/src/common/pico_time/time.c.o
 .text.alarm_pool_irq_handler
                0x00000000100016b0      0x300 CMakeFiles/turtlebot3_pico_fw.dir/home/jedld/pico-sdk/src/common/pico_time/time.c.o
 .text.runtime_init_default_alarm_pool
                0x00000000100019b0      0x100 CMakeFiles/turtlebot3_pico_fw.dir/home/jedld/pico-sdk/src/common/pico_time/time.c.o
                0x00000000100019b0                runtime_init_default_alarm_pool
 .text.alarm_pool_add_alarm_at_force_in_context
                0x0000000010001ab0       0xc4 CMakeFiles/turtlebot3_pico_fw.dir/home/jedld/pico-sdk/src/common/pico_time/time.c.o
                0x0000000010001ab0                alarm_pool_add_alarm_at_force_in_context
 .text.alarm_pool_cancel_alarm
                0x0000000010001b74       0x80 CMakeFiles/turtlebot3_pico_fw.dir/home/jedld/pico-sdk/src/common/pico_time/time.c.o
                0x0000000010001b74                alarm_pool_cancel_alarm
 .text.sleep_until
                0x0000000010001bf4       0xbc CMakeFiles/turtlebot3_pico_fw.dir/home/jedld/pico-sdk/src/common/pico_time/time.c.o
                0x0000000010001bf4                sleep_until
 .text.sleep_ms
                0x0000000010001cb0       0x24 CMakeFiles/turtlebot3_pico_fw.dir/home/jedld/pico-sdk/src/common/pico_time/time.c.o
                0x0000000010001cb0                sleep_ms
 .text.best_effort_wfe_or_timeout
                0x0000000010001cd4       0xdc CMakeFiles/turtlebot3_pico_fw.dir/home/jedld/pico-sdk/src/common/pico_time/time.c.o
                0x0000000010001cd4                best_effort_wfe_or_timeout
 .text.timer_hardware_alarm_claim
                0x0000000010001db0       0x24 CMakeFiles/turtlebot3_pico_fw.dir/home/jedld/pico-sdk/src/rp2_common/hardware_timer/timer.c.o
                0x0000000010001db0                timer_hardware_alarm_claim
 .text.timer_time_us_64
                0x0000000010001dd4       0x10 CMakeFiles/turtlebot3_pico_fw.dir/home/jedld/pico-sdk/src/rp2_common/hardware_timer/timer.c.o
                0x0000000010001dd4                timer_time_us_64
 .text.time_us_64
                0x0000000010001de4       0x14 CMakeFiles/turtlebot3_pico_fw.dir/home/jedld/pico-sdk/src/rp2_common/hardware_timer/timer.c.o
                0x0000000010001de4                time_us_64
 .text.busy_wait_until
                0x0000000010001df8       0x24 CMakeFiles/turtlebot3_pico_fw.dir/home/jedld/pico-sdk/src/rp2_common/hardware_timer/timer.c.o
                0x0000000010001df8                busy_wait_until
 .text.clock_configure_undivided
                0x0000000010001e1c       0xd0 CMakeFiles/turtlebot3_pico_fw.dir/home/jedld/pico-sdk/src/rp2_common/hardware_clocks/clocks.c.o
                0x0000000010001e1c                clock_configure_undivided
 .text.clock_get_hz
                0x0000000010001eec        0xc CMakeFiles/turtlebot3_pico_fw.dir/home/jedld/pico-sdk/src/rp2_common/hardware_clocks/clocks.c.o
                0x0000000010001eec                clock_get_hz
 .text.pll_init
                0x0000000010001ef8       0x8c CMakeFiles/turtlebot3_pico_fw.dir/home/jedld/pico-sdk/src/rp2_common/hardware_pll/pll.c.o
                0x0000000010001ef8                pll_init
 .text.watchdog_enable
                0x0000000010001f84       0x80 CMakeFiles/turtlebot3_pico_fw.dir/home/jedld/pico-sdk/src/rp2_common/hardware_watchdog/watchdog.c.o
                0x0000000010001f84                watchdog_enable
 .text.tick_start
                0x0000000010002004       0x18 CMakeFiles/turtlebot3_pico_fw.dir/home/jedld/pico-sdk/src/rp2_common/hardware_ticks/ticks.c.o
                0x0000000010002004                tick_start
 .text.rom_reboot.constprop.0.isra.0
                0x000000001000201c       0x38 CMakeFiles/turtlebot3_pico_fw.dir/home/jedld/pico-sdk/src/rp2_common/pico_bootrom/bootrom.c.o
 .text.rom_func_lookup
                0x0000000010002054       0x18 CMakeFiles/turtlebot3_pico_fw.dir/home/jedld/pico-sdk/src/rp2_common/pico_bootrom/bootrom.c.o
                0x0000000010002054                rom_func_lookup
 .text.rom_reset_usb_boot
                0x000000001000206c       0x1c CMakeFiles/turtlebot3_pico_fw.dir/home/jedld/pico-sdk/src/rp2_common/pico_bootrom/bootrom.c.o
                0x000000001000206c                rom_reset_usb_boot
 .text.runtime_init_bootrom_locking_enable
                0x0000000010002088       0x14 CMakeFiles/turtlebot3_pico_fw.dir/home/jedld/pico-sdk/src/rp2_common/pico_bootrom/bootrom_lock.c.o
                0x0000000010002088                runtime_init_bootrom_locking_enable
 .text.runtime_init_boot_locks_reset
                0x000000001000209c       0x1c CMakeFiles/turtlebot3_pico_fw.dir/home/jedld/pico-sdk/src/rp2_common/hardware_boot_lock/boot_lock.c.o
                0x000000001000209c                runtime_init_boot_locks_reset
 .text.xosc_init
                0x00000000100020b8       0x30 CMakeFiles/turtlebot3_pico_fw.dir/home/jedld/pico-sdk/src/rp2_common/hardware_xosc/xosc.c.o
                0x00000000100020b8                xosc_init
 .text.first_per_core_initializer
                0x00000000100020e8        0x4 CMakeFiles/turtlebot3_pico_fw.dir/home/jedld/pico-sdk/src/rp2_common/pico_runtime/runtime.c.o
 .text.hard_assertion_failure
                0x00000000100020ec        0xc CMakeFiles/turtlebot3_pico_fw.dir/home/jedld/pico-sdk/src/rp2_common/pico_runtime/runtime.c.o
                0x00000000100020ec                hard_assertion_failure
 .text.runtime_run_initializers
                0x00000000100020f8       0x20 CMakeFiles/turtlebot3_pico_fw.dir/home/jedld/pico-sdk/src/rp2_common/pico_runtime/runtime.c.o
                0x00000000100020f8                runtime_run_initializers
 .text.runtime_init_early_resets
                0x0000000010002118       0x34 CMakeFiles/turtlebot3_pico_fw.dir/home/jedld/pico-sdk/src/rp2_common/pico_runtime_init/runtime_init.c.o
                0x0000000010002118                runtime_init_early_resets
 .text.runtime_init_usb_power_down
                0x000000001000214c       0x1c CMakeFiles/turtlebot3_pico_fw.dir/home/jedld/pico-sdk/src/rp2_common/pico_runtime_init/runtime_init.c.o
                0x000000001000214c                runtime_init_usb_power_down
 .text.runtime_init_per_core_enable_coprocessors
                0x0000000010002168       0x1c CMakeFiles/turtlebot3_pico_fw.dir/home/jedld/pico-sdk/src/rp2_common/pico_runtime_init/runtime_init.c.o
                0x0000000010002168                runtime_init_per_core_enable_coprocessors
 .text.runtime_init_post_clock_resets
                0x0000000010002184       0x20 CMakeFiles/turtlebot3_pico_fw.dir/home/jedld/pico-sdk/src/rp2_common/pico_runtime_init/runtime_init.c.o
                0x0000000010002184                runtime_init_post_clock_resets
 .text.runtime_init_bootrom_reset
                0x00000000100021a4       0x14 CMakeFiles/turtlebot3_pico_fw.dir/home/jedld/pico-sdk/src/rp2_common/pico_runtime_init/runtime_init.c.o
                0x00000000100021a4                runtime_init_bootrom_reset
 .text.runtime_init_per_core_bootrom_reset
                0x00000000100021b8       0x14 CMakeFiles/turtlebot3_pico_fw.dir/home/jedld/pico-sdk/src/rp2_common/pico_runtime_init/runtime_init.c.o
                0x00000000100021b8                runtime_init_per_core_bootrom_reset
 .text.runtime_init_spin_locks_reset
                0x00000000100021cc        0x4 CMakeFiles/turtlebot3_pico_fw.dir/home/jedld/pico-sdk/src/rp2_common/pico_runtime_init/runtime_init.c.o
                0x00000000100021cc                runtime_init_spin_locks_reset
 .text.runtime_init_install_ram_vector_table
                0x00000000100021d0       0x20 CMakeFiles/turtlebot3_pico_fw.dir/home/jedld/pico-sdk/src/rp2_common/pico_runtime_init/runtime_init.c.o
                0x00000000100021d0                runtime_init_install_ram_vector_table
 .text.runtime_init_clocks
                0x00000000100021f0       0xdc CMakeFiles/turtlebot3_pico_fw.dir/home/jedld/pico-sdk/src/rp2_common/pico_runtime_init/runtime_init_clocks.c.o
                0x00000000100021f0                runtime_init_clocks
 .text.__wrap_conv_tof
                0x00000000100022cc      0x1d4 CMakeFiles/turtlebot3_pico_fw.dir/home/jedld/pico-sdk/src/rp2_common/pico_float/float_common_m33.S.o
                0x00000000100022cc                int642float
                0x00000000100022cc                __wrap___aeabi_l2f
                0x00000000100022ce                fix642float
                0x000000001000235c                fix2float
                0x00000000100023c8                ufix2float
                0x0000000010002424                __wrap___aeabi_ul2f
                0x0000000010002424                uint642float
                0x0000000010002426                ufix642float
 .text.__wrap_conv_ftoi64z
                0x00000000100024a0       0x8a CMakeFiles/turtlebot3_pico_fw.dir/home/jedld/pico-sdk/src/rp2_common/pico_float/float_common_m33.S.o
                0x00000000100024a0                float2int64_z
                0x00000000100024a0                __wrap___aeabi_f2lz
                0x00000000100024a2                float2fix64_z
 *fill*         0x000000001000252a        0x2 
 .text._out_char
                0x000000001000252c        0x8 CMakeFiles/turtlebot3_pico_fw.dir/home/jedld/pico-sdk/src/rp2_common/pico_printf/printf.c.o
 .text.weak_raw_vprintf
                0x0000000010002534       0x30 CMakeFiles/turtlebot3_pico_fw.dir/home/jedld/pico-sdk/src/rp2_common/pico_printf/printf.c.o
                0x0000000010002534                weak_raw_vprintf
 .text._exit    0x0000000010002564        0x4 CMakeFiles/turtlebot3_pico_fw.dir/home/jedld/pico-sdk/src/rp2_common/pico_clib_interface/newlib_interface.c.o
                0x0000000010002564                _exit
 .text.exit     0x0000000010002568        0x8 CMakeFiles/turtlebot3_pico_fw.dir/home/jedld/pico-sdk/src/rp2_common/pico_clib_interface/newlib_interface.c.o
                0x0000000010002568                exit
 .text.runtime_init
                0x0000000010002570       0x24 CMakeFiles/turtlebot3_pico_fw.dir/home/jedld/pico-sdk/src/rp2_common/pico_clib_interface/newlib_interface.c.o
                0x0000000010002570                runtime_init
 .text.stdio_out_chars_no_crlf
                0x0000000010002594        0x8 CMakeFiles/turtlebot3_pico_fw.dir/home/jedld/pico-sdk/src/rp2_common/pico_stdio/stdio.c.o
 .text.stdio_out_chars_crlf
                0x000000001000259c       0xac CMakeFiles/turtlebot3_pico_fw.dir/home/jedld/pico-sdk/src/rp2_common/pico_stdio/stdio.c.o
 .text.stdio_put_string
                0x0000000010002648       0xe8 CMakeFiles/turtlebot3_pico_fw.dir/home/jedld/pico-sdk/src/rp2_common/pico_stdio/stdio.c.o
                0x0000000010002648                stdio_put_string
 .text.__wrap_putchar
                0x0000000010002730       0x7c CMakeFiles/turtlebot3_pico_fw.dir/home/jedld/pico-sdk/src/rp2_common/pico_stdio/stdio.c.o
                0x0000000010002730                stdio_putchar
                0x0000000010002730                __wrap_putchar
 .text.__wrap_puts
                0x00000000100027ac       0x3c CMakeFiles/turtlebot3_pico_fw.dir/home/jedld/pico-sdk/src/rp2_common/pico_stdio/stdio.c.o
                0x00000000100027ac                __wrap_puts
                0x00000000100027ac                stdio_puts
 .text.adc_init
                0x00000000100027e8       0x30 CMakeFiles/turtlebot3_pico_fw.dir/home/jedld/pico-sdk/src/rp2_common/hardware_adc/adc.c.o
                0x00000000100027e8                adc_init
 .text.dcd_init
                0x0000000010002818       0x94 CMakeFiles/turtlebot3_pico_fw.dir/home/jedld/pico-sdk/lib/tinyusb/src/portable/raspberrypi/rp2040/dcd_rp2040.c.o
                0x0000000010002818                dcd_init
 .text.dcd_int_enable
                0x00000000100028ac        0x8 CMakeFiles/turtlebot3_pico_fw.dir/home/jedld/pico-sdk/lib/tinyusb/src/portable/raspberrypi/rp2040/dcd_rp2040.c.o
                0x00000000100028ac                dcd_int_enable
 .text.dcd_set_address
                0x00000000100028b4       0x10 CMakeFiles/turtlebot3_pico_fw.dir/home/jedld/pico-sdk/lib/tinyusb/src/portable/raspberrypi/rp2040/dcd_rp2040.c.o
                0x00000000100028b4                dcd_set_address
 .text.dcd_sof_enable
                0x00000000100028c4       0x1c CMakeFiles/turtlebot3_pico_fw.dir/home/jedld/pico-sdk/lib/tinyusb/src/portable/raspberrypi/rp2040/dcd_rp2040.c.o
                0x00000000100028c4                dcd_sof_enable
 .text.dcd_edpt0_status_complete
                0x00000000100028e0       0x1c CMakeFiles/turtlebot3_pico_fw.dir/home/jedld/pico-sdk/lib/tinyusb/src/portable/raspberrypi/rp2040/dcd_rp2040.c.o
                0x00000000100028e0                dcd_edpt0_status_complete
 .text.dcd_edpt_open
                0x00000000100028fc      0x110 CMakeFiles/turtlebot3_pico_fw.dir/home/jedld/pico-sdk/lib/tinyusb/src/portable/raspberrypi/rp2040/dcd_rp2040.c.o
                0x00000000100028fc                dcd_edpt_open
 .text.dcd_edpt_close_all
                0x0000000010002a0c        0x4 CMakeFiles/turtlebot3_pico_fw.dir/home/jedld/pico-sdk/lib/tinyusb/src/portable/raspberrypi/rp2040/dcd_rp2040.c.o
                0x0000000010002a0c                dcd_edpt_close_all
 .text.dcd_edpt_xfer
                0x0000000010002a10       0x28 CMakeFiles/turtlebot3_pico_fw.dir/home/jedld/pico-sdk/lib/tinyusb/src/portable/raspberrypi/rp2040/dcd_rp2040.c.o
                0x0000000010002a10                dcd_edpt_xfer
 .text.dcd_edpt_stall
                0x0000000010002a38       0x30 CMakeFiles/turtlebot3_pico_fw.dir/home/jedld/pico-sdk/lib/tinyusb/src/portable/raspberrypi/rp2040/dcd_rp2040.c.o
                0x0000000010002a38                dcd_edpt_stall
 .text.dcd_edpt_clear_stall
                0x0000000010002a68       0x2c CMakeFiles/turtlebot3_pico_fw.dir/home/jedld/pico-sdk/lib/tinyusb/src/portable/raspberrypi/rp2040/dcd_rp2040.c.o
                0x0000000010002a68                dcd_edpt_clear_stall
 .text.rp2040_usb_init
                0x0000000010002a94       0x40 CMakeFiles/turtlebot3_pico_fw.dir/home/jedld/pico-sdk/lib/tinyusb/src/portable/raspberrypi/rp2040/rp2040_usb.c.o
                0x0000000010002a94                rp2040_usb_init
 .text.hw_endpoint_xfer_start
                0x0000000010002ad4       0x4c CMakeFiles/turtlebot3_pico_fw.dir/home/jedld/pico-sdk/lib/tinyusb/src/portable/raspberrypi/rp2040/rp2040_usb.c.o
                0x0000000010002ad4                hw_endpoint_xfer_start
 .text.tud_vendor_control_xfer_cb
                0x0000000010002b20        0x4 CMakeFiles/turtlebot3_pico_fw.dir/home/jedld/pico-sdk/lib/tinyusb/src/device/usbd.c.o
                0x0000000010002b20                tud_vendor_control_xfer_cb
 .text.configuration_reset
                0x0000000010002b24       0x8c CMakeFiles/turtlebot3_pico_fw.dir/home/jedld/pico-sdk/lib/tinyusb/src/device/usbd.c.o
 .text.tud_event_hook_cb
                0x0000000010002bb0        0x4 CMakeFiles/turtlebot3_pico_fw.dir/home/jedld/pico-sdk/lib/tinyusb/src/device/usbd.c.o
                0x0000000010002bb0                tud_event_hook_cb
 .text.tud_sof_cb
                0x0000000010002bb4        0x4 CMakeFiles/turtlebot3_pico_fw.dir/home/jedld/pico-sdk/lib/tinyusb/src/device/usbd.c.o
                0x0000000010002bb4                tud_sof_cb
 .text.tud_descriptor_bos_cb
                0x0000000010002bb8        0x4 CMakeFiles/turtlebot3_pico_fw.dir/home/jedld/pico-sdk/lib/tinyusb/src/device/usbd.c.o
                0x0000000010002bb8                tud_descriptor_bos_cb
 .text.tud_descriptor_device_qualifier_cb
                0x0000000010002bbc        0x4 CMakeFiles/turtlebot3_pico_fw.dir/home/jedld/pico-sdk/lib/tinyusb/src/device/usbd.c.o
                0x0000000010002bbc                tud_descriptor_device_qualifier_cb
 .text.tud_descriptor_other_speed_configuration_cb
                0x0000000010002bc0        0x4 CMakeFiles/turtlebot3_pico_fw.dir/home/jedld/pico-sdk/lib/tinyusb/src/device/usbd.c.o
                0x0000000010002bc0                tud_descriptor_other_speed_configuration_cb
 .text.tud_mount_cb
                0x0000000010002bc4        0x4 CMakeFiles/turtlebot3_pico_fw.dir/home/jedld/pico-sdk/lib/tinyusb/src/device/usbd.c.o
                0x0000000010002bc4                tud_mount_cb
 .text.tud_umount_cb
                0x0000000010002bc8        0x4 CMakeFiles/turtlebot3_pico_fw.dir/home/jedld/pico-sdk/lib/tinyusb/src/device/usbd.c.o
                0x0000000010002bc8                tud_umount_cb
 .text.tud_suspend_cb
                0x0000000010002bcc        0x4 CMakeFiles/turtlebot3_pico_fw.dir/home/jedld/pico-sdk/lib/tinyusb/src/device/usbd.c.o
                0x0000000010002bcc                tud_suspend_cb
 .text.tud_resume_cb
                0x0000000010002bd0        0x4 CMakeFiles/turtlebot3_pico_fw.dir/home/jedld/pico-sdk/lib/tinyusb/src/device/usbd.c.o
                0x0000000010002bd0                tud_resume_cb
 .text.tud_mounted
                0x0000000010002bd4       0x10 CMakeFiles/turtlebot3_pico_fw.dir/home/jedld/pico-sdk/lib/tinyusb/src/device/usbd.c.o
                0x0000000010002bd4                tud_mounted
 .text.tud_suspended
                0x0000000010002be4       0x10 CMakeFiles/turtlebot3_pico_fw.dir/home/jedld/pico-sdk/lib/tinyusb/src/device/usbd.c.o
                0x0000000010002be4                tud_suspended
 .text.tud_rhport_init
                0x0000000010002bf4      0x10c CMakeFiles/turtlebot3_pico_fw.dir/home/jedld/pico-sdk/lib/tinyusb/src/device/usbd.c.o
                0x0000000010002bf4                tud_rhport_init
 .text.tud_task_ext
                0x0000000010002d00      0x778 CMakeFiles/turtlebot3_pico_fw.dir/home/jedld/pico-sdk/lib/tinyusb/src/device/usbd.c.o
                0x0000000010002d00                tud_task_ext
 .text.usbd_open_edpt_pair
                0x0000000010003478       0x9c CMakeFiles/turtlebot3_pico_fw.dir/home/jedld/pico-sdk/lib/tinyusb/src/device/usbd.c.o
                0x0000000010003478                usbd_open_edpt_pair
 .text.usbd_edpt_open
                0x0000000010003514       0x44 CMakeFiles/turtlebot3_pico_fw.dir/home/jedld/pico-sdk/lib/tinyusb/src/device/usbd.c.o
                0x0000000010003514                usbd_edpt_open
 .text.usbd_edpt_claim
                0x0000000010003558       0x24 CMakeFiles/turtlebot3_pico_fw.dir/home/jedld/pico-sdk/lib/tinyusb/src/device/usbd.c.o
                0x0000000010003558                usbd_edpt_claim
 .text.usbd_edpt_release
                0x000000001000357c       0x24 CMakeFiles/turtlebot3_pico_fw.dir/home/jedld/pico-sdk/lib/tinyusb/src/device/usbd.c.o
                0x000000001000357c                usbd_edpt_release
 .text.usbd_edpt_xfer
                0x00000000100035a0       0x70 CMakeFiles/turtlebot3_pico_fw.dir/home/jedld/pico-sdk/lib/tinyusb/src/device/usbd.c.o
                0x00000000100035a0                usbd_edpt_xfer
 .text.tud_control_status
                0x0000000010003610       0x34 CMakeFiles/turtlebot3_pico_fw.dir/home/jedld/pico-sdk/lib/tinyusb/src/device/usbd_control.c.o
                0x0000000010003610                tud_control_status
 .text.tud_control_xfer
                0x0000000010003644       0xcc CMakeFiles/turtlebot3_pico_fw.dir/home/jedld/pico-sdk/lib/tinyusb/src/device/usbd_control.c.o
                0x0000000010003644                tud_control_xfer
 .text.usbd_control_reset
                0x0000000010003710       0x14 CMakeFiles/turtlebot3_pico_fw.dir/home/jedld/pico-sdk/lib/tinyusb/src/device/usbd_control.c.o
                0x0000000010003710                usbd_control_reset
 .text.usbd_control_set_complete_callback
                0x0000000010003724        0xc CMakeFiles/turtlebot3_pico_fw.dir/home/jedld/pico-sdk/lib/tinyusb/src/device/usbd_control.c.o
                0x0000000010003724                usbd_control_set_complete_callback
 .text.usbd_control_set_request
                0x0000000010003730       0x1c CMakeFiles/turtlebot3_pico_fw.dir/home/jedld/pico-sdk/lib/tinyusb/src/device/usbd_control.c.o
                0x0000000010003730                usbd_control_set_request
 .text.usbd_control_xfer_cb
                0x000000001000374c      0x110 CMakeFiles/turtlebot3_pico_fw.dir/home/jedld/pico-sdk/lib/tinyusb/src/device/usbd_control.c.o
                0x000000001000374c                usbd_control_xfer_cb
 .text._prep_out_transaction.isra.0
                0x000000001000385c       0x78 CMakeFiles/turtlebot3_pico_fw.dir/home/jedld/pico-sdk/lib/tinyusb/src/class/cdc/cdc_device.c.o
 .text.tud_cdc_n_available
                0x00000000100038d4       0x18 CMakeFiles/turtlebot3_pico_fw.dir/home/jedld/pico-sdk/lib/tinyusb/src/class/cdc/cdc_device.c.o
                0x00000000100038d4                tud_cdc_n_available
 .text.tud_cdc_n_read
                0x00000000100038ec       0x90 CMakeFiles/turtlebot3_pico_fw.dir/home/jedld/pico-sdk/lib/tinyusb/src/class/cdc/cdc_device.c.o
                0x00000000100038ec                tud_cdc_n_read
 .text.tud_cdc_n_write_flush
                0x000000001000397c       0x94 CMakeFiles/turtlebot3_pico_fw.dir/home/jedld/pico-sdk/lib/tinyusb/src/class/cdc/cdc_device.c.o
                0x000000001000397c                tud_cdc_n_write_flush
 .text.tud_cdc_n_write
                0x0000000010003a10       0x48 CMakeFiles/turtlebot3_pico_fw.dir/home/jedld/pico-sdk/lib/tinyusb/src/class/cdc/cdc_device.c.o
                0x0000000010003a10                tud_cdc_n_write
 .text.cdcd_init
                0x0000000010003a58       0x78 CMakeFiles/turtlebot3_pico_fw.dir/home/jedld/pico-sdk/lib/tinyusb/src/class/cdc/cdc_device.c.o
                0x0000000010003a58                cdcd_init
 .text.cdcd_deinit
                0x0000000010003ad0       0x20 CMakeFiles/turtlebot3_pico_fw.dir/home/jedld/pico-sdk/lib/tinyusb/src/class/cdc/cdc_device.c.o
                0x0000000010003ad0                cdcd_deinit
 .text.cdcd_reset
                0x0000000010003af0       0x4c CMakeFiles/turtlebot3_pico_fw.dir/home/jedld/pico-sdk/lib/tinyusb/src/class/cdc/cdc_device.c.o
                0x0000000010003af0                cdcd_reset
 .text.cdcd_open
                0x0000000010003b3c       0xbc CMakeFiles/turtlebot3_pico_fw.dir/home/jedld/pico-sdk/lib/tinyusb/src/class/cdc/cdc_device.c.o
                0x0000000010003b3c                cdcd_open
 .text.cdcd_control_xfer_cb
                0x0000000010003bf8       0xc8 CMakeFiles/turtlebot3_pico_fw.dir/home/jedld/pico-sdk/lib/tinyusb/src/class/cdc/cdc_device.c.o
                0x0000000010003bf8                cdcd_control_xfer_cb
 .text.cdcd_xfer_cb
                0x0000000010003cc0      0x100 CMakeFiles/turtlebot3_pico_fw.dir/home/jedld/pico-sdk/lib/tinyusb/src/class/cdc/cdc_device.c.o
                0x0000000010003cc0                cdcd_xfer_cb
 .text.tu_edpt_claim
                0x0000000010003dc0       0x54 CMakeFiles/turtlebot3_pico_fw.dir/home/jedld/pico-sdk/lib/tinyusb/src/tusb.c.o
                0x0000000010003dc0                tu_edpt_claim
 .text.tu_edpt_release
                0x0000000010003e14       0x38 CMakeFiles/turtlebot3_pico_fw.dir/home/jedld/pico-sdk/lib/tinyusb/src/tusb.c.o
                0x0000000010003e14                tu_edpt_release
 .text.tu_edpt_validate
                0x0000000010003e4c       0x68 CMakeFiles/turtlebot3_pico_fw.dir/home/jedld/pico-sdk/lib/tinyusb/src/tusb.c.o
                0x0000000010003e4c                tu_edpt_validate
 .text.tu_edpt_bind_driver
                0x0000000010003eb4       0x58 CMakeFiles/turtlebot3_pico_fw.dir/home/jedld/pico-sdk/lib/tinyusb/src/tusb.c.o
                0x0000000010003eb4                tu_edpt_bind_driver
 .text.tu_fifo_config
                0x0000000010003f0c       0x64 CMakeFiles/turtlebot3_pico_fw.dir/home/jedld/pico-sdk/lib/tinyusb/src/common/tusb_fifo.c.o
                0x0000000010003f0c                tu_fifo_config
 .text.tu_fifo_count
                0x0000000010003f70       0x20 CMakeFiles/turtlebot3_pico_fw.dir/home/jedld/pico-sdk/lib/tinyusb/src/common/tusb_fifo.c.o
                0x0000000010003f70                tu_fifo_count
 .text.tu_fifo_empty
                0x0000000010003f90       0x14 CMakeFiles/turtlebot3_pico_fw.dir/home/jedld/pico-sdk/lib/tinyusb/src/common/tusb_fifo.c.o
                0x0000000010003f90                tu_fifo_empty
 .text.tu_fifo_remaining
                0x0000000010003fa4       0x24 CMakeFiles/turtlebot3_pico_fw.dir/home/jedld/pico-sdk/lib/tinyusb/src/common/tusb_fifo.c.o
                0x0000000010003fa4                tu_fifo_remaining
 .text.tu_fifo_read
                0x0000000010003fc8       0x94 CMakeFiles/turtlebot3_pico_fw.dir/home/jedld/pico-sdk/lib/tinyusb/src/common/tusb_fifo.c.o
                0x0000000010003fc8                tu_fifo_read
 .text.tu_fifo_read_n
                0x000000001000405c       0xd4 CMakeFiles/turtlebot3_pico_fw.dir/home/jedld/pico-sdk/lib/tinyusb/src/common/tusb_fifo.c.o
                0x000000001000405c                tu_fifo_read_n
 .text.tu_fifo_write
                0x0000000010004130       0x84 CMakeFiles/turtlebot3_pico_fw.dir/home/jedld/pico-sdk/lib/tinyusb/src/common/tusb_fifo.c.o
                0x0000000010004130                tu_fifo_write
 .text.tu_fifo_write_n
                0x00000000100041b4      0x15c CMakeFiles/turtlebot3_pico_fw.dir/home/jedld/pico-sdk/lib/tinyusb/src/common/tusb_fifo.c.o
                0x00000000100041b4                tu_fifo_write_n
 .text.tu_fifo_clear
                0x0000000010004310       0x38 CMakeFiles/turtlebot3_pico_fw.dir/home/jedld/pico-sdk/lib/tinyusb/src/common/tusb_fifo.c.o
                0x0000000010004310                tu_fifo_clear
 .text.tu_fifo_set_overwritable
                0x0000000010004348       0x3c CMakeFiles/turtlebot3_pico_fw.dir/home/jedld/pico-sdk/lib/tinyusb/src/common/tusb_fifo.c.o
                0x0000000010004348                tu_fifo_set_overwritable
 .text.board_init
                0x0000000010004384       0x14 CMakeFiles/turtlebot3_pico_fw.dir/home/jedld/pico-sdk/lib/tinyusb/hw/bsp/rp2040/family.c.o
                0x0000000010004384                board_init
 .text.startup._retrieve_unique_id_on_boot
                0x0000000010004398       0x30 CMakeFiles/turtlebot3_pico_fw.dir/home/jedld/pico-sdk/src/rp2_common/pico_unique_id/unique_id.c.o
 .text          0x00000000100043c8       0xec /usr/lib/gcc/arm-none-eabi/10.3.1/../../../arm-none-eabi/lib/thumb/v8-m.main+fp/softfp/libg.a(lib_a-memcpy.o)
                0x00000000100043c8                memcpy
 .text          0x00000000100044b4       0xa4 /usr/lib/gcc/arm-none-eabi/10.3.1/../../../arm-none-eabi/lib/thumb/v8-m.main+fp/softfp/libg.a(lib_a-memset.o)
                0x00000000100044b4                memset
 .text          0x0000000010004558       0x5c /usr/lib/gcc/arm-none-eabi/10.3.1/../../../arm-none-eabi/lib/thumb/v8-m.main+fp/softfp/libg.a(lib_a-strlen-stub.o)
                0x0000000010004558                strlen
 *(.fini)
 .fini          0x00000000100045b4        0x4 /usr/lib/gcc/arm-none-eabi/10.3.1/thumb/v8-m.main+fp/softfp/crti.o
                0x00000000100045b4                _fini
 .fini.__stub   0x00000000100045b8       0x50 linker stubs
 *crtbegin.o(.ctors)
 *crtbegin?.o(.ctors)
 *(EXCLUDE_FILE(*crtend.o *crtend?.o) .ctors)
 *(SORT_BY_NAME(.ctors.*))
 *(.ctors)
 *crtbegin.o(.dtors)
 *crtbegin?.o(.dtors)
 *(EXCLUDE_FILE(*crtend.o *crtend?.o) .dtors)
 *(SORT_BY_NAME(.dtors.*))
 *(.dtors)
                0x0000000010004608                . = ALIGN (0x4)
                0x0000000010004608                PROVIDE (__preinit_array_start = .)
 *(SORT_BY_NAME(.preinit_array.*))
 .preinit_array.00050
                0x0000000010004608        0x4 CMakeFiles/turtlebot3_pico_fw.dir/home/jedld/pico-sdk/src/rp2_common/pico_runtime_init/runtime_init.c.o
                0x0000000010004608                __pre_init_runtime_init_bootrom_reset
 .preinit_array.00100
                0x000000001000460c        0x4 CMakeFiles/turtlebot3_pico_fw.dir/home/jedld/pico-sdk/src/rp2_common/pico_runtime_init/runtime_init.c.o
                0x000000001000460c                __pre_init_runtime_init_early_resets
 .preinit_array.00101
                0x0000000010004610        0x4 CMakeFiles/turtlebot3_pico_fw.dir/home/jedld/pico-sdk/src/rp2_common/pico_runtime_init/runtime_init.c.o
                0x0000000010004610                __pre_init_runtime_init_usb_power_down
 .preinit_array.00500
                0x0000000010004614        0x4 CMakeFiles/turtlebot3_pico_fw.dir/home/jedld/pico-sdk/src/rp2_common/pico_runtime_init/runtime_init.c.o
                0x0000000010004614                __pre_init_runtime_init_clocks
 .preinit_array.00600
                0x0000000010004618        0x4 CMakeFiles/turtlebot3_pico_fw.dir/home/jedld/pico-sdk/src/rp2_common/pico_runtime_init/runtime_init.c.o
                0x0000000010004618                __pre_init_runtime_init_post_clock_resets
 .preinit_array.01000
                0x000000001000461c        0x4 CMakeFiles/turtlebot3_pico_fw.dir/home/jedld/pico-sdk/src/rp2_common/hardware_boot_lock/boot_lock.c.o
                0x000000001000461c                __pre_init_runtime_init_boot_locks_reset
 .preinit_array.01000
                0x0000000010004620        0x4 CMakeFiles/turtlebot3_pico_fw.dir/home/jedld/pico-sdk/src/rp2_common/pico_runtime_init/runtime_init.c.o
                0x0000000010004620                __pre_init_runtime_init_spin_locks_reset
 .preinit_array.01010
                0x0000000010004624        0x4 CMakeFiles/turtlebot3_pico_fw.dir/home/jedld/pico-sdk/src/rp2_common/pico_bootrom/bootrom_lock.c.o
                0x0000000010004624                __pre_init_runtime_init_bootrom_locking_enable
 .preinit_array.01100
                0x0000000010004628        0x4 CMakeFiles/turtlebot3_pico_fw.dir/home/jedld/pico-sdk/src/common/pico_sync/mutex.c.o
                0x0000000010004628                __pre_init_runtime_init_mutex
 .preinit_array.10080
                0x000000001000462c        0x4 CMakeFiles/turtlebot3_pico_fw.dir/home/jedld/pico-sdk/src/rp2_common/pico_runtime_init/runtime_init.c.o
                0x000000001000462c                __pre_init_runtime_init_install_ram_vector_table
 .preinit_array.11000
                0x0000000010004630        0x4 CMakeFiles/turtlebot3_pico_fw.dir/home/jedld/pico-sdk/src/common/pico_time/time.c.o
                0x0000000010004630                __pre_init_runtime_init_default_alarm_pool
 .preinit_array.YYYYY
                0x0000000010004634        0x4 CMakeFiles/turtlebot3_pico_fw.dir/home/jedld/pico-sdk/src/rp2_common/pico_runtime/runtime.c.o
                0x0000000010004634                __pre_init_first_per_core_initializer
 .preinit_array.ZZZZZ.00051
                0x0000000010004638        0x4 CMakeFiles/turtlebot3_pico_fw.dir/home/jedld/pico-sdk/src/rp2_common/pico_runtime_init/runtime_init.c.o
                0x0000000010004638                __pre_init_runtime_init_per_core_bootrom_reset
 .preinit_array.ZZZZZ.00200
                0x000000001000463c        0x4 CMakeFiles/turtlebot3_pico_fw.dir/home/jedld/pico-sdk/src/rp2_common/pico_runtime_init/runtime_init.c.o
                0x000000001000463c                __pre_init_runtime_init_per_core_enable_coprocessors
 .preinit_array.ZZZZZ.01000
                0x0000000010004640        0x4 CMakeFiles/turtlebot3_pico_fw.dir/home/jedld/pico-sdk/src/rp2_common/hardware_sync_spin_lock/sync_spin_lock.c.o
                0x0000000010004640                __pre_init_spinlock_set_extexclall
 .preinit_array.ZZZZZ.01200
                0x0000000010004644        0x4 CMakeFiles/turtlebot3_pico_fw.dir/home/jedld/pico-sdk/src/rp2_common/hardware_irq/irq.c.o
                0x0000000010004644                __pre_init_runtime_init_per_core_irq_priorities
 *(.preinit_array)
                0x0000000010004648                PROVIDE (__preinit_array_end = .)
                0x0000000010004648                . = ALIGN (0x4)
                0x0000000010004648                PROVIDE (__init_array_start = .)
 *(SORT_BY_NAME(.init_array.*))
 *(.init_array)
 .init_array    0x0000000010004648        0x4 /usr/lib/gcc/arm-none-eabi/10.3.1/thumb/v8-m.main+fp/softfp/crtbegin.o
 .init_array    0x000000001000464c        0x4 CMakeFiles/turtlebot3_pico_fw.dir/home/jedld/pico-sdk/src/rp2_common/pico_unique_id/unique_id.c.o
                0x0000000010004650                PROVIDE (__init_array_end = .)
                0x0000000010004650                . = ALIGN (0x4)
                0x0000000010004650                PROVIDE (__fini_array_start = .)
 *(SORT_BY_NAME(.fini_array.*))
 *(.fini_array)
                0x0000000010004650                PROVIDE (__fini_array_end = .)
 *(.eh_frame*)
 .eh_frame      0x0000000010004650        0x0 /usr/lib/gcc/arm-none-eabi/10.3.1/thumb/v8-m.main+fp/softfp/crtbegin.o
                0x0000000010004650                . = ALIGN (0x4)

.glue_7         0x0000000010004650        0x0
 .glue_7        0x0000000010004650        0x0 linker stubs

.glue_7t        0x0000000010004650        0x0
 .glue_7t       0x0000000010004650        0x0 linker stubs

.vfp11_veneer   0x0000000010004650        0x0
 .vfp11_veneer  0x0000000010004650        0x0 linker stubs

.v4_bx          0x0000000010004650        0x0
 .v4_bx         0x0000000010004650        0x0 linker stubs

.iplt           0x0000000010004650        0x0
 .iplt          0x0000000010004650        0x0 /usr/lib/gcc/arm-none-eabi/10.3.1/thumb/v8-m.main+fp/softfp/crtbegin.o

.boot2          0x0000000010004650        0x0
                0x0000000010004650                __boot2_start__ = .
 *(.boot2)
                0x0000000010004650                __boot2_end__ = .
                0x0000000000000001                ASSERT (((__boot2_end__ - __boot2_start__) <= 0x100), ERROR: Pico second stage bootloader must be no more than 256 bytes in size)

.rodata         0x0000000010004650      0x2e0
 *(EXCLUDE_FILE(*libm.a: *libc.a:*lib_a-mem*.o *libgcc.a:) .rodata*)
 .rodata.MELODIES
                0x0000000010004650       0x18 CMakeFiles/turtlebot3_pico_fw.dir/main.c.o
 .rodata.MEL_BTN1
                0x0000000010004668        0x8 CMakeFiles/turtlebot3_pico_fw.dir/main.c.o
 .rodata.MEL_BTN2
                0x0000000010004670       0x10 CMakeFiles/turtlebot3_pico_fw.dir/main.c.o
 .rodata.MEL_ERROR
                0x0000000010004680       0x10 CMakeFiles/turtlebot3_pico_fw.dir/main.c.o
 .rodata.MEL_LOW_BATT
                0x0000000010004690       0x18 CMakeFiles/turtlebot3_pico_fw.dir/main.c.o
 .rodata.MEL_ON
                0x00000000100046a8       0x14 CMakeFiles/turtlebot3_pico_fw.dir/main.c.o
 .rodata.NOTE_FREQ
                0x00000000100046bc       0x22 CMakeFiles/turtlebot3_pico_fw.dir/main.c.o
 *fill*         0x00000000100046de        0x2 
 .rodata.str1.4
                0x00000000100046e0       0x4e CMakeFiles/turtlebot3_pico_fw.dir/usb_descriptors.c.o
 *fill*         0x000000001000472e        0x2 
 .rodata.desc_configuration
                0x0000000010004730       0x4b CMakeFiles/turtlebot3_pico_fw.dir/usb_descriptors.c.o
 *fill*         0x000000001000477b        0x1 
 .rodata.desc_device
                0x000000001000477c       0x12 CMakeFiles/turtlebot3_pico_fw.dir/usb_descriptors.c.o
 *fill*         0x000000001000478e        0x2 
 .rodata.string_desc_arr
                0x0000000010004790       0x14 CMakeFiles/turtlebot3_pico_fw.dir/usb_descriptors.c.o
 .rodata.panic.str1.4
                0x00000000100047a4       0x12 CMakeFiles/turtlebot3_pico_fw.dir/home/jedld/pico-sdk/src/rp2_common/pico_platform_panic/panic.c.o
 *fill*         0x00000000100047b6        0x2 
 .rodata.spin_lock_claim_unused.str1.4
                0x00000000100047b8       0x1b CMakeFiles/turtlebot3_pico_fw.dir/home/jedld/pico-sdk/src/rp2_common/hardware_sync/sync.c.o
 *fill*         0x00000000100047d3        0x1 
 .rodata.timer_hardware_alarm_claim.str1.4
                0x00000000100047d4       0x22 CMakeFiles/turtlebot3_pico_fw.dir/home/jedld/pico-sdk/src/rp2_common/hardware_timer/timer.c.o
 *fill*         0x00000000100047f6        0x2 
 .rodata.hard_assertion_failure.str1.4
                0x00000000100047f8        0xc CMakeFiles/turtlebot3_pico_fw.dir/home/jedld/pico-sdk/src/rp2_common/pico_runtime/runtime.c.o
 .rodata.str1.4
                0x0000000010004804       0x48 CMakeFiles/turtlebot3_pico_fw.dir/home/jedld/pico-sdk/src/rp2_common/pico_standard_binary_info/standard_binary_info.c.o
 .rodata.__bi_26
                0x000000001000484c        0xc CMakeFiles/turtlebot3_pico_fw.dir/home/jedld/pico-sdk/src/rp2_common/pico_standard_binary_info/standard_binary_info.c.o
 .rodata.__bi_34
                0x0000000010004858        0xc CMakeFiles/turtlebot3_pico_fw.dir/home/jedld/pico-sdk/src/rp2_common/pico_standard_binary_info/standard_binary_info.c.o
 .rodata.__bi_42
                0x0000000010004864        0xc CMakeFiles/turtlebot3_pico_fw.dir/home/jedld/pico-sdk/src/rp2_common/pico_standard_binary_info/standard_binary_info.c.o
 .rodata.__bi_48
                0x0000000010004870        0xc CMakeFiles/turtlebot3_pico_fw.dir/home/jedld/pico-sdk/src/rp2_common/pico_standard_binary_info/standard_binary_info.c.o
 .rodata.__bi_54
                0x000000001000487c        0xc CMakeFiles/turtlebot3_pico_fw.dir/home/jedld/pico-sdk/src/rp2_common/pico_standard_binary_info/standard_binary_info.c.o
 .rodata.__bi_78
                0x0000000010004888        0xc CMakeFiles/turtlebot3_pico_fw.dir/home/jedld/pico-sdk/src/rp2_common/pico_standard_binary_info/standard_binary_info.c.o
 .rodata.__bi_84
                0x0000000010004894        0xc CMakeFiles/turtlebot3_pico_fw.dir/home/jedld/pico-sdk/src/rp2_common/pico_standard_binary_info/standard_binary_info.c.o
 .rodata.crlf_str.0
                0x00000000100048a0        0x2 CMakeFiles/turtlebot3_pico_fw.dir/home/jedld/pico-sdk/src/rp2_common/pico_stdio/stdio.c.o
 *fill*         0x00000000100048a2        0x2 
 .rodata.str1.4
                0x00000000100048a4       0x14 CMakeFiles/turtlebot3_pico_fw.dir/home/jedld/pico-sdk/lib/tinyusb/src/portable/raspberrypi/rp2040/dcd_rp2040.c.o
 .rodata.str1.4
                0x00000000100048b8       0x48 CMakeFiles/turtlebot3_pico_fw.dir/home/jedld/pico-sdk/lib/tinyusb/src/portable/raspberrypi/rp2040/rp2040_usb.c.o
 .rodata._usbd_driver
                0x0000000010004900       0x20 CMakeFiles/turtlebot3_pico_fw.dir/home/jedld/pico-sdk/lib/tinyusb/src/device/usbd.c.o
 .rodata.str1.4
                0x0000000010004920        0x4 CMakeFiles/turtlebot3_pico_fw.dir/home/jedld/pico-sdk/lib/tinyusb/hw/bsp/rp2040/family.c.o
 .rodata.__bi_153.0
                0x0000000010004924        0xc CMakeFiles/turtlebot3_pico_fw.dir/home/jedld/pico-sdk/lib/tinyusb/hw/bsp/rp2040/family.c.o
 *(.srodata*)
                0x0000000010004930                . = ALIGN (0x4)
 *(SORT_BY_ALIGNMENT(SORT_BY_NAME(.flashdata*)))
                0x0000000010004930                . = ALIGN (0x4)

.ARM.extab
 *(.ARM.extab* .gnu.linkonce.armextab.*)
                0x0000000010004930                __exidx_start = .

.ARM.exidx      0x0000000010004930        0x8
 *(.ARM.exidx* .gnu.linkonce.armexidx.*)
 .ARM.exidx     0x0000000010004930        0x8 /usr/lib/gcc/arm-none-eabi/10.3.1/thumb/v8-m.main+fp/softfp/libgcc.a(_udivmoddi4.o)
                0x0000000010004938                __exidx_end = .
                0x0000000010004938                . = ALIGN (0x4)
                0x0000000010004938                __binary_info_start = .

.binary_info    0x0000000010004938       0x20
 *(.binary_info.keep.*)
 .binary_info.keep.__bi_ptr26
                0x0000000010004938        0x4 CMakeFiles/turtlebot3_pico_fw.dir/home/jedld/pico-sdk/src/rp2_common/pico_standard_binary_info/standard_binary_info.c.o
 .binary_info.keep.__bi_ptr34
                0x000000001000493c        0x4 CMakeFiles/turtlebot3_pico_fw.dir/home/jedld/pico-sdk/src/rp2_common/pico_standard_binary_info/standard_binary_info.c.o
 .binary_info.keep.__bi_ptr42
                0x0000000010004940        0x4 CMakeFiles/turtlebot3_pico_fw.dir/home/jedld/pico-sdk/src/rp2_common/pico_standard_binary_info/standard_binary_info.c.o
 .binary_info.keep.__bi_ptr48
                0x0000000010004944        0x4 CMakeFiles/turtlebot3_pico_fw.dir/home/jedld/pico-sdk/src/rp2_common/pico_standard_binary_info/standard_binary_info.c.o
 .binary_info.keep.__bi_ptr54
                0x0000000010004948        0x4 CMakeFiles/turtlebot3_pico_fw.dir/home/jedld/pico-sdk/src/rp2_common/pico_standard_binary_info/standard_binary_info.c.o
 .binary_info.keep.__bi_ptr78
                0x000000001000494c        0x4 CMakeFiles/turtlebot3_pico_fw.dir/home/jedld/pico-sdk/src/rp2_common/pico_standard_binary_info/standard_binary_info.c.o
 .binary_info.keep.__bi_ptr84
                0x0000000010004950        0x4 CMakeFiles/turtlebot3_pico_fw.dir/home/jedld/pico-sdk/src/rp2_common/pico_standard_binary_info/standard_binary_info.c.o
 .binary_info.keep.__bi_ptr153
                0x0000000010004954        0x4 CMakeFiles/turtlebot3_pico_fw.dir/home/jedld/pico-sdk/lib/tinyusb/hw/bsp/rp2040/family.c.o
 *(.binary_info.*)
                0x0000000010004958                __binary_info_end = .
                0x0000000010004958                . = ALIGN (0x4)

.ram_vector_table
                0x0000000020000000      0x110
 *(.ram_vector_table)
 .ram_vector_table
                0x0000000020000000      0x110 CMakeFiles/turtlebot3_pico_fw.dir/home/jedld/pico-sdk/src/rp2_common/pico_runtime_init/runtime_init.c.o
                0x0000000020000000                ram_vector_table

.uninitialized_data
                0x0000000020000110        0x0
                0x0000000020000110                . = ALIGN (0x4)
 *(.uninitialized_data*)

.data           0x0000000020000110     0x102c load address 0x0000000010004958
                0x0000000020000110                __data_start__ = .
 *(vtable)
 *(.time_critical*)
 .time_critical.mutex_enter_block_until
                0x0000000020000110       0x6c CMakeFiles/turtlebot3_pico_fw.dir/home/jedld/pico-sdk/src/common/pico_sync/mutex.c.o
                0x0000000020000110                mutex_enter_block_until
 .time_critical.mutex_try_enter_block_until
                0x000000002000017c       0x6c CMakeFiles/turtlebot3_pico_fw.dir/home/jedld/pico-sdk/src/common/pico_sync/mutex.c.o
                0x000000002000017c                mutex_try_enter_block_until
 .time_critical.mutex_enter_timeout_ms
                0x00000000200001e8       0x2c CMakeFiles/turtlebot3_pico_fw.dir/home/jedld/pico-sdk/src/common/pico_sync/mutex.c.o
                0x00000000200001e8                mutex_enter_timeout_ms
 .time_critical.mutex_exit
                0x0000000020000214       0x3c CMakeFiles/turtlebot3_pico_fw.dir/home/jedld/pico-sdk/src/common/pico_sync/mutex.c.o
                0x0000000020000214                mutex_exit
 .time_critical.reset_non_control_endpoints
                0x0000000020000250       0x64 CMakeFiles/turtlebot3_pico_fw.dir/home/jedld/pico-sdk/lib/tinyusb/src/portable/raspberrypi/rp2040/dcd_rp2040.c.o
 .time_critical.hw_handle_buff_status
                0x00000000200002b4       0xa0 CMakeFiles/turtlebot3_pico_fw.dir/home/jedld/pico-sdk/lib/tinyusb/src/portable/raspberrypi/rp2040/dcd_rp2040.c.o
 .time_critical.dcd_rp2040_irq
                0x0000000020000354      0x4f8 CMakeFiles/turtlebot3_pico_fw.dir/home/jedld/pico-sdk/lib/tinyusb/src/portable/raspberrypi/rp2040/dcd_rp2040.c.o
 .time_critical.prepare_ep_buffer
                0x000000002000084c       0xc8 CMakeFiles/turtlebot3_pico_fw.dir/home/jedld/pico-sdk/lib/tinyusb/src/portable/raspberrypi/rp2040/rp2040_usb.c.o
 .time_critical.sync_ep_buffer
                0x0000000020000914       0xb8 CMakeFiles/turtlebot3_pico_fw.dir/home/jedld/pico-sdk/lib/tinyusb/src/portable/raspberrypi/rp2040/rp2040_usb.c.o
 .time_critical._hw_endpoint_xfer_sync
                0x00000000200009cc       0x2c CMakeFiles/turtlebot3_pico_fw.dir/home/jedld/pico-sdk/lib/tinyusb/src/portable/raspberrypi/rp2040/rp2040_usb.c.o
 .time_critical.e15_is_bulkin_ep
                0x00000000200009f8       0x28 CMakeFiles/turtlebot3_pico_fw.dir/home/jedld/pico-sdk/lib/tinyusb/src/portable/raspberrypi/rp2040/rp2040_usb.c.o
 .time_critical.e15_is_critical_frame_period
                0x0000000020000a20       0x28 CMakeFiles/turtlebot3_pico_fw.dir/home/jedld/pico-sdk/lib/tinyusb/src/portable/raspberrypi/rp2040/rp2040_usb.c.o
 .time_critical.hw_endpoint_reset_transfer
                0x0000000020000a48        0xc CMakeFiles/turtlebot3_pico_fw.dir/home/jedld/pico-sdk/lib/tinyusb/src/portable/raspberrypi/rp2040/rp2040_usb.c.o
                0x0000000020000a48                hw_endpoint_reset_transfer
 .time_critical._hw_endpoint_buffer_control_update32
                0x0000000020000a54       0x44 CMakeFiles/turtlebot3_pico_fw.dir/home/jedld/pico-sdk/lib/tinyusb/src/portable/raspberrypi/rp2040/rp2040_usb.c.o
                0x0000000020000a54                _hw_endpoint_buffer_control_update32
 .time_critical.hw_endpoint_start_next_buffer
                0x0000000020000a98       0x64 CMakeFiles/turtlebot3_pico_fw.dir/home/jedld/pico-sdk/lib/tinyusb/src/portable/raspberrypi/rp2040/rp2040_usb.c.o
                0x0000000020000a98                hw_endpoint_start_next_buffer
 .time_critical.hw_endpoint_xfer_continue
                0x0000000020000afc       0x40 CMakeFiles/turtlebot3_pico_fw.dir/home/jedld/pico-sdk/lib/tinyusb/src/portable/raspberrypi/rp2040/rp2040_usb.c.o
                0x0000000020000afc                hw_endpoint_xfer_continue
 .time_critical.tinyusb
                0x0000000020000b3c      0x214 CMakeFiles/turtlebot3_pico_fw.dir/home/jedld/pico-sdk/lib/tinyusb/src/device/usbd.c.o
                0x0000000020000b3c                dcd_event_handler
 *(.text*)
 .text          0x0000000020000d50       0x30 /usr/lib/gcc/arm-none-eabi/10.3.1/thumb/v8-m.main+fp/softfp/libgcc.a(_aeabi_uldivmod.o)
                0x0000000020000d50                __aeabi_uldivmod
 .text          0x0000000020000d80      0x2ec /usr/lib/gcc/arm-none-eabi/10.3.1/thumb/v8-m.main+fp/softfp/libgcc.a(_udivmoddi4.o)
                0x0000000020000d80                __udivmoddi4
 .text          0x000000002000106c        0x4 /usr/lib/gcc/arm-none-eabi/10.3.1/thumb/v8-m.main+fp/softfp/libgcc.a(_dvmd_tls.o)
                0x000000002000106c                __aeabi_ldiv0
                0x000000002000106c                __aeabi_idiv0
 .text.__stub   0x0000000020001070       0x30 linker stubs
                0x00000000200010a0                . = ALIGN (0x4)
 *(.rodata*)
                0x00000000200010a0                . = ALIGN (0x4)
 *(.data*)
 .data.mel_last_trigger
                0x00000000200010a0        0x1 CMakeFiles/turtlebot3_pico_fw.dir/main.c.o
 *fill*         0x00000000200010a1        0x3 
 .data.vbatt_filtered
                0x00000000200010a4        0x4 CMakeFiles/turtlebot3_pico_fw.dir/main.c.o
 .data.striped_spin_lock_num
                0x00000000200010a8        0x1 CMakeFiles/turtlebot3_pico_fw.dir/home/jedld/pico-sdk/src/rp2_common/hardware_sync/sync.c.o
 *fill*         0x00000000200010a9        0x3 
 .data          0x00000000200010ac       0x48 CMakeFiles/turtlebot3_pico_fw.dir/home/jedld/pico-sdk/src/rp2_common/hardware_irq/irq_handler_chain.S.o
                0x00000000200010ac                irq_handler_chain_slots
                0x00000000200010dc                irq_handler_chain_first_slot
                0x00000000200010e6                irq_handler_chain_remove_tail
 .data.default_alarm_pool
                0x00000000200010f4       0x18 CMakeFiles/turtlebot3_pico_fw.dir/home/jedld/pico-sdk/src/common/pico_time/time.c.o
 .data._usbd_qdef
                0x000000002000110c       0x1c CMakeFiles/turtlebot3_pico_fw.dir/home/jedld/pico-sdk/lib/tinyusb/src/device/usbd.c.o
                0x000000002000110c                _usbd_qdef
 .data._usbd_rhport
                0x0000000020001128        0x1 CMakeFiles/turtlebot3_pico_fw.dir/home/jedld/pico-sdk/lib/tinyusb/src/device/usbd.c.o
 *(.sdata*)
                0x000000002000112c                . = ALIGN (0x4)
 *fill*         0x0000000020001129        0x3 
 *(.after_data.*)
                0x000000002000112c                . = ALIGN (0x4)
                0x000000002000112c                PROVIDE (__mutex_array_start = .)
 *(SORT_BY_NAME(.mutex_array.*))
 *(.mutex_array)
 .mutex_array   0x000000002000112c        0x8 CMakeFiles/turtlebot3_pico_fw.dir/home/jedld/pico-sdk/src/rp2_common/pico_malloc/malloc.c.o
 .mutex_array   0x0000000020001134        0x8 CMakeFiles/turtlebot3_pico_fw.dir/home/jedld/pico-sdk/src/rp2_common/pico_stdio/stdio.c.o
                0x000000002000113c                PROVIDE (__mutex_array_end = .)
 *(.jcr)
                0x000000002000113c                . = ALIGN (0x4)

.tm_clone_table
                0x000000002000113c        0x0 load address 0x0000000010005984
 .tm_clone_table
                0x000000002000113c        0x0 /usr/lib/gcc/arm-none-eabi/10.3.1/thumb/v8-m.main+fp/softfp/crtbegin.o
 .tm_clone_table
                0x000000002000113c        0x0 /usr/lib/gcc/arm-none-eabi/10.3.1/thumb/v8-m.main+fp/softfp/crtend.o

.igot.plt       0x000000002000113c        0x0 load address 0x0000000010005984
 .igot.plt      0x000000002000113c        0x0 /usr/lib/gcc/arm-none-eabi/10.3.1/thumb/v8-m.main+fp/softfp/crtbegin.o

.tdata          0x000000002000113c        0x0 load address 0x0000000010005984
                0x000000002000113c                . = ALIGN (0x4)
 *(.tdata .tdata.* .gnu.linkonce.td.*)
                0x000000002000113c                __tdata_end = .
                0x000000002000113c                PROVIDE (__data_end__ = .)
                0x0000000010004958                __etext = LOADADDR (.data)

.tbss           0x000000002000113c        0x0 load address 0x0000000010005984
                0x000000002000113c                . = ALIGN (0x4)
                0x000000002000113c                __bss_start__ = .
                0x000000002000113c                __tls_base = .
 *(.tbss .tbss.* .gnu.linkonce.tb.*)
 *(.tcommon)
                0x000000002000113c                __tls_end = .

.bss            0x0000000020001140     0x1148 load address 0x0000000010005984
                0x0000000020001140                . = ALIGN (0x4)
                0x0000000020001140                __tbss_end = .
 *(SORT_BY_ALIGNMENT(SORT_BY_NAME(.bss*)))
 .bss.default_alarm_pool_entries
                0x0000000020001140      0x180 CMakeFiles/turtlebot3_pico_fw.dir/home/jedld/pico-sdk/src/common/pico_time/time.c.o
 .bss.mel_next_us
                0x00000000200012c0        0x8 CMakeFiles/turtlebot3_pico_fw.dir/main.c.o
 .bss.regs      0x00000000200012c8      0x100 CMakeFiles/turtlebot3_pico_fw.dir/main.c.o
 .bss           0x00000000200013c8       0x1c /usr/lib/gcc/arm-none-eabi/10.3.1/thumb/v8-m.main+fp/softfp/crtbegin.o
 .bss._app_driver
                0x00000000200013e4        0x4 CMakeFiles/turtlebot3_pico_fw.dir/home/jedld/pico-sdk/lib/tinyusb/src/device/usbd.c.o
 .bss._cdcd_epbuf
                0x00000000200013e8       0x80 CMakeFiles/turtlebot3_pico_fw.dir/home/jedld/pico-sdk/lib/tinyusb/src/class/cdc/cdc_device.c.o
 .bss._cdcd_fifo_cfg
                0x0000000020001468        0x1 CMakeFiles/turtlebot3_pico_fw.dir/home/jedld/pico-sdk/lib/tinyusb/src/class/cdc/cdc_device.c.o
 *fill*         0x0000000020001469        0x3 
 .bss._cdcd_itf
                0x000000002000146c      0x348 CMakeFiles/turtlebot3_pico_fw.dir/home/jedld/pico-sdk/lib/tinyusb/src/class/cdc/cdc_device.c.o
 .bss._ctrl_epbuf
                0x00000000200017b4       0x40 CMakeFiles/turtlebot3_pico_fw.dir/home/jedld/pico-sdk/lib/tinyusb/src/device/usbd_control.c.o
 .bss._ctrl_xfer
                0x00000000200017f4       0x14 CMakeFiles/turtlebot3_pico_fw.dir/home/jedld/pico-sdk/lib/tinyusb/src/device/usbd_control.c.o
 .bss._desc_str
                0x0000000020001808       0x40 CMakeFiles/turtlebot3_pico_fw.dir/usb_descriptors.c.o
 .bss._sw_spin_locks
                0x0000000020001848       0x20 CMakeFiles/turtlebot3_pico_fw.dir/home/jedld/pico-sdk/src/rp2_common/hardware_sync_spin_lock/sync_spin_lock.c.o
                0x0000000020001848                _sw_spin_locks
 .bss._ubsd_mutexdef
                0x0000000020001868        0x8 CMakeFiles/turtlebot3_pico_fw.dir/home/jedld/pico-sdk/lib/tinyusb/src/device/usbd.c.o
 .bss._usbd_dev
                0x0000000020001870       0x54 CMakeFiles/turtlebot3_pico_fw.dir/home/jedld/pico-sdk/lib/tinyusb/src/device/usbd.c.o
 .bss._usbd_mutex
                0x00000000200018c4        0x4 CMakeFiles/turtlebot3_pico_fw.dir/home/jedld/pico-sdk/lib/tinyusb/src/device/usbd.c.o
 .bss._usbd_q   0x00000000200018c8        0x4 CMakeFiles/turtlebot3_pico_fw.dir/home/jedld/pico-sdk/lib/tinyusb/src/device/usbd.c.o
 .bss._usbd_qdef_buf
                0x00000000200018cc       0xc0 CMakeFiles/turtlebot3_pico_fw.dir/home/jedld/pico-sdk/lib/tinyusb/src/device/usbd.c.o
                0x00000000200018cc                _usbd_qdef_buf
 .bss.claimed   0x000000002000198c        0x4 CMakeFiles/turtlebot3_pico_fw.dir/home/jedld/pico-sdk/src/rp2_common/hardware_sync/sync.c.o
 .bss.claimed   0x0000000020001990        0x2 CMakeFiles/turtlebot3_pico_fw.dir/home/jedld/pico-sdk/src/rp2_common/hardware_timer/timer.c.o
 *fill*         0x0000000020001992        0x2 
 .bss.configured_freq
                0x0000000020001994       0x28 CMakeFiles/turtlebot3_pico_fw.dir/home/jedld/pico-sdk/src/rp2_common/hardware_clocks/clocks.c.o
 .bss.crc_table
                0x00000000200019bc      0x200 CMakeFiles/turtlebot3_pico_fw.dir/main.c.o
 .bss.drivers   0x0000000020001bbc        0x4 CMakeFiles/turtlebot3_pico_fw.dir/home/jedld/pico-sdk/src/rp2_common/pico_stdio/stdio.c.o
 .bss.e15_last_sof
                0x0000000020001bc0        0x4 CMakeFiles/turtlebot3_pico_fw.dir/home/jedld/pico-sdk/lib/tinyusb/src/portable/raspberrypi/rp2040/rp2040_usb.c.o
                0x0000000020001bc0                e15_last_sof
 .bss.filter    0x0000000020001bc4        0x4 CMakeFiles/turtlebot3_pico_fw.dir/home/jedld/pico-sdk/src/rp2_common/pico_stdio/stdio.c.o
 .bss.hw_endpoints
                0x0000000020001bc8      0x400 CMakeFiles/turtlebot3_pico_fw.dir/home/jedld/pico-sdk/lib/tinyusb/src/portable/raspberrypi/rp2040/dcd_rp2040.c.o
 .bss.lazy_vsnprintf
                0x0000000020001fc8        0x4 CMakeFiles/turtlebot3_pico_fw.dir/home/jedld/pico-sdk/src/rp2_common/pico_printf/printf.c.o
 .bss.load_value
                0x0000000020001fcc        0x4 CMakeFiles/turtlebot3_pico_fw.dir/home/jedld/pico-sdk/src/rp2_common/hardware_watchdog/watchdog.c.o
 .bss.mel_seq   0x0000000020001fd0        0x4 CMakeFiles/turtlebot3_pico_fw.dir/main.c.o
 .bss.mel_step_i
                0x0000000020001fd4        0x4 CMakeFiles/turtlebot3_pico_fw.dir/main.c.o
 .bss.next_buffer_ptr
                0x0000000020001fd8        0x4 CMakeFiles/turtlebot3_pico_fw.dir/home/jedld/pico-sdk/lib/tinyusb/src/portable/raspberrypi/rp2040/dcd_rp2040.c.o
 .bss.pkt_buf   0x0000000020001fdc      0x12c CMakeFiles/turtlebot3_pico_fw.dir/main.c.o
 .bss.pkt_pos   0x0000000020002108        0x4 CMakeFiles/turtlebot3_pico_fw.dir/main.c.o
 .bss.pkt_remain
                0x000000002000210c        0x4 CMakeFiles/turtlebot3_pico_fw.dir/main.c.o
 .bss.pools     0x0000000020002110       0x20 CMakeFiles/turtlebot3_pico_fw.dir/home/jedld/pico-sdk/src/common/pico_time/time.c.o
 .bss.pos_left_ticks
                0x0000000020002130        0x4 CMakeFiles/turtlebot3_pico_fw.dir/main.c.o
 .bss.pos_right_ticks
                0x0000000020002134        0x4 CMakeFiles/turtlebot3_pico_fw.dir/main.c.o
 .bss.pwm_chan_buzz
                0x0000000020002138        0x4 CMakeFiles/turtlebot3_pico_fw.dir/main.c.o
 .bss.pwm_slice_buzz
                0x000000002000213c        0x4 CMakeFiles/turtlebot3_pico_fw.dir/main.c.o
 .bss.pwm_slice_m1
                0x0000000020002140        0x4 CMakeFiles/turtlebot3_pico_fw.dir/main.c.o
 .bss.pwm_slice_m2
                0x0000000020002144        0x4 CMakeFiles/turtlebot3_pico_fw.dir/main.c.o
 .bss.resp_buf  0x0000000020002148      0x12c CMakeFiles/turtlebot3_pico_fw.dir/main.c.o
 .bss.retrieved_id
                0x0000000020002274        0x8 CMakeFiles/turtlebot3_pico_fw.dir/home/jedld/pico-sdk/src/rp2_common/pico_unique_id/unique_id.c.o
 .bss.sleep_notifier
                0x000000002000227c        0x4 CMakeFiles/turtlebot3_pico_fw.dir/home/jedld/pico-sdk/src/common/pico_time/time.c.o
 .bss._app_driver_count
                0x0000000020002280        0x1 CMakeFiles/turtlebot3_pico_fw.dir/home/jedld/pico-sdk/lib/tinyusb/src/device/usbd.c.o
 .bss._sof_enable
                0x0000000020002281        0x1 CMakeFiles/turtlebot3_pico_fw.dir/home/jedld/pico-sdk/lib/tinyusb/src/portable/raspberrypi/rp2040/dcd_rp2040.c.o
 .bss._usbd_queued_setup
                0x0000000020002282        0x1 CMakeFiles/turtlebot3_pico_fw.dir/home/jedld/pico-sdk/lib/tinyusb/src/device/usbd.c.o
 .bss.irq_handler_chain_free_slot_head
                0x0000000020002283        0x1 CMakeFiles/turtlebot3_pico_fw.dir/home/jedld/pico-sdk/src/rp2_common/hardware_irq/irq.c.o
 .bss.ps        0x0000000020002284        0x1 CMakeFiles/turtlebot3_pico_fw.dir/main.c.o
 .bss.vbatt_low_alerted
                0x0000000020002285        0x1 CMakeFiles/turtlebot3_pico_fw.dir/main.c.o
 *(COMMON)
                [!provide]                        PROVIDE (__global_pointer$ = (. + 0x800))
 *(.sbss*)
                0x0000000020002288                . = ALIGN (0x4)
 *fill*         0x0000000020002286        0x2 
                0x0000000020002288                __bss_end__ = .

.heap           0x0000000020002288      0x800 load address 0x0000000010005984
                0x0000000020002288                __end__ = .
                0x0000000020002288                end = __end__
 *(.heap*)
 .heap          0x0000000020002288      0x800 CMakeFiles/turtlebot3_pico_fw.dir/home/jedld/pico-sdk/src/rp2_common/pico_crt0/crt0.S.o
                0x0000000020080000                __HeapLimit = (ORIGIN (RAM) + LENGTH (RAM))

.scratch_x      0x0000000020080000        0x0 load address 0x0000000010005984
                0x0000000020080000                __scratch_x_start__ = .
 *(.scratch_x.*)
                0x0000000020080000                . = ALIGN (0x4)
                0x0000000020080000                __scratch_x_end__ = .
                0x0000000010005984                __scratch_x_source__ = LOADADDR (.scratch_x)

.scratch_y      0x0000000020081000        0x0 load address 0x0000000010005984
                0x0000000020081000                __scratch_y_start__ = .
 *(.scratch_y.*)
                0x0000000020081000                . = ALIGN (0x4)
                0x0000000020081000                __scratch_y_end__ = .
                0x0000000010005984                __scratch_y_source__ = LOADADDR (.scratch_y)

.stack1_dummy   0x0000000020080000      0x800
 *(.stack1*)
 .stack1        0x0000000020080000      0x800 CMakeFiles/turtlebot3_pico_fw.dir/home/jedld/pico-sdk/src/rp2_common/pico_multicore/multicore.c.o

.stack_dummy    0x0000000020081000      0x800
 *(.stack*)
 .stack         0x0000000020081000      0x800 CMakeFiles/turtlebot3_pico_fw.dir/home/jedld/pico-sdk/src/rp2_common/pico_crt0/crt0.S.o

.flash_end      0x0000000010005984       0x14
 *(.embedded_end_block*)
 .embedded_end_block
                0x0000000010005984       0x14 CMakeFiles/turtlebot3_pico_fw.dir/home/jedld/pico-sdk/src/rp2_common/pico_crt0/crt0.S.o
                0x0000000010005998                PROVIDE (__flash_binary_end = .)
                0x0000000020080000                __StackLimit = (ORIGIN (RAM) + LENGTH (RAM))
                0x0000000020081000                __StackOneTop = (ORIGIN (SCRATCH_X) + LENGTH (SCRATCH_X))
                0x0000000020082000                __StackTop = (ORIGIN (SCRATCH_Y) + LENGTH (SCRATCH_Y))
                0x0000000020080800                __StackOneBottom = (__StackOneTop - SIZEOF (.stack1_dummy))
                0x0000000020081800                __StackBottom = (__StackTop - SIZEOF (.stack_dummy))
                0x0000000020082000                PROVIDE (__stack = __StackTop)
                [!provide]                        PROVIDE (__heap_start = __end__)
                [!provide]                        PROVIDE (__heap_end = __HeapLimit)
                [!provide]                        PROVIDE (__tls_align = MAX (ALIGNOF (.tdata), ALIGNOF (.tbss)))
                [!provide]                        PROVIDE (__tls_size_align = (((__tls_size + __tls_align) - 0x1) & ~ ((__tls_align - 0x1))))
                [!provide]                        PROVIDE (__arm32_tls_tcb_offset = MAX (0x8, __tls_align))
                [!provide]                        PROVIDE (_end = __end__)
                [!provide]                        PROVIDE (__llvm_libc_heap_limit = __HeapLimit)
                0x0000000000000001                ASSERT ((__StackLimit >= __HeapLimit), region RAM overflowed)
                0x0000000000000001                ASSERT (((__binary_info_header_end - __logical_binary_start) <= 0x400), Binary info must be in first 1024 bytes of the binary)
                0x0000000000000001                ASSERT (((__embedded_block_end - __logical_binary_start) <= 0x1000), Embedded block must be in first 4096 bytes of the binary)
LOAD CMakeFiles/turtlebot3_pico_fw.dir/main.c.o
LOAD CMakeFiles/turtlebot3_pico_fw.dir/usb_descriptors.c.o
LOAD CMakeFiles/turtlebot3_pico_fw.dir/home/jedld/pico-sdk/src/rp2_common/pico_stdlib/stdlib.c.o
LOAD CMakeFiles/turtlebot3_pico_fw.dir/home/jedld/pico-sdk/src/rp2_common/hardware_gpio/gpio.c.o
LOAD CMakeFiles/turtlebot3_pico_fw.dir/home/jedld/pico-sdk/src/rp2350/pico_platform/platform.c.o
LOAD CMakeFiles/turtlebot3_pico_fw.dir/home/jedld/pico-sdk/src/rp2_common/pico_platform_panic/panic.c.o
LOAD CMakeFiles/turtlebot3_pico_fw.dir/home/jedld/pico-sdk/src/common/hardware_claim/claim.c.o
LOAD CMakeFiles/turtlebot3_pico_fw.dir/home/jedld/pico-sdk/src/rp2_common/hardware_sync/sync.c.o
LOAD CMakeFiles/turtlebot3_pico_fw.dir/home/jedld/pico-sdk/src/rp2_common/hardware_sync_spin_lock/sync_spin_lock.c.o
LOAD CMakeFiles/turtlebot3_pico_fw.dir/home/jedld/pico-sdk/src/rp2_common/hardware_irq/irq.c.o
LOAD CMakeFiles/turtlebot3_pico_fw.dir/home/jedld/pico-sdk/src/rp2_common/hardware_irq/irq_handler_chain.S.o
LOAD CMakeFiles/turtlebot3_pico_fw.dir/home/jedld/pico-sdk/src/common/pico_sync/sem.c.o
LOAD CMakeFiles/turtlebot3_pico_fw.dir/home/jedld/pico-sdk/src/common/pico_sync/lock_core.c.o
LOAD CMakeFiles/turtlebot3_pico_fw.dir/home/jedld/pico-sdk/src/common/pico_sync/mutex.c.o
LOAD CMakeFiles/turtlebot3_pico_fw.dir/home/jedld/pico-sdk/src/common/pico_sync/critical_section.c.o
LOAD CMakeFiles/turtlebot3_pico_fw.dir/home/jedld/pico-sdk/src/common/pico_time/time.c.o
LOAD CMakeFiles/turtlebot3_pico_fw.dir/home/jedld/pico-sdk/src/common/pico_time/timeout_helper.c.o
LOAD CMakeFiles/turtlebot3_pico_fw.dir/home/jedld/pico-sdk/src/rp2_common/hardware_timer/timer.c.o
LOAD CMakeFiles/turtlebot3_pico_fw.dir/home/jedld/pico-sdk/src/common/pico_util/datetime.c.o
LOAD CMakeFiles/turtlebot3_pico_fw.dir/home/jedld/pico-sdk/src/common/pico_util/pheap.c.o
LOAD CMakeFiles/turtlebot3_pico_fw.dir/home/jedld/pico-sdk/src/common/pico_util/queue.c.o
LOAD CMakeFiles/turtlebot3_pico_fw.dir/home/jedld/pico-sdk/src/rp2_common/hardware_uart/uart.c.o
LOAD CMakeFiles/turtlebot3_pico_fw.dir/home/jedld/pico-sdk/src/rp2_common/hardware_clocks/clocks.c.o
LOAD CMakeFiles/turtlebot3_pico_fw.dir/home/jedld/pico-sdk/src/rp2_common/hardware_pll/pll.c.o
LOAD CMakeFiles/turtlebot3_pico_fw.dir/home/jedld/pico-sdk/src/rp2_common/hardware_vreg/vreg.c.o
LOAD CMakeFiles/turtlebot3_pico_fw.dir/home/jedld/pico-sdk/src/rp2_common/hardware_watchdog/watchdog.c.o
LOAD CMakeFiles/turtlebot3_pico_fw.dir/home/jedld/pico-sdk/src/rp2_common/hardware_ticks/ticks.c.o
LOAD CMakeFiles/turtlebot3_pico_fw.dir/home/jedld/pico-sdk/src/rp2_common/pico_bootrom/bootrom.c.o
LOAD CMakeFiles/turtlebot3_pico_fw.dir/home/jedld/pico-sdk/src/rp2_common/pico_bootrom/bootrom_lock.c.o
LOAD CMakeFiles/turtlebot3_pico_fw.dir/home/jedld/pico-sdk/src/rp2_common/hardware_boot_lock/boot_lock.c.o
LOAD CMakeFiles/turtlebot3_pico_fw.dir/home/jedld/pico-sdk/src/rp2_common/pico_flash/flash.c.o
LOAD CMakeFiles/turtlebot3_pico_fw.dir/home/jedld/pico-sdk/src/rp2_common/hardware_xosc/xosc.c.o
LOAD CMakeFiles/turtlebot3_pico_fw.dir/home/jedld/pico-sdk/src/rp2_common/hardware_divider/divider.c.o
LOAD CMakeFiles/turtlebot3_pico_fw.dir/home/jedld/pico-sdk/src/rp2_common/pico_runtime/runtime.c.o
LOAD CMakeFiles/turtlebot3_pico_fw.dir/home/jedld/pico-sdk/src/rp2_common/pico_runtime_init/runtime_init.c.o
LOAD CMakeFiles/turtlebot3_pico_fw.dir/home/jedld/pico-sdk/src/rp2_common/pico_runtime_init/runtime_init_clocks.c.o
LOAD CMakeFiles/turtlebot3_pico_fw.dir/home/jedld/pico-sdk/src/rp2_common/pico_runtime_init/runtime_init_stack_guard.c.o
LOAD CMakeFiles/turtlebot3_pico_fw.dir/home/jedld/pico-sdk/src/rp2_common/pico_bit_ops/bit_ops_aeabi.S.o
LOAD CMakeFiles/turtlebot3_pico_fw.dir/home/jedld/pico-sdk/src/rp2_common/pico_divider/divider_compiler.c.o
LOAD CMakeFiles/turtlebot3_pico_fw.dir/home/jedld/pico-sdk/src/rp2_common/pico_double/double_math.c.o
LOAD CMakeFiles/turtlebot3_pico_fw.dir/home/jedld/pico-sdk/src/rp2_common/pico_double/double_aeabi_dcp.S.o
LOAD CMakeFiles/turtlebot3_pico_fw.dir/home/jedld/pico-sdk/src/rp2_common/pico_double/double_fma_dcp.S.o
LOAD CMakeFiles/turtlebot3_pico_fw.dir/home/jedld/pico-sdk/src/rp2_common/pico_double/double_sci_m33.S.o
LOAD CMakeFiles/turtlebot3_pico_fw.dir/home/jedld/pico-sdk/src/rp2_common/pico_double/double_conv_m33.S.o
LOAD CMakeFiles/turtlebot3_pico_fw.dir/home/jedld/pico-sdk/src/rp2_common/pico_float/float_math.c.o
LOAD CMakeFiles/turtlebot3_pico_fw.dir/home/jedld/pico-sdk/src/rp2_common/pico_float/float_conv32_vfp.S.o
LOAD CMakeFiles/turtlebot3_pico_fw.dir/home/jedld/pico-sdk/src/rp2_common/pico_float/float_common_m33.S.o
LOAD CMakeFiles/turtlebot3_pico_fw.dir/home/jedld/pico-sdk/src/rp2_common/pico_float/float_sci_m33_vfp.S.o
LOAD CMakeFiles/turtlebot3_pico_fw.dir/home/jedld/pico-sdk/src/rp2_common/pico_malloc/malloc.c.o
LOAD CMakeFiles/turtlebot3_pico_fw.dir/home/jedld/pico-sdk/src/rp2_common/pico_atomic/atomic.c.o
LOAD CMakeFiles/turtlebot3_pico_fw.dir/home/jedld/pico-sdk/src/rp2_common/pico_cxx_options/new_delete.cpp.o
LOAD CMakeFiles/turtlebot3_pico_fw.dir/home/jedld/pico-sdk/src/rp2_common/pico_standard_binary_info/standard_binary_info.c.o
LOAD CMakeFiles/turtlebot3_pico_fw.dir/home/jedld/pico-sdk/src/rp2_common/pico_printf/printf.c.o
LOAD CMakeFiles/turtlebot3_pico_fw.dir/home/jedld/pico-sdk/src/rp2_common/pico_crt0/crt0.S.o
LOAD CMakeFiles/turtlebot3_pico_fw.dir/home/jedld/pico-sdk/src/rp2_common/pico_clib_interface/newlib_interface.c.o
LOAD CMakeFiles/turtlebot3_pico_fw.dir/home/jedld/pico-sdk/src/rp2_common/pico_stdio/stdio.c.o
LOAD CMakeFiles/turtlebot3_pico_fw.dir/home/jedld/pico-sdk/src/rp2_common/hardware_adc/adc.c.o
LOAD CMakeFiles/turtlebot3_pico_fw.dir/home/jedld/pico-sdk/lib/tinyusb/src/portable/raspberrypi/rp2040/dcd_rp2040.c.o
LOAD CMakeFiles/turtlebot3_pico_fw.dir/home/jedld/pico-sdk/lib/tinyusb/src/portable/raspberrypi/rp2040/rp2040_usb.c.o
LOAD CMakeFiles/turtlebot3_pico_fw.dir/home/jedld/pico-sdk/lib/tinyusb/src/device/usbd.c.o
LOAD CMakeFiles/turtlebot3_pico_fw.dir/home/jedld/pico-sdk/lib/tinyusb/src/device/usbd_control.c.o
LOAD CMakeFiles/turtlebot3_pico_fw.dir/home/jedld/pico-sdk/lib/tinyusb/src/class/audio/audio_device.c.o
LOAD CMakeFiles/turtlebot3_pico_fw.dir/home/jedld/pico-sdk/lib/tinyusb/src/class/cdc/cdc_device.c.o
LOAD CMakeFiles/turtlebot3_pico_fw.dir/home/jedld/pico-sdk/lib/tinyusb/src/class/dfu/dfu_device.c.o
LOAD CMakeFiles/turtlebot3_pico_fw.dir/home/jedld/pico-sdk/lib/tinyusb/src/class/dfu/dfu_rt_device.c.o
LOAD CMakeFiles/turtlebot3_pico_fw.dir/home/jedld/pico-sdk/lib/tinyusb/src/class/hid/hid_device.c.o
LOAD CMakeFiles/turtlebot3_pico_fw.dir/home/jedld/pico-sdk/lib/tinyusb/src/class/midi/midi_device.c.o
LOAD CMakeFiles/turtlebot3_pico_fw.dir/home/jedld/pico-sdk/lib/tinyusb/src/class/msc/msc_device.c.o
LOAD CMakeFiles/turtlebot3_pico_fw.dir/home/jedld/pico-sdk/lib/tinyusb/src/class/net/ecm_rndis_device.c.o
LOAD CMakeFiles/turtlebot3_pico_fw.dir/home/jedld/pico-sdk/lib/tinyusb/src/class/net/ncm_device.c.o
LOAD CMakeFiles/turtlebot3_pico_fw.dir/home/jedld/pico-sdk/lib/tinyusb/src/class/usbtmc/usbtmc_device.c.o
LOAD CMakeFiles/turtlebot3_pico_fw.dir/home/jedld/pico-sdk/lib/tinyusb/src/class/vendor/vendor_device.c.o
LOAD CMakeFiles/turtlebot3_pico_fw.dir/home/jedld/pico-sdk/lib/tinyusb/src/class/video/video_device.c.o
LOAD CMakeFiles/turtlebot3_pico_fw.dir/home/jedld/pico-sdk/lib/tinyusb/src/tusb.c.o
LOAD CMakeFiles/turtlebot3_pico_fw.dir/home/jedld/pico-sdk/lib/tinyusb/src/common/tusb_fifo.c.o
LOAD CMakeFiles/turtlebot3_pico_fw.dir/home/jedld/pico-sdk/src/rp2_common/pico_fix/rp2040_usb_device_enumeration/rp2040_usb_device_enumeration.c.o
LOAD CMakeFiles/turtlebot3_pico_fw.dir/home/jedld/pico-sdk/lib/tinyusb/hw/bsp/rp2040/family.c.o
LOAD CMakeFiles/turtlebot3_pico_fw.dir/home/jedld/pico-sdk/src/rp2_common/pico_unique_id/unique_id.c.o
LOAD CMakeFiles/turtlebot3_pico_fw.dir/home/jedld/pico-sdk/src/rp2_common/hardware_flash/flash.c.o
LOAD CMakeFiles/turtlebot3_pico_fw.dir/home/jedld/pico-sdk/src/rp2_common/hardware_xip_cache/xip_cache.c.o
LOAD CMakeFiles/turtlebot3_pico_fw.dir/home/jedld/pico-sdk/src/rp2_common/pico_multicore/multicore.c.o
LOAD pico-sdk/src/rp2350/boot_stage2/CMakeFiles/bs2_default_library.dir/./bs2_default_padded_checksummed.S.o
LOAD /usr/lib/gcc/arm-none-eabi/10.3.1/../../../arm-none-eabi/lib/thumb/v8-m.main+fp/softfp/libstdc++.a
LOAD /usr/lib/gcc/arm-none-eabi/10.3.1/../../../arm-none-eabi/lib/thumb/v8-m.main+fp/softfp/libm.a
START GROUP
LOAD /usr/lib/gcc/arm-none-eabi/10.3.1/thumb/v8-m.main+fp/softfp/libgcc.a
LOAD /usr/lib/gcc/arm-none-eabi/10.3.1/../../../arm-none-eabi/lib/thumb/v8-m.main+fp/softfp/libg.a
LOAD /usr/lib/gcc/arm-none-eabi/10.3.1/../../../arm-none-eabi/lib/thumb/v8-m.main+fp/softfp/libc.a
END GROUP
START GROUP
LOAD /usr/lib/gcc/arm-none-eabi/10.3.1/thumb/v8-m.main+fp/softfp/libgcc.a
LOAD /usr/lib/gcc/arm-none-eabi/10.3.1/../../../arm-none-eabi/lib/thumb/v8-m.main+fp/softfp/libc.a
LOAD /usr/lib/gcc/arm-none-eabi/10.3.1/../../../arm-none-eabi/lib/thumb/v8-m.main+fp/softfp/libnosys.a
END GROUP
LOAD /usr/lib/gcc/arm-none-eabi/10.3.1/thumb/v8-m.main+fp/softfp/crtend.o
LOAD /usr/lib/gcc/arm-none-eabi/10.3.1/thumb/v8-m.main+fp/softfp/crtn.o
OUTPUT(turtlebot3_pico_fw.elf elf32-littlearm)
LOAD linker stubs

.rel.dyn        0x0000000010005998        0x0
 .rel.iplt      0x0000000010005998        0x0 /usr/lib/gcc/arm-none-eabi/10.3.1/thumb/v8-m.main+fp/softfp/crtbegin.o

.ARM.attributes
                0x0000000000000000       0x34
 .ARM.attributes
                0x0000000000000000       0x22 /usr/lib/gcc/arm-none-eabi/10.3.1/thumb/v8-m.main+fp/softfp/crti.o
 .ARM.attributes
                0x0000000000000022       0x36 /usr/lib/gcc/arm-none-eabi/10.3.1/thumb/v8-m.main+fp/softfp/crtbegin.o
 .ARM.attributes
                0x0000000000000058       0x38 CMakeFiles/turtlebot3_pico_fw.dir/main.c.o
 .ARM.attributes
                0x0000000000000090       0x38 CMakeFiles/turtlebot3_pico_fw.dir/usb_descriptors.c.o
 .ARM.attributes
                0x00000000000000c8       0x38 CMakeFiles/turtlebot3_pico_fw.dir/home/jedld/pico-sdk/src/rp2_common/hardware_gpio/gpio.c.o
 .ARM.attributes
                0x0000000000000100       0x38 CMakeFiles/turtlebot3_pico_fw.dir/home/jedld/pico-sdk/src/rp2_common/pico_platform_panic/panic.c.o
 .ARM.attributes
                0x0000000000000138       0x38 CMakeFiles/turtlebot3_pico_fw.dir/home/jedld/pico-sdk/src/common/hardware_claim/claim.c.o
 .ARM.attributes
                0x0000000000000170       0x38 CMakeFiles/turtlebot3_pico_fw.dir/home/jedld/pico-sdk/src/rp2_common/hardware_sync/sync.c.o
 .ARM.attributes
                0x00000000000001a8       0x38 CMakeFiles/turtlebot3_pico_fw.dir/home/jedld/pico-sdk/src/rp2_common/hardware_sync_spin_lock/sync_spin_lock.c.o
 .ARM.attributes
                0x00000000000001e0       0x38 CMakeFiles/turtlebot3_pico_fw.dir/home/jedld/pico-sdk/src/rp2_common/hardware_irq/irq.c.o
 .ARM.attributes
                0x0000000000000218       0x28 CMakeFiles/turtlebot3_pico_fw.dir/home/jedld/pico-sdk/src/rp2_common/hardware_irq/irq_handler_chain.S.o
 .ARM.attributes
                0x0000000000000240       0x38 CMakeFiles/turtlebot3_pico_fw.dir/home/jedld/pico-sdk/src/common/pico_sync/lock_core.c.o
 .ARM.attributes
                0x0000000000000278       0x38 CMakeFiles/turtlebot3_pico_fw.dir/home/jedld/pico-sdk/src/common/pico_sync/mutex.c.o
 .ARM.attributes
                0x00000000000002b0       0x38 CMakeFiles/turtlebot3_pico_fw.dir/home/jedld/pico-sdk/src/common/pico_sync/critical_section.c.o
 .ARM.attributes
                0x00000000000002e8       0x38 CMakeFiles/turtlebot3_pico_fw.dir/home/jedld/pico-sdk/src/common/pico_time/time.c.o
 .ARM.attributes
                0x0000000000000320       0x38 CMakeFiles/turtlebot3_pico_fw.dir/home/jedld/pico-sdk/src/rp2_common/hardware_timer/timer.c.o
 .ARM.attributes
                0x0000000000000358       0x38 CMakeFiles/turtlebot3_pico_fw.dir/home/jedld/pico-sdk/src/rp2_common/hardware_clocks/clocks.c.o
 .ARM.attributes
                0x0000000000000390       0x38 CMakeFiles/turtlebot3_pico_fw.dir/home/jedld/pico-sdk/src/rp2_common/hardware_pll/pll.c.o
 .ARM.attributes
                0x00000000000003c8       0x38 CMakeFiles/turtlebot3_pico_fw.dir/home/jedld/pico-sdk/src/rp2_common/hardware_watchdog/watchdog.c.o
 .ARM.attributes
                0x0000000000000400       0x38 CMakeFiles/turtlebot3_pico_fw.dir/home/jedld/pico-sdk/src/rp2_common/hardware_ticks/ticks.c.o
 .ARM.attributes
                0x0000000000000438       0x38 CMakeFiles/turtlebot3_pico_fw.dir/home/jedld/pico-sdk/src/rp2_common/pico_bootrom/bootrom.c.o
 .ARM.attributes
                0x0000000000000470       0x38 CMakeFiles/turtlebot3_pico_fw.dir/home/jedld/pico-sdk/src/rp2_common/pico_bootrom/bootrom_lock.c.o
 .ARM.attributes
                0x00000000000004a8       0x38 CMakeFiles/turtlebot3_pico_fw.dir/home/jedld/pico-sdk/src/rp2_common/hardware_boot_lock/boot_lock.c.o
 .ARM.attributes
                0x00000000000004e0       0x38 CMakeFiles/turtlebot3_pico_fw.dir/home/jedld/pico-sdk/src/rp2_common/hardware_xosc/xosc.c.o
 .ARM.attributes
                0x0000000000000518       0x38 CMakeFiles/turtlebot3_pico_fw.dir/home/jedld/pico-sdk/src/rp2_common/pico_runtime/runtime.c.o
 .ARM.attributes
                0x0000000000000550       0x38 CMakeFiles/turtlebot3_pico_fw.dir/home/jedld/pico-sdk/src/rp2_common/pico_runtime_init/runtime_init.c.o
 .ARM.attributes
                0x0000000000000588       0x38 CMakeFiles/turtlebot3_pico_fw.dir/home/jedld/pico-sdk/src/rp2_common/pico_runtime_init/runtime_init_clocks.c.o
 .ARM.attributes
                0x00000000000005c0       0x28 CMakeFiles/turtlebot3_pico_fw.dir/home/jedld/pico-sdk/src/rp2_common/pico_float/float_common_m33.S.o
 .ARM.attributes
                0x00000000000005e8       0x38 CMakeFiles/turtlebot3_pico_fw.dir/home/jedld/pico-sdk/src/rp2_common/pico_malloc/malloc.c.o
 .ARM.attributes
                0x0000000000000620       0x38 CMakeFiles/turtlebot3_pico_fw.dir/home/jedld/pico-sdk/src/rp2_common/pico_standard_binary_info/standard_binary_info.c.o
 .ARM.attributes
                0x0000000000000658       0x38 CMakeFiles/turtlebot3_pico_fw.dir/home/jedld/pico-sdk/src/rp2_common/pico_printf/printf.c.o
 .ARM.attributes
                0x0000000000000690       0x28 CMakeFiles/turtlebot3_pico_fw.dir/home/jedld/pico-sdk/src/rp2_common/pico_crt0/crt0.S.o
 .ARM.attributes
                0x00000000000006b8       0x38 CMakeFiles/turtlebot3_pico_fw.dir/home/jedld/pico-sdk/src/rp2_common/pico_clib_interface/newlib_interface.c.o
 .ARM.attributes
                0x00000000000006f0       0x38 CMakeFiles/turtlebot3_pico_fw.dir/home/jedld/pico-sdk/src/rp2_common/pico_stdio/stdio.c.o
 .ARM.attributes
                0x0000000000000728       0x38 CMakeFiles/turtlebot3_pico_fw.dir/home/jedld/pico-sdk/src/rp2_common/hardware_adc/adc.c.o
 .ARM.attributes
                0x0000000000000760       0x38 CMakeFiles/turtlebot3_pico_fw.dir/home/jedld/pico-sdk/lib/tinyusb/src/portable/raspberrypi/rp2040/dcd_rp2040.c.o
 .ARM.attributes
                0x0000000000000798       0x38 CMakeFiles/turtlebot3_pico_fw.dir/home/jedld/pico-sdk/lib/tinyusb/src/portable/raspberrypi/rp2040/rp2040_usb.c.o
 .ARM.attributes
                0x00000000000007d0       0x38 CMakeFiles/turtlebot3_pico_fw.dir/home/jedld/pico-sdk/lib/tinyusb/src/device/usbd.c.o
 .ARM.attributes
                0x0000000000000808       0x38 CMakeFiles/turtlebot3_pico_fw.dir/home/jedld/pico-sdk/lib/tinyusb/src/device/usbd_control.c.o
 .ARM.attributes
                0x0000000000000840       0x38 CMakeFiles/turtlebot3_pico_fw.dir/home/jedld/pico-sdk/lib/tinyusb/src/class/cdc/cdc_device.c.o
 .ARM.attributes
                0x0000000000000878       0x38 CMakeFiles/turtlebot3_pico_fw.dir/home/jedld/pico-sdk/lib/tinyusb/src/tusb.c.o
 .ARM.attributes
                0x00000000000008b0       0x38 CMakeFiles/turtlebot3_pico_fw.dir/home/jedld/pico-sdk/lib/tinyusb/src/common/tusb_fifo.c.o
 .ARM.attributes
                0x00000000000008e8       0x38 CMakeFiles/turtlebot3_pico_fw.dir/home/jedld/pico-sdk/lib/tinyusb/hw/bsp/rp2040/family.c.o
 .ARM.attributes
                0x0000000000000920       0x38 CMakeFiles/turtlebot3_pico_fw.dir/home/jedld/pico-sdk/src/rp2_common/pico_unique_id/unique_id.c.o
 .ARM.attributes
                0x0000000000000958       0x38 CMakeFiles/turtlebot3_pico_fw.dir/home/jedld/pico-sdk/src/rp2_common/pico_multicore/multicore.c.o
 .ARM.attributes
                0x0000000000000990       0x22 /usr/lib/gcc/arm-none-eabi/10.3.1/thumb/v8-m.main+fp/softfp/libgcc.a(_aeabi_uldivmod.o)
 .ARM.attributes
                0x00000000000009b2       0x36 /usr/lib/gcc/arm-none-eabi/10.3.1/thumb/v8-m.main+fp/softfp/libgcc.a(_udivmoddi4.o)
 .ARM.attributes
                0x00000000000009e8       0x22 /usr/lib/gcc/arm-none-eabi/10.3.1/thumb/v8-m.main+fp/softfp/libgcc.a(_dvmd_tls.o)
 .ARM.attributes
                0x0000000000000a0a       0x20 /usr/lib/gcc/arm-none-eabi/10.3.1/../../../arm-none-eabi/lib/thumb/v8-m.main+fp/softfp/libg.a(lib_a-memcpy.o)
 .ARM.attributes
                0x0000000000000a2a       0x36 /usr/lib/gcc/arm-none-eabi/10.3.1/../../../arm-none-eabi/lib/thumb/v8-m.main+fp/softfp/libg.a(lib_a-memset.o)
 .ARM.attributes
                0x0000000000000a60       0x36 /usr/lib/gcc/arm-none-eabi/10.3.1/../../../arm-none-eabi/lib/thumb/v8-m.main+fp/softfp/libg.a(lib_a-strlen-stub.o)
 .ARM.attributes
                0x0000000000000a96       0x34 /usr/lib/gcc/arm-none-eabi/10.3.1/thumb/v8-m.main+fp/softfp/crtend.o

.comment        0x0000000000000000       0x33
 .comment       0x0000000000000000       0x33 /usr/lib/gcc/arm-none-eabi/10.3.1/thumb/v8-m.main+fp/softfp/crtbegin.o
                                         0x34 (size before relaxing)
 .comment       0x0000000000000033       0x34 CMakeFiles/turtlebot3_pico_fw.dir/main.c.o
 .comment       0x0000000000000033       0x34 CMakeFiles/turtlebot3_pico_fw.dir/usb_descriptors.c.o
 .comment       0x0000000000000033       0x34 CMakeFiles/turtlebot3_pico_fw.dir/home/jedld/pico-sdk/src/rp2_common/hardware_gpio/gpio.c.o
 .comment       0x0000000000000033       0x34 CMakeFiles/turtlebot3_pico_fw.dir/home/jedld/pico-sdk/src/rp2_common/pico_platform_panic/panic.c.o
 .comment       0x0000000000000033       0x34 CMakeFiles/turtlebot3_pico_fw.dir/home/jedld/pico-sdk/src/common/hardware_claim/claim.c.o
 .comment       0x0000000000000033       0x34 CMakeFiles/turtlebot3_pico_fw.dir/home/jedld/pico-sdk/src/rp2_common/hardware_sync/sync.c.o
 .comment       0x0000000000000033       0x34 CMakeFiles/turtlebot3_pico_fw.dir/home/jedld/pico-sdk/src/rp2_common/hardware_sync_spin_lock/sync_spin_lock.c.o
 .comment       0x0000000000000033       0x34 CMakeFiles/turtlebot3_pico_fw.dir/home/jedld/pico-sdk/src/rp2_common/hardware_irq/irq.c.o
 .comment       0x0000000000000033       0x34 CMakeFiles/turtlebot3_pico_fw.dir/home/jedld/pico-sdk/src/common/pico_sync/lock_core.c.o
 .comment       0x0000000000000033       0x34 CMakeFiles/turtlebot3_pico_fw.dir/home/jedld/pico-sdk/src/common/pico_sync/mutex.c.o
 .comment       0x0000000000000033       0x34 CMakeFiles/turtlebot3_pico_fw.dir/home/jedld/pico-sdk/src/common/pico_sync/critical_section.c.o
 .comment       0x0000000000000033       0x34 CMakeFiles/turtlebot3_pico_fw.dir/home/jedld/pico-sdk/src/common/pico_time/time.c.o
 .comment       0x0000000000000033       0x34 CMakeFiles/turtlebot3_pico_fw.dir/home/jedld/pico-sdk/src/rp2_common/hardware_timer/timer.c.o
 .comment       0x0000000000000033       0x34 CMakeFiles/turtlebot3_pico_fw.dir/home/jedld/pico-sdk/src/rp2_common/hardware_clocks/clocks.c.o
 .comment       0x0000000000000033       0x34 CMakeFiles/turtlebot3_pico_fw.dir/home/jedld/pico-sdk/src/rp2_common/hardware_pll/pll.c.o
 .comment       0x0000000000000033       0x34 CMakeFiles/turtlebot3_pico_fw.dir/home/jedld/pico-sdk/src/rp2_common/hardware_watchdog/watchdog.c.o
 .comment       0x0000000000000033       0x34 CMakeFiles/turtlebot3_pico_fw.dir/home/jedld/pico-sdk/src/rp2_common/hardware_ticks/ticks.c.o
 .comment       0x0000000000000033       0x34 CMakeFiles/turtlebot3_pico_fw.dir/home/jedld/pico-sdk/src/rp2_common/pico_bootrom/bootrom.c.o
 .comment       0x0000000000000033       0x34 CMakeFiles/turtlebot3_pico_fw.dir/home/jedld/pico-sdk/src/rp2_common/pico_bootrom/bootrom_lock.c.o
 .comment       0x0000000000000033       0x34 CMakeFiles/turtlebot3_pico_fw.dir/home/jedld/pico-sdk/src/rp2_common/hardware_boot_lock/boot_lock.c.o
 .comment       0x0000000000000033       0x34 CMakeFiles/turtlebot3_pico_fw.dir/home/jedld/pico-sdk/src/rp2_common/hardware_xosc/xosc.c.o
 .comment       0x0000000000000033       0x34 CMakeFiles/turtlebot3_pico_fw.dir/home/jedld/pico-sdk/src/rp2_common/pico_runtime/runtime.c.o