Archive member included to satisfy reference by file (symbol)

/usr/lib/gcc/arm-none-eabi/10.3.1/../../../arm-none-eabi/lib/thumb/v8-m.main+fp/softfp/libm.a(lib_a-wf_sqrt.o)
                              CMakeFiles/lds01_emulator.dir/home/jedld/pico-sdk/src/rp2_common/pico_float/float_math.c.o (sqrtf)
/usr/lib/gcc/arm-none-eabi/10.3.1/../../../arm-none-eabi/lib/thumb/v8-m.main+fp/softfp/libm.a(lib_a-ef_sqrt.o)
                              /usr/lib/gcc/arm-none-eabi/10.3.1/../../../arm-none-eabi/lib/thumb/v8-m.main+fp/softfp/libm.a(lib_a-wf_sqrt.o) (__ieee754_sqrtf)
/usr/lib/gcc/arm-none-eabi/10.3.1/../../../arm-none-eabi/lib/thumb/v8-m.main+fp/softfp/libm.a(lib_a-s_lib_ver.o)
                              /usr/lib/gcc/arm-none-eabi/10.3.1/../../../arm-none-eabi/lib/thumb/v8-m.main+fp/softfp/libm.a(lib_a-wf_sqrt.o) (__fdlib_version)
/usr/lib/gcc/arm-none-eabi/10.3.1/thumb/v8-m.main+fp/softfp/libgcc.a(_arm_addsubdf3.o)
                              CMakeFiles/lds01_emulator.dir/main.cpp.o (__aeabi_f2d)
/usr/lib/gcc/arm-none-eabi/10.3.1/thumb/v8-m.main+fp/softfp/libgcc.a(_aeabi_ldivmod.o)
                              CMakeFiles/lds01_emulator.dir/home/jedld/pico-sdk/src/common/pico_time/time.c.o (__aeabi_ldivmod)
/usr/lib/gcc/arm-none-eabi/10.3.1/thumb/v8-m.main+fp/softfp/libgcc.a(_aeabi_uldivmod.o)
                              CMakeFiles/lds01_emulator.dir/home/jedld/pico-sdk/src/rp2_common/hardware_clocks/clocks.c.o (__aeabi_uldivmod)
/usr/lib/gcc/arm-none-eabi/10.3.1/thumb/v8-m.main+fp/softfp/libgcc.a(_udivmoddi4.o)
                              /usr/lib/gcc/arm-none-eabi/10.3.1/thumb/v8-m.main+fp/softfp/libgcc.a(_aeabi_ldivmod.o) (__udivmoddi4)
/usr/lib/gcc/arm-none-eabi/10.3.1/thumb/v8-m.main+fp/softfp/libgcc.a(_dvmd_tls.o)
                              /usr/lib/gcc/arm-none-eabi/10.3.1/thumb/v8-m.main+fp/softfp/libgcc.a(_aeabi_ldivmod.o) (__aeabi_ldiv0)
/usr/lib/gcc/arm-none-eabi/10.3.1/../../../arm-none-eabi/lib/thumb/v8-m.main+fp/softfp/libg.a(lib_a-atexit.o)
                              /usr/lib/gcc/arm-none-eabi/10.3.1/../../../arm-none-eabi/lib/thumb/v8-m.main+fp/softfp/crt0.o (atexit)
/usr/lib/gcc/arm-none-eabi/10.3.1/../../../arm-none-eabi/lib/thumb/v8-m.main+fp/softfp/libg.a(lib_a-calloc.o)
                              CMakeFiles/lds01_emulator.dir/home/jedld/pico-sdk/src/rp2_common/pico_malloc/malloc.c.o (calloc)
/usr/lib/gcc/arm-none-eabi/10.3.1/../../../arm-none-eabi/lib/thumb/v8-m.main+fp/softfp/libg.a(lib_a-callocr.o)
                              /usr/lib/gcc/arm-none-eabi/10.3.1/../../../arm-none-eabi/lib/thumb/v8-m.main+fp/softfp/libg.a(lib_a-calloc.o) (_calloc_r)
/usr/lib/gcc/arm-none-eabi/10.3.1/../../../arm-none-eabi/lib/thumb/v8-m.main+fp/softfp/libg.a(lib_a-errno.o)
                              /usr/lib/gcc/arm-none-eabi/10.3.1/../../../arm-none-eabi/lib/thumb/v8-m.main+fp/softfp/libm.a(lib_a-wf_sqrt.o) (__errno)
/usr/lib/gcc/arm-none-eabi/10.3.1/../../../arm-none-eabi/lib/thumb/v8-m.main+fp/softfp/libg.a(lib_a-fini.o)
                              /usr/lib/gcc/arm-none-eabi/10.3.1/../../../arm-none-eabi/lib/thumb/v8-m.main+fp/softfp/crt0.o (__libc_fini_array)
/usr/lib/gcc/arm-none-eabi/10.3.1/../../../arm-none-eabi/lib/thumb/v8-m.main+fp/softfp/libg.a(lib_a-impure.o)
                              /usr/lib/gcc/arm-none-eabi/10.3.1/../../../arm-none-eabi/lib/thumb/v8-m.main+fp/softfp/libg.a(lib_a-calloc.o) (_impure_ptr)
/usr/lib/gcc/arm-none-eabi/10.3.1/../../../arm-none-eabi/lib/thumb/v8-m.main+fp/softfp/libg.a(lib_a-init.o)
                              /usr/lib/gcc/arm-none-eabi/10.3.1/../../../arm-none-eabi/lib/thumb/v8-m.main+fp/softfp/crt0.o (__libc_init_array)
/usr/lib/gcc/arm-none-eabi/10.3.1/../../../arm-none-eabi/lib/thumb/v8-m.main+fp/softfp/libg.a(lib_a-lcltime_r.o)
                              CMakeFiles/lds01_emulator.dir/home/jedld/pico-sdk/src/common/pico_util/datetime.c.o (localtime_r)
/usr/lib/gcc/arm-none-eabi/10.3.1/../../../arm-none-eabi/lib/thumb/v8-m.main+fp/softfp/libg.a(lib_a-malloc.o)
                              CMakeFiles/lds01_emulator.dir/home/jedld/pico-sdk/src/rp2_common/pico_malloc/malloc.c.o (malloc)
/usr/lib/gcc/arm-none-eabi/10.3.1/../../../arm-none-eabi/lib/thumb/v8-m.main+fp/softfp/libg.a(lib_a-mallocr.o)
                              /usr/lib/gcc/arm-none-eabi/10.3.1/../../../arm-none-eabi/lib/thumb/v8-m.main+fp/softfp/libg.a(lib_a-callocr.o) (_malloc_r)
/usr/lib/gcc/arm-none-eabi/10.3.1/../../../arm-none-eabi/lib/thumb/v8-m.main+fp/softfp/libg.a(lib_a-memcmp.o)
                              CMakeFiles/lds01_emulator.dir/home/jedld/pico-sdk/src/rp2_common/pico_atomic/atomic.c.o (memcmp)
/usr/lib/gcc/arm-none-eabi/10.3.1/../../../arm-none-eabi/lib/thumb/v8-m.main+fp/softfp/libg.a(lib_a-memcpy.o)
                              CMakeFiles/lds01_emulator.dir/home/jedld/pico-sdk/src/common/pico_util/queue.c.o (memcpy)
/usr/lib/gcc/arm-none-eabi/10.3.1/../../../arm-none-eabi/lib/thumb/v8-m.main+fp/softfp/libg.a(lib_a-memset.o)
[...]
Memory Configuration

Name             Origin             Length             Attributes
FLASH            0x0000000010000000 0x0000000000400000 xr
RAM              0x0000000020000000 0x0000000000080000 xrw
SCRATCH_X        0x0000000020080000 0x0000000000001000 xrw
SCRATCH_Y        0x0000000020081000 0x0000000000001000 xrw
*default*        0x0000000000000000 0xffffffffffffffff

Linker script and memory map

LOAD /usr/lib/gcc/arm-none-eabi/10.3.1/thumb/v8-m.main+fp/softfp/crti.o
LOAD /usr/lib/gcc/arm-none-eabi/10.3.1/thumb/v8-m.main+fp/softfp/crtbegin.o
LOAD /usr/lib/gcc/arm-none-eabi/10.3.1/../../../arm-none-eabi/lib/thumb/v8-m.main+fp/softfp/crt0.o

.flash_begin    0x0000000010000000        0x0
                0x0000000010000000                __flash_binary_start = .

.text           0x0000000010000000     0xc7b0
                0x0000000010000000                __logical_binary_start = .
 *(.vectors)
 .vectors       0x0000000010000000      0x124 CMakeFiles/lds01_emulator.dir/home/jedld/pico-sdk/src/rp2_common/pico_crt0/crt0.S.o
                0x0000000010000000                __vectors
                0x0000000010000000                __VECTOR_TABLE
                0x0000000010000110                isr_invalid
                0x0000000010000110                __default_isrs_start
                0x0000000010000112                isr_nmi
                0x0000000010000114                isr_hardfault
                0x0000000010000116                isr_svcall
                0x0000000010000118                isr_pendsv
                0x000000001000011a                isr_systick
                0x000000001000011c                isr_irq30
                0x000000001000011c                __unhandled_user_irq
                0x000000001000011c                isr_irq49
                0x000000001000011c                isr_irq13
                0x000000001000011c                isr_irq43
                0x000000001000011c                isr_irq45
                0x000000001000011c                isr_irq27
                0x000000001000011c                isr_irq32
                0x000000001000011c                isr_irq31
                0x000000001000011c                isr_irq5
                0x000000001000011c                isr_irq11
                0x000000001000011c                isr_irq23
                0x000000001000011c                isr_irq48
                0x000000001000011c                isr_irq35
                0x000000001000011c                isr_irq18
                0x000000001000011c                isr_irq50
                0x000000001000011c                isr_irq40
                0x000000001000011c                isr_irq28
                0x000000001000011c                isr_irq19
                0x000000001000011c                isr_irq36
                0x000000001000011c                isr_irq41
                0x000000001000011c                isr_irq0
                0x000000001000011c                isr_irq6
                0x000000001000011c                isr_irq37
                0x000000001000011c                isr_irq42
                0x000000001000011c                isr_irq22
                0x000000001000011c                isr_irq17
                0x000000001000011c                isr_irq38
                0x000000001000011c                isr_irq14
                0x000000001000011c                isr_irq2
                0x000000001000011c                isr_irq10
                0x000000001000011c                isr_irq8
                0x000000001000011c                isr_irq24
                0x000000001000011c                isr_irq46
                0x000000001000011c                isr_irq1
                0x000000001000011c                isr_irq47
                0x000000001000011c                isr_irq51
                0x000000001000011c                isr_irq7
                0x000000001000011c                isr_irq21
                0x000000001000011c                isr_irq39
                0x000000001000011c                isr_irq20
                0x000000001000011c                isr_irq15
                0x000000001000011c                isr_irq25
                0x000000001000011c                isr_irq34
                0x000000001000011c                isr_irq4
                0x000000001000011c                isr_irq16
                0x000000001000011c                isr_irq44
                0x000000001000011c                isr_irq29
                0x000000001000011c                isr_irq26
                0x000000001000011c                __default_isrs_end
                0x000000001000011c                isr_irq33
                0x000000001000011c                isr_irq3
                0x000000001000011c                isr_irq12
                0x000000001000011c                isr_irq9
                0x0000000010000122                unhandled_user_irq_num_in_r0
 *(.binary_info_header)
 .binary_info_header
                0x0000000010000124       0x14 CMakeFiles/lds01_emulator.dir/home/jedld/pico-sdk/src/rp2_common/pico_crt0/crt0.S.o
                0x0000000010000138                __binary_info_header_end = .
 *(.embedded_block)
 .embedded_block
                0x0000000010000138       0x14 CMakeFiles/lds01_emulator.dir/home/jedld/pico-sdk/src/rp2_common/pico_crt0/crt0.S.o
                0x000000001000014c                __embedded_block_end = .
 *(.reset)
 .reset         0x000000001000014c       0xa0 CMakeFiles/lds01_emulator.dir/home/jedld/pico-sdk/src/rp2_common/pico_crt0/crt0.S.o
                0x000000001000014c                _entry_point
 *(.init)
 .init          0x00000000100001ec        0x4 /usr/lib/gcc/arm-none-eabi/10.3.1/thumb/v8-m.main+fp/softfp/crti.o
                0x00000000100001ec                _init
 *libgcc.a:cmse_nonsecure_call.o()
 *(EXCLUDE_FILE(*libm.a: *libc.a:*lib_a-mem*.o *libgcc.a:) .text*)
 .text          0x00000000100001f0       0x8c /usr/lib/gcc/arm-none-eabi/10.3.1/thumb/v8-m.main+fp/softfp/crtbegin.o
 .text.tud_cdc_line_state_cb
                0x000000001000027c        0x4 CMakeFiles/lds01_emulator.dir/main.cpp.o
                0x000000001000027c                tud_cdc_line_state_cb
 .text.tud_cdc_line_coding_cb
                0x0000000010000280       0x14 CMakeFiles/lds01_emulator.dir/main.cpp.o
                0x0000000010000280                tud_cdc_line_coding_cb
 .text.startup.main
                0x0000000010000294      0x6f4 CMakeFiles/lds01_emulator.dir/main.cpp.o
                0x0000000010000294                main
 .text.tud_descriptor_device_cb
                0x0000000010000988        0x8 CMakeFiles/lds01_emulator.dir/usb_descriptors.cpp.o
                0x0000000010000988                tud_descriptor_device_cb
 .text.tud_descriptor_configuration_cb
                0x0000000010000990        0x8 CMakeFiles/lds01_emulator.dir/usb_descriptors.cpp.o
                0x0000000010000990                tud_descriptor_configuration_cb
 .text.tud_descriptor_string_cb
                0x0000000010000998       0x5c CMakeFiles/lds01_emulator.dir/usb_descriptors.cpp.o
                0x0000000010000998                tud_descriptor_string_cb
 .text.gpio_set_function
                0x00000000100009f4       0x3c CMakeFiles/lds01_emulator.dir/home/jedld/pico-sdk/src/rp2_common/hardware_gpio/gpio.c.o
                0x00000000100009f4                gpio_set_function
 .text.gpio_init
                0x0000000010000a30       0x44 CMakeFiles/lds01_emulator.dir/home/jedld/pico-sdk/src/rp2_common/hardware_gpio/gpio.c.o
                0x0000000010000a30                gpio_init
 .text.panic    0x0000000010000a74       0x30 CMakeFiles/lds01_emulator.dir/home/jedld/pico-sdk/src/rp2_common/pico_platform_panic/panic.c.o
                0x0000000010000a74                panic
 .text.hw_claim_or_assert
                0x0000000010000aa4       0x5c CMakeFiles/lds01_emulator.dir/home/jedld/pico-sdk/src/common/hardware_claim/claim.c.o
                0x0000000010000aa4                hw_claim_or_assert
 .text.hw_claim_unused_from_range
                0x0000000010000b00       0x9c CMakeFiles/lds01_emulator.dir/home/jedld/pico-sdk/src/common/hardware_claim/claim.c.o
                0x0000000010000b00                hw_claim_unused_from_range
 .text.next_striped_spin_lock_num
                0x0000000010000b9c       0x18 CMakeFiles/lds01_emulator.dir/home/jedld/pico-sdk/src/rp2_common/hardware_sync/sync.c.o
                0x0000000010000b9c                next_striped_spin_lock_num
 .text.spin_lock_claim_unused
                0x0000000010000bb4       0x20 CMakeFiles/lds01_emulator.dir/home/jedld/pico-sdk/src/rp2_common/hardware_sync/sync.c.o
                0x0000000010000bb4                spin_lock_claim_unused
 .text.spinlock_set_extexclall
                0x0000000010000bd4       0x10 CMakeFiles/lds01_emulator.dir/home/jedld/pico-sdk/src/rp2_common/hardware_sync_spin_lock/sync_spin_lock.c.o
 .text.spin_locks_reset
                0x0000000010000be4       0x18 CMakeFiles/lds01_emulator.dir/home/jedld/pico-sdk/src/rp2_common/hardware_sync_spin_lock/sync_spin_lock.c.o
                0x0000000010000be4                spin_locks_reset
 .text.runtime_init_per_core_irq_priorities
                0x0000000010000bfc       0x40 CMakeFiles/lds01_emulator.dir/home/jedld/pico-sdk/src/rp2_common/hardware_irq/irq.c.o
                0x0000000010000bfc                runtime_init_per_core_irq_priorities
 .text.irq_set_enabled
                0x0000000010000c3c       0x2c CMakeFiles/lds01_emulator.dir/home/jedld/pico-sdk/src/rp2_common/hardware_irq/irq.c.o
                0x0000000010000c3c                irq_set_enabled
 .text.irq_set_exclusive_handler
                0x0000000010000c68       0x60 CMakeFiles/lds01_emulator.dir/home/jedld/pico-sdk/src/rp2_common/hardware_irq/irq.c.o
                0x0000000010000c68                irq_set_exclusive_handler
 .text.irq_add_shared_handler
                0x0000000010000cc8      0x1e8 CMakeFiles/lds01_emulator.dir/home/jedld/pico-sdk/src/rp2_common/hardware_irq/irq.c.o
                0x0000000010000cc8                irq_add_shared_handler
 .text.irq_add_tail_to_free_list
                0x0000000010000eb0       0xbc CMakeFiles/lds01_emulator.dir/home/jedld/pico-sdk/src/rp2_common/hardware_irq/irq.c.o
                0x0000000010000eb0                irq_add_tail_to_free_list
 .text.lock_init
                0x0000000010000f6c        0xc CMakeFiles/lds01_emulator.dir/home/jedld/pico-sdk/src/common/pico_sync/lock_core.c.o
                0x0000000010000f6c                lock_init
 .text.runtime_init_mutex
                0x0000000010000f78       0x54 CMakeFiles/lds01_emulator.dir/home/jedld/pico-sdk/src/common/pico_sync/mutex.c.o
                0x0000000010000f78                runtime_init_mutex
 .text.mutex_init
                0x0000000010000fcc       0x1c CMakeFiles/lds01_emulator.dir/home/jedld/pico-sdk/src/common/pico_sync/mutex.c.o
                0x0000000010000fcc                mutex_init
 .text.critical_section_init
                0x0000000010000fe8       0x1c CMakeFiles/lds01_emulator.dir/home/jedld/pico-sdk/src/common/pico_sync/critical_section.c.o
                0x0000000010000fe8                critical_section_init
 .text.sleep_until_callback
                0x0000000010001004       0x3c CMakeFiles/lds01_emulator.dir/home/jedld/pico-sdk/src/common/pico_time/time.c.o
 .text.alarm_pool_irq_handler
                0x0000000010001040      0x300 CMakeFiles/lds01_emulator.dir/home/jedld/pico-sdk/src/common/pico_time/time.c.o
 .text.runtime_init_default_alarm_pool
                0x0000000010001340      0x100 CMakeFiles/lds01_emulator.dir/home/jedld/pico-sdk/src/common/pico_time/time.c.o
                0x0000000010001340                runtime_init_default_alarm_pool
 .text.alarm_pool_add_alarm_at_force_in_context
                0x0000000010001440       0xc4 CMakeFiles/lds01_emulator.dir/home/jedld/pico-sdk/src/common/pico_time/time.c.o
                0x0000000010001440                alarm_pool_add_alarm_at_force_in_context
 .text.alarm_pool_cancel_alarm
                0x0000000010001504       0x80 CMakeFiles/lds01_emulator.dir/home/jedld/pico-sdk/src/common/pico_time/time.c.o
                0x0000000010001504                alarm_pool_cancel_alarm
 .text.best_effort_wfe_or_timeout
                0x0000000010001584       0xdc CMakeFiles/lds01_emulator.dir/home/jedld/pico-sdk/src/common/pico_time/time.c.o
                0x0000000010001584                best_effort_wfe_or_timeout
 .text.timer_hardware_alarm_claim
                0x0000000010001660       0x24 CMakeFiles/lds01_emulator.dir/home/jedld/pico-sdk/src/rp2_common/hardware_timer/timer.c.o
                0x0000000010001660                timer_hardware_alarm_claim
 .text.timer_time_us_64
                0x0000000010001684       0x10 CMakeFiles/lds01_emulator.dir/home/jedld/pico-sdk/src/rp2_common/hardware_timer/timer.c.o
                0x0000000010001684                timer_time_us_64
 .text.time_us_64
                0x0000000010001694       0x14 CMakeFiles/lds01_emulator.dir/home/jedld/pico-sdk/src/rp2_common/hardware_timer/timer.c.o
                0x0000000010001694                time_us_64
 .text.busy_wait_us
                0x00000000100016a8       0x4c CMakeFiles/lds01_emulator.dir/home/jedld/pico-sdk/src/rp2_common/hardware_timer/timer.c.o
                0x00000000100016a8                busy_wait_us
 .text.uart_init
                0x00000000100016f4      0x104 CMakeFiles/lds01_emulator.dir/home/jedld/pico-sdk/src/rp2_common/hardware_uart/uart.c.o
                0x00000000100016f4                uart_init
 .text.uart_set_format
                0x00000000100017f8       0x6c CMakeFiles/lds01_emulator.dir/home/jedld/pico-sdk/src/rp2_common/hardware_uart/uart.c.o
                0x00000000100017f8                uart_set_format
 .text.uart_set_fifo_enabled
                0x0000000010001864       0x5c CMakeFiles/lds01_emulator.dir/home/jedld/pico-sdk/src/rp2_common/hardware_uart/uart.c.o
                0x0000000010001864                uart_set_fifo_enabled
 .text.clock_configure_undivided
                0x00000000100018c0       0xd0 CMakeFiles/lds01_emulator.dir/home/jedld/pico-sdk/src/rp2_common/hardware_clocks/clocks.c.o
                0x00000000100018c0                clock_configure_undivided
 .text.clock_get_hz
                0x0000000010001990        0xc CMakeFiles/lds01_emulator.dir/home/jedld/pico-sdk/src/rp2_common/hardware_clocks/clocks.c.o
                0x0000000010001990                clock_get_hz
 .text.pll_init
                0x000000001000199c       0x8c CMakeFiles/lds01_emulator.dir/home/jedld/pico-sdk/src/rp2_common/hardware_pll/pll.c.o
                0x000000001000199c                pll_init
 .text.tick_start
                0x0000000010001a28       0x18 CMakeFiles/lds01_emulator.dir/home/jedld/pico-sdk/src/rp2_common/hardware_ticks/ticks.c.o
                0x0000000010001a28                tick_start
 .text.rom_reboot.constprop.0.isra.0
                0x0000000010001a40       0x38 CMakeFiles/lds01_emulator.dir/home/jedld/pico-sdk/src/rp2_common/pico_bootrom/bootrom.c.o
 .text.rom_func_lookup
                0x0000000010001a78       0x18 CMakeFiles/lds01_emulator.dir/home/jedld/pico-sdk/src/rp2_common/pico_bootrom/bootrom.c.o
                0x0000000010001a78                rom_func_lookup
 .text.rom_reset_usb_boot
                0x0000000010001a90       0x1c CMakeFiles/lds01_emulator.dir/home/jedld/pico-sdk/src/rp2_common/pico_bootrom/bootrom.c.o
                0x0000000010001a90                rom_reset_usb_boot
 .text.runtime_init_bootrom_locking_enable
                0x0000000010001aac       0x14 CMakeFiles/lds01_emulator.dir/home/jedld/pico-sdk/src/rp2_common/pico_bootrom/bootrom_lock.c.o
                0x0000000010001aac                runtime_init_bootrom_locking_enable
 .text.runtime_init_boot_locks_reset
                0x0000000010001ac0       0x1c CMakeFiles/lds01_emulator.dir/home/jedld/pico-sdk/src/rp2_common/hardware_boot_lock/boot_lock.c.o
                0x0000000010001ac0                runtime_init_boot_locks_reset
 .text.xosc_init
                0x0000000010001adc       0x30 CMakeFiles/lds01_emulator.dir/home/jedld/pico-sdk/src/rp2_common/hardware_xosc/xosc.c.o
                0x0000000010001adc                xosc_init
 .text.first_per_core_initializer
                0x0000000010001b0c        0x4 CMakeFiles/lds01_emulator.dir/home/jedld/pico-sdk/src/rp2_common/pico_runtime/runtime.c.o
 .text.hard_assertion_failure
                0x0000000010001b10        0xc CMakeFiles/lds01_emulator.dir/home/jedld/pico-sdk/src/rp2_common/pico_runtime/runtime.c.o
                0x0000000010001b10                hard_assertion_failure
 .text.runtime_run_initializers
                0x0000000010001b1c       0x20 CMakeFiles/lds01_emulator.dir/home/jedld/pico-sdk/src/rp2_common/pico_runtime/runtime.c.o
                0x0000000010001b1c                runtime_run_initializers
 .text.runtime_init_early_resets
                0x0000000010001b3c       0x34 CMakeFiles/lds01_emulator.dir/home/jedld/pico-sdk/src/rp2_common/pico_runtime_init/runtime_init.c.o
                0x0000000010001b3c                runtime_init_early_resets
 .text.runtime_init_usb_power_down
                0x0000000010001b70       0x1c CMakeFiles/lds01_emulator.dir/home/jedld/pico-sdk/src/rp2_common/pico_runtime_init/runtime_init.c.o
                0x0000000010001b70                runtime_init_usb_power_down
 .text.runtime_init_per_core_enable_coprocessors
                0x0000000010001b8c       0x1c CMakeFiles/lds01_emulator.dir/home/jedld/pico-sdk/src/rp2_common/pico_runtime_init/runtime_init.c.o
                0x0000000010001b8c                runtime_init_per_core_enable_coprocessors
 .text.runtime_init_post_clock_resets
                0x0000000010001ba8       0x20 CMakeFiles/lds01_emulator.dir/home/jedld/pico-sdk/src/rp2_common/pico_runtime_init/runtime_init.c.o
                0x0000000010001ba8                runtime_init_post_clock_resets
 .text.runtime_init_bootrom_reset
                0x0000000010001bc8       0x14 CMakeFiles/lds01_emulator.dir/home/jedld/pico-sdk/src/rp2_common/pico_runtime_init/runtime_init.c.o
                0x0000000010001bc8                runtime_init_bootrom_reset
 .text.runtime_init_per_core_bootrom_reset
                0x0000000010001bdc       0x14 CMakeFiles/lds01_emulator.dir/home/jedld/pico-sdk/src/rp2_common/pico_runtime_init/runtime_init.c.o
                0x0000000010001bdc                runtime_init_per_core_bootrom_reset
 .text.runtime_init_spin_locks_reset
                0x0000000010001bf0        0x4 CMakeFiles/lds01_emulator.dir/home/jedld/pico-sdk/src/rp2_common/pico_runtime_init/runtime_init.c.o
                0x0000000010001bf0                runtime_init_spin_locks_reset
 .text.runtime_init_install_ram_vector_table
                0x0000000010001bf4       0x20 CMakeFiles/lds01_emulator.dir/home/jedld/pico-sdk/src/rp2_common/pico_runtime_init/runtime_init.c.o
                0x0000000010001bf4                runtime_init_install_ram_vector_table
 .text.runtime_init_clocks
                0x0000000010001c14       0xdc CMakeFiles/lds01_emulator.dir/home/jedld/pico-sdk/src/rp2_common/pico_runtime_init/runtime_init_clocks.c.o
                0x0000000010001c14                runtime_init_clocks
 .text.__rp2350_dcp_engaged_state_save_restore
                0x0000000010001cf0       0x3a CMakeFiles/lds01_emulator.dir/home/jedld/pico-sdk/src/rp2_common/pico_double/double_aeabi_dcp.S.o
 *fill*         0x0000000010001d2a        0x2 
 .text.__wrap___aeabi_dadd
                0x0000000010001d2c       0x28 CMakeFiles/lds01_emulator.dir/home/jedld/pico-sdk/src/rp2_common/pico_double/double_aeabi_dcp.S.o
                0x0000000010001d34                __wrap___aeabi_dadd
 .text.__wrap___aeabi_dsub
                0x0000000010001d54       0x28 CMakeFiles/lds01_emulator.dir/home/jedld/pico-sdk/src/rp2_common/pico_double/double_aeabi_dcp.S.o
                0x0000000010001d5c                __wrap___aeabi_dsub
 .text.__wrap___aeabi_dmul
                0x0000000010001d7c       0x4c CMakeFiles/lds01_emulator.dir/home/jedld/pico-sdk/src/rp2_common/pico_double/double_aeabi_dcp.S.o
                0x0000000010001d84                __wrap___aeabi_dmul
 .text.__wrap___aeabi_ddiv
                0x0000000010001dc8       0x9c CMakeFiles/lds01_emulator.dir/home/jedld/pico-sdk/src/rp2_common/pico_double/double_aeabi_dcp.S.o
                0x0000000010001dd0                __wrap___aeabi_ddiv
 .text.__wrap___aeabi_d2f
                0x0000000010001e64       0x1c CMakeFiles/lds01_emulator.dir/home/jedld/pico-sdk/src/rp2_common/pico_double/double_aeabi_dcp.S.o
                0x0000000010001e6c                double2float
                0x0000000010001e6c                __wrap___aeabi_d2f
 .text.__wrap___aeabi_i2d
                0x0000000010001e80       0x24 CMakeFiles/lds01_emulator.dir/home/jedld/pico-sdk/src/rp2_common/pico_double/double_aeabi_dcp.S.o
                0x0000000010001e88                __wrap___aeabi_i2d
                0x0000000010001e88                int2double
 .text.__wrap___aeabi_ui2d
                0x0000000010001ea4       0x24 CMakeFiles/lds01_emulator.dir/home/jedld/pico-sdk/src/rp2_common/pico_double/double_aeabi_dcp.S.o
                0x0000000010001eac                __wrap___aeabi_ui2d
                0x0000000010001eac                uint2double
 .text.__wrap___aeabi_d2iz
                0x0000000010001ec8       0x24 CMakeFiles/lds01_emulator.dir/home/jedld/pico-sdk/src/rp2_common/pico_double/double_aeabi_dcp.S.o
                0x0000000010001ed0                __wrap___aeabi_d2iz
                0x0000000010001ed0                double2int_z
 .text.__wrap___aeabi_d2uiz
                0x0000000010001eec       0x24 CMakeFiles/lds01_emulator.dir/home/jedld/pico-sdk/src/rp2_common/pico_double/double_aeabi_dcp.S.o
                0x0000000010001ef4                double2uint_z
                0x0000000010001ef4                double2uint
                0x0000000010001ef4                __wrap___aeabi_d2uiz
 .text.__wrap___aeabi_dcmpun
                0x0000000010001f10       0x24 CMakeFiles/lds01_emulator.dir/home/jedld/pico-sdk/src/rp2_common/pico_double/double_aeabi_dcp.S.o
                0x0000000010001f18                __wrap___aeabi_dcmpun
 .text.__wrap___aeabi_dcmpeq
                0x0000000010001f34       0x24 CMakeFiles/lds01_emulator.dir/home/jedld/pico-sdk/src/rp2_common/pico_double/double_aeabi_dcp.S.o
                0x0000000010001f3c                __wrap___aeabi_dcmpeq
 .text.__wrap___aeabi_dcmplt
                0x0000000010001f58       0x28 CMakeFiles/lds01_emulator.dir/home/jedld/pico-sdk/src/rp2_common/pico_double/double_aeabi_dcp.S.o
                0x0000000010001f60                __wrap___aeabi_dcmplt
 .text.__wrap___aeabi_dcmple
                0x0000000010001f80       0x28 CMakeFiles/lds01_emulator.dir/home/jedld/pico-sdk/src/rp2_common/pico_double/double_aeabi_dcp.S.o
                0x0000000010001f88                __wrap___aeabi_dcmple
 .text.__wrap___aeabi_dcmpge
                0x0000000010001fa8       0x28 CMakeFiles/lds01_emulator.dir/home/jedld/pico-sdk/src/rp2_common/pico_double/double_aeabi_dcp.S.o
                0x0000000010001fb0                __wrap___aeabi_dcmpge
 .text.__wrap___aeabi_dcmpgt
                0x0000000010001fd0       0x28 CMakeFiles/lds01_emulator.dir/home/jedld/pico-sdk/src/rp2_common/pico_double/double_aeabi_dcp.S.o
                0x0000000010001fd8                __wrap___aeabi_dcmpgt
 .text.__wrap_conv_tod
                0x0000000010001ff8      0x20c CMakeFiles/lds01_emulator.dir/home/jedld/pico-sdk/src/rp2_common/pico_double/double_conv_m33.S.o
                0x0000000010001ff8                __wrap___aeabi_l2d
                0x0000000010001ff8                int642double
                0x0000000010001ffa                fix642double
                0x000000001000209e                uint642double
                0x000000001000209e                __wrap___aeabi_ul2d
                0x00000000100020a0                ufix642double
                0x0000000010002134                fix2double
                0x00000000100021a4                ufix2double
 .text.__wrap_conv_dtoi64_z
                0x0000000010002204       0xa0 CMakeFiles/lds01_emulator.dir/home/jedld/pico-sdk/src/rp2_common/pico_double/double_conv_m33.S.o
                0x0000000010002204                __wrap___aeabi_d2lz
                0x0000000010002204                double2int64_z
                0x0000000010002206                double2fix64_z
 .text.__wrap_fmodf
                0x00000000100022a4       0xc0 CMakeFiles/lds01_emulator.dir/home/jedld/pico-sdk/src/rp2_common/pico_float/float_math.c.o
                0x00000000100022a4                __wrap_fmodf
 .text.__wrap_conv_tof
                0x0000000010002364      0x1d4 CMakeFiles/lds01_emulator.dir/home/jedld/pico-sdk/src/rp2_common/pico_float/float_common_m33.S.o
                0x0000000010002364                int642float
                0x0000000010002364                __wrap___aeabi_l2f
                0x0000000010002366                fix642float
                0x00000000100023f4                fix2float
                0x0000000010002460                ufix2float
                0x00000000100024bc                __wrap___aeabi_ul2f
                0x00000000100024bc                uint642float
                0x00000000100024be                ufix642float
 .text.frrcore_v
                0x0000000010002538       0x54 CMakeFiles/lds01_emulator.dir/home/jedld/pico-sdk/src/rp2_common/pico_float/float_sci_m33_vfp.S.o
 *fill*         0x000000001000258c        0x4 
 .text.__wrap_fsin_fcos
                0x0000000010002590      0x388 CMakeFiles/lds01_emulator.dir/home/jedld/pico-sdk/src/rp2_common/pico_float/float_sci_m33_vfp.S.o
                0x000000001000266c                __wrap_sincosf
                0x00000000100026d8                __wrap_sinf
                0x00000000100026de                __wrap_cosf
 .text._out_buffer
                0x0000000010002918        0x8 CMakeFiles/lds01_emulator.dir/home/jedld/pico-sdk/src/rp2_common/pico_printf/printf.c.o
 .text._out_null
                0x0000000010002920        0x4 CMakeFiles/lds01_emulator.dir/home/jedld/pico-sdk/src/rp2_common/pico_printf/printf.c.o
 .text._out_rev
                0x0000000010002924       0x88 CMakeFiles/lds01_emulator.dir/home/jedld/pico-sdk/src/rp2_common/pico_printf/printf.c.o
 .text._ntoa_format
                0x00000000100029ac      0x1e8 CMakeFiles/lds01_emulator.dir/home/jedld/pico-sdk/src/rp2_common/pico_printf/printf.c.o
 .text._out_char
                0x0000000010002b94        0x8 CMakeFiles/lds01_emulator.dir/home/jedld/pico-sdk/src/rp2_common/pico_printf/printf.c.o
 *fill*         0x0000000010002b9c        0x4 
 .text._etoa    0x0000000010002ba0      0x460 CMakeFiles/lds01_emulator.dir/home/jedld/pico-sdk/src/rp2_common/pico_printf/printf.c.o
 .text._ftoa    0x0000000010003000      0x3d8 CMakeFiles/lds01_emulator.dir/home/jedld/pico-sdk/src/rp2_common/pico_printf/printf.c.o
 .text._vsnprintf
                0x00000000100033d8      0x9c8 CMakeFiles/lds01_emulator.dir/home/jedld/pico-sdk/src/rp2_common/pico_printf/printf.c.o
 .text.__wrap_sprintf
                0x0000000010003da0       0x2c CMakeFiles/lds01_emulator.dir/home/jedld/pico-sdk/src/rp2_common/pico_printf/printf.c.o
                0x0000000010003da0                __wrap_sprintf
 .text.__wrap_snprintf
                0x0000000010003dcc       0x2c CMakeFiles/lds01_emulator.dir/home/jedld/pico-sdk/src/rp2_common/pico_printf/printf.c.o
                0x0000000010003dcc                __wrap_snprintf
 .text.weak_raw_printf
                0x0000000010003df8       0x48 CMakeFiles/lds01_emulator.dir/home/jedld/pico-sdk/src/rp2_common/pico_printf/printf.c.o
                0x0000000010003df8                weak_raw_printf
 .text.weak_raw_vprintf
                0x0000000010003e40       0x30 CMakeFiles/lds01_emulator.dir/home/jedld/pico-sdk/src/rp2_common/pico_printf/printf.c.o
                0x0000000010003e40                weak_raw_vprintf
 .text._exit    0x0000000010003e70        0x4 CMakeFiles/lds01_emulator.dir/home/jedld/pico-sdk/src/rp2_common/pico_clib_interface/newlib_interface.c.o
                0x0000000010003e70                _exit
 .text._sbrk    0x0000000010003e74       0x2c CMakeFiles/lds01_emulator.dir/home/jedld/pico-sdk/src/rp2_common/pico_clib_interface/newlib_interface.c.o
                0x0000000010003e74                _sbrk
 .text._read    0x0000000010003ea0       0x1c CMakeFiles/lds01_emulator.dir/home/jedld/pico-sdk/src/rp2_common/pico_clib_interface/newlib_interface.c.o
                0x0000000010003ea0                _read
 .text._write   0x0000000010003ebc       0x20 CMakeFiles/lds01_emulator.dir/home/jedld/pico-sdk/src/rp2_common/pico_clib_interface/newlib_interface.c.o
                0x0000000010003ebc                _write
 .text._close   0x0000000010003edc        0x8 CMakeFiles/lds01_emulator.dir/home/jedld/pico-sdk/src/rp2_common/pico_clib_interface/newlib_interface.c.o
                0x0000000010003edc                _close
 .text._lseek   0x0000000010003ee4        0x8 CMakeFiles/lds01_emulator.dir/home/jedld/pico-sdk/src/rp2_common/pico_clib_interface/newlib_interface.c.o
                0x0000000010003ee4                _lseek
 .text.exit     0x0000000010003eec        0x8 CMakeFiles/lds01_emulator.dir/home/jedld/pico-sdk/src/rp2_common/pico_clib_interface/newlib_interface.c.o
                0x0000000010003eec                exit
 .text.__assert_func
                0x0000000010003ef4       0x34 CMakeFiles/lds01_emulator.dir/home/jedld/pico-sdk/src/rp2_common/pico_clib_interface/newlib_interface.c.o
                0x0000000010003ef4                __assert_func
 .text.runtime_init
                0x0000000010003f28       0x24 CMakeFiles/lds01_emulator.dir/home/jedld/pico-sdk/src/rp2_common/pico_clib_interface/newlib_interface.c.o
                0x0000000010003f28                runtime_init
 .text.stdio_out_chars_no_crlf
                0x0000000010003f4c        0x8 CMakeFiles/lds01_emulator.dir/home/jedld/pico-sdk/src/rp2_common/pico_stdio/stdio.c.o
 .text.stdio_out_chars_crlf
                0x0000000010003f54       0xac CMakeFiles/lds01_emulator.dir/home/jedld/pico-sdk/src/rp2_common/pico_stdio/stdio.c.o
 .text.stdio_put_string
                0x0000000010004000       0xe8 CMakeFiles/lds01_emulator.dir/home/jedld/pico-sdk/src/rp2_common/pico_stdio/stdio.c.o
                0x0000000010004000                stdio_put_string
 .text.stdio_get_until
                0x00000000100040e8       0x7c CMakeFiles/lds01_emulator.dir/home/jedld/pico-sdk/src/rp2_common/pico_stdio/stdio.c.o
                0x00000000100040e8                stdio_get_until
 .text.__wrap_putchar
                0x0000000010004164       0x7c CMakeFiles/lds01_emulator.dir/home/jedld/pico-sdk/src/rp2_common/pico_stdio/stdio.c.o
                0x0000000010004164                stdio_putchar
                0x0000000010004164                __wrap_putchar
 .text.__wrap_puts
                0x00000000100041e0       0x3c CMakeFiles/lds01_emulator.dir/home/jedld/pico-sdk/src/rp2_common/pico_stdio/stdio.c.o
                0x00000000100041e0                __wrap_puts
                0x00000000100041e0                stdio_puts
 .text.dcd_init
                0x000000001000421c       0x94 CMakeFiles/lds01_emulator.dir/home/jedld/pico-sdk/lib/tinyusb/src/portable/raspberrypi/rp2040/dcd_rp2040.c.o
                0x000000001000421c                dcd_init
 .text.dcd_int_enable
                0x00000000100042b0        0x8 CMakeFiles/lds01_emulator.dir/home/jedld/pico-sdk/lib/tinyusb/src/portable/raspberrypi/rp2040/dcd_rp2040.c.o
                0x00000000100042b0                dcd_int_enable
 .text.dcd_set_address
                0x00000000100042b8       0x10 CMakeFiles/lds01_emulator.dir/home/jedld/pico-sdk/lib/tinyusb/src/portable/raspberrypi/rp2040/dcd_rp2040.c.o
                0x00000000100042b8                dcd_set_address
 .text.dcd_sof_enable
                0x00000000100042c8       0x1c CMakeFiles/lds01_emulator.dir/home/jedld/pico-sdk/lib/tinyusb/src/portable/raspberrypi/rp2040/dcd_rp2040.c.o
                0x00000000100042c8                dcd_sof_enable
 .text.dcd_edpt0_status_complete
                0x00000000100042e4       0x1c CMakeFiles/lds01_emulator.dir/home/jedld/pico-sdk/lib/tinyusb/src/portable/raspberrypi/rp2040/dcd_rp2040.c.o
                0x00000000100042e4                dcd_edpt0_status_complete
 .text.dcd_edpt_open
                0x0000000010004300      0x110 CMakeFiles/lds01_emulator.dir/home/jedld/pico-sdk/lib/tinyusb/src/portable/raspberrypi/rp2040/dcd_rp2040.c.o
                0x0000000010004300                dcd_edpt_open
 .text.dcd_edpt_close_all
                0x0000000010004410        0x4 CMakeFiles/lds01_emulator.dir/home/jedld/pico-sdk/lib/tinyusb/src/portable/raspberrypi/rp2040/dcd_rp2040.c.o
                0x0000000010004410                dcd_edpt_close_all
 .text.dcd_edpt_xfer
                0x0000000010004414       0x28 CMakeFiles/lds01_emulator.dir/home/jedld/pico-sdk/lib/tinyusb/src/portable/raspberrypi/rp2040/dcd_rp2040.c.o
                0x0000000010004414                dcd_edpt_xfer
 .text.dcd_edpt_stall
                0x000000001000443c       0x30 CMakeFiles/lds01_emulator.dir/home/jedld/pico-sdk/lib/tinyusb/src/portable/raspberrypi/rp2040/dcd_rp2040.c.o
                0x000000001000443c                dcd_edpt_stall
 .text.dcd_edpt_clear_stall
                0x000000001000446c       0x2c CMakeFiles/lds01_emulator.dir/home/jedld/pico-sdk/lib/tinyusb/src/portable/raspberrypi/rp2040/dcd_rp2040.c.o
                0x000000001000446c                dcd_edpt_clear_stall
 .text.rp2040_usb_init
                0x0000000010004498       0x40 CMakeFiles/lds01_emulator.dir/home/jedld/pico-sdk/lib/tinyusb/src/portable/raspberrypi/rp2040/rp2040_usb.c.o
                0x0000000010004498                rp2040_usb_init
 .text.hw_endpoint_xfer_start
                0x00000000100044d8       0x4c CMakeFiles/lds01_emulator.dir/home/jedld/pico-sdk/lib/tinyusb/src/portable/raspberrypi/rp2040/rp2040_usb.c.o
                0x00000000100044d8                hw_endpoint_xfer_start
 .text.tud_vendor_control_xfer_cb
                0x0000000010004524        0x4 CMakeFiles/lds01_emulator.dir/home/jedld/pico-sdk/lib/tinyusb/src/device/usbd.c.o
                0x0000000010004524                tud_vendor_control_xfer_cb
 .text.configuration_reset
                0x0000000010004528       0x8c CMakeFiles/lds01_emulator.dir/home/jedld/pico-sdk/lib/tinyusb/src/device/usbd.c.o
 .text.tud_event_hook_cb
                0x00000000100045b4        0x4 CMakeFiles/lds01_emulator.dir/home/jedld/pico-sdk/lib/tinyusb/src/device/usbd.c.o
                0x00000000100045b4                tud_event_hook_cb
 .text.tud_sof_cb
                0x00000000100045b8        0x4 CMakeFiles/lds01_emulator.dir/home/jedld/pico-sdk/lib/tinyusb/src/device/usbd.c.o
                0x00000000100045b8                tud_sof_cb
 .text.tud_descriptor_bos_cb
                0x00000000100045bc        0x4 CMakeFiles/lds01_emulator.dir/home/jedld/pico-sdk/lib/tinyusb/src/device/usbd.c.o
                0x00000000100045bc                tud_descriptor_bos_cb
 .text.tud_descriptor_device_qualifier_cb
                0x00000000100045c0        0x4 CMakeFiles/lds01_emulator.dir/home/jedld/pico-sdk/lib/tinyusb/src/device/usbd.c.o
                0x00000000100045c0                tud_descriptor_device_qualifier_cb
 .text.tud_descriptor_other_speed_configuration_cb
                0x00000000100045c4        0x4 CMakeFiles/lds01_emulator.dir/home/jedld/pico-sdk/lib/tinyusb/src/device/usbd.c.o
                0x00000000100045c4                tud_descriptor_other_speed_configuration_cb
 .text.tud_mount_cb
                0x00000000100045c8        0x4 CMakeFiles/lds01_emulator.dir/home/jedld/pico-sdk/lib/tinyusb/src/device/usbd.c.o
                0x00000000100045c8                tud_mount_cb
 .text.tud_umount_cb
                0x00000000100045cc        0x4 CMakeFiles/lds01_emulator.dir/home/jedld/pico-sdk/lib/tinyusb/src/device/usbd.c.o
                0x00000000100045cc                tud_umount_cb
 .text.tud_suspend_cb
                0x00000000100045d0        0x4 CMakeFiles/lds01_emulator.dir/home/jedld/pico-sdk/lib/tinyusb/src/device/usbd.c.o
                0x00000000100045d0                tud_suspend_cb
 .text.tud_resume_cb
                0x00000000100045d4        0x4 CMakeFiles/lds01_emulator.dir/home/jedld/pico-sdk/lib/tinyusb/src/device/usbd.c.o
                0x00000000100045d4                tud_resume_cb
 .text.tud_mounted
                0x00000000100045d8       0x10 CMakeFiles/lds01_emulator.dir/home/jedld/pico-sdk/lib/tinyusb/src/device/usbd.c.o
                0x00000000100045d8                tud_mounted
 .text.tud_suspended
                0x00000000100045e8       0x10 CMakeFiles/lds01_emulator.dir/home/jedld/pico-sdk/lib/tinyusb/src/device/usbd.c.o
                0x00000000100045e8                tud_suspended
 .text.tud_rhport_init
                0x00000000100045f8      0x10c CMakeFiles/lds01_emulator.dir/home/jedld/pico-sdk/lib/tinyusb/src/device/usbd.c.o
                0x00000000100045f8                tud_rhport_init
 .text.tud_task_ext
                0x0000000010004704      0x778 CMakeFiles/lds01_emulator.dir/home/jedld/pico-sdk/lib/tinyusb/src/device/usbd.c.o
                0x0000000010004704                tud_task_ext
 .text.usbd_open_edpt_pair
                0x0000000010004e7c       0x9c CMakeFiles/lds01_emulator.dir/home/jedld/pico-sdk/lib/tinyusb/src/device/usbd.c.o
                0x0000000010004e7c                usbd_open_edpt_pair
 .text.usbd_edpt_open
                0x0000000010004f18       0x44 CMakeFiles/lds01_emulator.dir/home/jedld/pico-sdk/lib/tinyusb/src/device/usbd.c.o
                0x0000000010004f18                usbd_edpt_open
 .text.usbd_edpt_claim
                0x0000000010004f5c       0x24 CMakeFiles/lds01_emulator.dir/home/jedld/pico-sdk/lib/tinyusb/src/device/usbd.c.o
                0x0000000010004f5c                usbd_edpt_claim
 .text.usbd_edpt_release
                0x0000000010004f80       0x24 CMakeFiles/lds01_emulator.dir/home/jedld/pico-sdk/lib/tinyusb/src/device/usbd.c.o
                0x0000000010004f80                usbd_edpt_release
 .text.usbd_edpt_xfer
                0x0000000010004fa4       0x70 CMakeFiles/lds01_emulator.dir/home/jedld/pico-sdk/lib/tinyusb/src/device/usbd.c.o
                0x0000000010004fa4                usbd_edpt_xfer
 .text.tud_control_status
                0x0000000010005014       0x34 CMakeFiles/lds01_emulator.dir/home/jedld/pico-sdk/lib/tinyusb/src/device/usbd_control.c.o
                0x0000000010005014                tud_control_status
 .text.tud_control_xfer
                0x0000000010005048       0xcc CMakeFiles/lds01_emulator.dir/home/jedld/pico-sdk/lib/tinyusb/src/device/usbd_control.c.o
                0x0000000010005048                tud_control_xfer
 .text.usbd_control_reset
                0x0000000010005114       0x14 CMakeFiles/lds01_emulator.dir/home/jedld/pico-sdk/lib/tinyusb/src/device/usbd_control.c.o
                0x0000000010005114                usbd_control_reset
 .text.usbd_control_set_complete_callback
                0x0000000010005128        0xc CMakeFiles/lds01_emulator.dir/home/jedld/pico-sdk/lib/tinyusb/src/device/usbd_control.c.o
                0x0000000010005128                usbd_control_set_complete_callback
 .text.usbd_control_set_request
                0x0000000010005134       0x1c CMakeFiles/lds01_emulator.dir/home/jedld/pico-sdk/lib/tinyusb/src/device/usbd_control.c.o
                0x0000000010005134                usbd_control_set_request
 .text.usbd_control_xfer_cb
                0x0000000010005150      0x110 CMakeFiles/lds01_emulator.dir/home/jedld/pico-sdk/lib/tinyusb/src/device/usbd_control.c.o
                0x0000000010005150                usbd_control_xfer_cb
 .text._prep_out_transaction.isra.0
                0x0000000010005260       0x78 CMakeFiles/lds01_emulator.dir/home/jedld/pico-sdk/lib/tinyusb/src/class/cdc/cdc_device.c.o
 .text.tud_cdc_n_connected
                0x00000000100052d8       0x2c CMakeFiles/lds01_emulator.dir/home/jedld/pico-sdk/lib/tinyusb/src/class/cdc/cdc_device.c.o
                0x00000000100052d8                tud_cdc_n_connected
 .text.tud_cdc_n_available
                0x0000000010005304       0x18 CMakeFiles/lds01_emulator.dir/home/jedld/pico-sdk/lib/tinyusb/src/class/cdc/cdc_device.c.o
                0x0000000010005304                tud_cdc_n_available
 .text.tud_cdc_n_read
                0x000000001000531c       0x90 CMakeFiles/lds01_emulator.dir/home/jedld/pico-sdk/lib/tinyusb/src/class/cdc/cdc_device.c.o
                0x000000001000531c                tud_cdc_n_read
 .text.tud_cdc_n_write_flush
                0x00000000100053ac       0x94 CMakeFiles/lds01_emulator.dir/home/jedld/pico-sdk/lib/tinyusb/src/class/cdc/cdc_device.c.o
                0x00000000100053ac                tud_cdc_n_write_flush
 .text.tud_cdc_n_write
                0x0000000010005440       0x48 CMakeFiles/lds01_emulator.dir/home/jedld/pico-sdk/lib/tinyusb/src/class/cdc/cdc_device.c.o
                0x0000000010005440                tud_cdc_n_write
 .text.cdcd_init
                0x0000000010005488       0xdc CMakeFiles/lds01_emulator.dir/home/jedld/pico-sdk/lib/tinyusb/src/class/cdc/cdc_device.c.o
                0x0000000010005488                cdcd_init
 .text.cdcd_deinit
                0x0000000010005564       0x38 CMakeFiles/lds01_emulator.dir/home/jedld/pico-sdk/lib/tinyusb/src/class/cdc/cdc_device.c.o
                0x0000000010005564                cdcd_deinit
 .text.cdcd_reset
                0x000000001000559c       0x84 CMakeFiles/lds01_emulator.dir/home/jedld/pico-sdk/lib/tinyusb/src/class/cdc/cdc_device.c.o
                0x000000001000559c                cdcd_reset
 .text.cdcd_open
                0x0000000010005620       0xd0 CMakeFiles/lds01_emulator.dir/home/jedld/pico-sdk/lib/tinyusb/src/class/cdc/cdc_device.c.o
                0x0000000010005620                cdcd_open
 .text.cdcd_control_xfer_cb
                0x00000000100056f0       0xe0 CMakeFiles/lds01_emulator.dir/home/jedld/pico-sdk/lib/tinyusb/src/class/cdc/cdc_device.c.o
                0x00000000100056f0                cdcd_control_xfer_cb
 .text.cdcd_xfer_cb
                0x00000000100057d0      0x140 CMakeFiles/lds01_emulator.dir/home/jedld/pico-sdk/lib/tinyusb/src/class/cdc/cdc_device.c.o
                0x00000000100057d0                cdcd_xfer_cb
 .text.tu_edpt_claim
                0x0000000010005910       0x54 CMakeFiles/lds01_emulator.dir/home/jedld/pico-sdk/lib/tinyusb/src/tusb.c.o
                0x0000000010005910                tu_edpt_claim
 .text.tu_edpt_release
                0x0000000010005964       0x38 CMakeFiles/lds01_emulator.dir/home/jedld/pico-sdk/lib/tinyusb/src/tusb.c.o
                0x0000000010005964                tu_edpt_release
 .text.tu_edpt_validate
                0x000000001000599c       0x68 CMakeFiles/lds01_emulator.dir/home/jedld/pico-sdk/lib/tinyusb/src/tusb.c.o
                0x000000001000599c                tu_edpt_validate
 .text.tu_edpt_bind_driver
                0x0000000010005a04       0x58 CMakeFiles/lds01_emulator.dir/home/jedld/pico-sdk/lib/tinyusb/src/tusb.c.o
                0x0000000010005a04                tu_edpt_bind_driver
 .text.tu_fifo_config
                0x0000000010005a5c       0x64 CMakeFiles/lds01_emulator.dir/home/jedld/pico-sdk/lib/tinyusb/src/common/tusb_fifo.c.o
                0x0000000010005a5c                tu_fifo_config
 .text.tu_fifo_count
                0x0000000010005ac0       0x20 CMakeFiles/lds01_emulator.dir/home/jedld/pico-sdk/lib/tinyusb/src/common/tusb_fifo.c.o
                0x0000000010005ac0                tu_fifo_count
 .text.tu_fifo_empty
                0x0000000010005ae0       0x14 CMakeFiles/lds01_emulator.dir/home/jedld/pico-sdk/lib/tinyusb/src/common/tusb_fifo.c.o
                0x0000000010005ae0                tu_fifo_empty
 .text.tu_fifo_remaining
                0x0000000010005af4       0x24 CMakeFiles/lds01_emulator.dir/home/jedld/pico-sdk/lib/tinyusb/src/common/tusb_fifo.c.o
                0x0000000010005af4                tu_fifo_remaining
 .text.tu_fifo_read
                0x0000000010005b18       0x94 CMakeFiles/lds01_emulator.dir/home/jedld/pico-sdk/lib/tinyusb/src/common/tusb_fifo.c.o
                0x0000000010005b18                tu_fifo_read
 .text.tu_fifo_read_n
                0x0000000010005bac       0xd4 CMakeFiles/lds01_emulator.dir/home/jedld/pico-sdk/lib/tinyusb/src/common/tusb_fifo.c.o
                0x0000000010005bac                tu_fifo_read_n
 .text.tu_fifo_write
                0x0000000010005c80       0x84 CMakeFiles/lds01_emulator.dir/home/jedld/pico-sdk/lib/tinyusb/src/common/tusb_fifo.c.o
                0x0000000010005c80                tu_fifo_write
 .text.tu_fifo_write_n
                0x0000000010005d04      0x15c CMakeFiles/lds01_emulator.dir/home/jedld/pico-sdk/lib/tinyusb/src/common/tusb_fifo.c.o
                0x0000000010005d04                tu_fifo_write_n
 .text.tu_fifo_clear
                0x0000000010005e60       0x38 CMakeFiles/lds01_emulator.dir/home/jedld/pico-sdk/lib/tinyusb/src/common/tusb_fifo.c.o
                0x0000000010005e60                tu_fifo_clear
 .text.tu_fifo_set_overwritable
                0x0000000010005e98       0x3c CMakeFiles/lds01_emulator.dir/home/jedld/pico-sdk/lib/tinyusb/src/common/tusb_fifo.c.o
                0x0000000010005e98                tu_fifo_set_overwritable
 .text.board_init
                0x0000000010005ed4       0x14 CMakeFiles/lds01_emulator.dir/home/jedld/pico-sdk/lib/tinyusb/hw/bsp/rp2040/family.c.o
                0x0000000010005ed4                board_init
 .text.startup._retrieve_unique_id_on_boot
                0x0000000010005ee8       0x30 CMakeFiles/lds01_emulator.dir/home/jedld/pico-sdk/src/rp2_common/pico_unique_id/unique_id.c.o
 .text          0x0000000010005f18       0x60 /usr/lib/gcc/arm-none-eabi/10.3.1/../../../arm-none-eabi/lib/thumb/v8-m.main+fp/softfp/libg.a(lib_a-callocr.o)
                0x0000000010005f18                _calloc_r
 .text          0x0000000010005f78        0xc /usr/lib/gcc/arm-none-eabi/10.3.1/../../../arm-none-eabi/lib/thumb/v8-m.main+fp/softfp/libg.a(lib_a-errno.o)
                0x0000000010005f78                __errno
 .text          0x0000000010005f84      0x56c /usr/lib/gcc/arm-none-eabi/10.3.1/../../../arm-none-eabi/lib/thumb/v8-m.main+fp/softfp/libg.a(lib_a-mallocr.o)
                0x0000000010005f84                _malloc_r
 .text          0x00000000100064f0       0xec /usr/lib/gcc/arm-none-eabi/10.3.1/../../../arm-none-eabi/lib/thumb/v8-m.main+fp/softfp/libg.a(lib_a-memcpy.o)
                0x00000000100064f0                memcpy
 .text          0x00000000100065dc       0xa4 /usr/lib/gcc/arm-none-eabi/10.3.1/../../../arm-none-eabi/lib/thumb/v8-m.main+fp/softfp/libg.a(lib_a-memset.o)
                0x00000000100065dc                memset
 .text          0x0000000010006680        0x8 /usr/lib/gcc/arm-none-eabi/10.3.1/../../../arm-none-eabi/lib/thumb/v8-m.main+fp/softfp/libg.a(lib_a-mlock.o)
                0x0000000010006680                __malloc_lock
                0x0000000010006684                __malloc_unlock
 .text          0x0000000010006688      0x3e8 /usr/lib/gcc/arm-none-eabi/10.3.1/../../../arm-none-eabi/lib/thumb/v8-m.main+fp/softfp/libg.a(lib_a-reallocr.o)
                0x0000000010006688                _realloc_r
 .text          0x0000000010006a70       0x24 /usr/lib/gcc/arm-none-eabi/10.3.1/../../../arm-none-eabi/lib/thumb/v8-m.main+fp/softfp/libg.a(lib_a-sbrkr.o)
                0x0000000010006a70                _sbrk_r
 .text          0x0000000010006a94       0xb0 /usr/lib/gcc/arm-none-eabi/10.3.1/../../../arm-none-eabi/lib/thumb/v8-m.main+fp/softfp/libg.a(lib_a-sscanf.o)
                0x0000000010006a94                sscanf
                0x0000000010006aec                _sscanf_r
 .text          0x0000000010006b44       0x94 /usr/lib/gcc/arm-none-eabi/10.3.1/../../../arm-none-eabi/lib/thumb/v8-m.main+fp/softfp/libg.a(lib_a-stdio.o)
                0x0000000010006b44                __sread
                0x0000000010006b68                __seofread
                0x0000000010006b6c                __swrite
                0x0000000010006bac                __sseek
                0x0000000010006bd0                __sclose
 .text          0x0000000010006bd8       0x5c /usr/lib/gcc/arm-none-eabi/10.3.1/../../../arm-none-eabi/lib/thumb/v8-m.main+fp/softfp/libg.a(lib_a-strlen-stub.o)
                0x0000000010006bd8                strlen
 .text          0x0000000010006c34       0x24 /usr/lib/gcc/arm-none-eabi/10.3.1/../../../arm-none-eabi/lib/thumb/v8-m.main+fp/softfp/libg.a(lib_a-strnlen.o)
                0x0000000010006c34                strnlen
 .text          0x0000000010006c58     0x1070 /usr/lib/gcc/arm-none-eabi/10.3.1/../../../arm-none-eabi/lib/thumb/v8-m.main+fp/softfp/libg.a(lib_a-svfscanf.o)
                0x0000000010006c58                __ssvfscanf_r
 .text          0x0000000010007cc8       0x2c /usr/lib/gcc/arm-none-eabi/10.3.1/../../../arm-none-eabi/lib/thumb/v8-m.main+fp/softfp/libg.a(lib_a-writer.o)
                0x0000000010007cc8                _write_r
 .text          0x0000000010007cf4       0x24 /usr/lib/gcc/arm-none-eabi/10.3.1/../../../arm-none-eabi/lib/thumb/v8-m.main+fp/softfp/libg.a(lib_a-closer.o)
                0x0000000010007cf4                _close_r
 .text          0x0000000010007d18      0x2ac /usr/lib/gcc/arm-none-eabi/10.3.1/../../../arm-none-eabi/lib/thumb/v8-m.main+fp/softfp/libg.a(lib_a-freer.o)
                0x0000000010007d18                _malloc_trim_r
                0x0000000010007db8                _free_r
 .text          0x0000000010007fc4        0x8 /usr/lib/gcc/arm-none-eabi/10.3.1/../../../arm-none-eabi/lib/thumb/v8-m.main+fp/softfp/libg.a(lib_a-iswspace.o)
                0x0000000010007fc4                iswspace
 .text          0x0000000010007fcc       0x18 /usr/lib/gcc/arm-none-eabi/10.3.1/../../../arm-none-eabi/lib/thumb/v8-m.main+fp/softfp/libg.a(lib_a-iswspace_l.o)
                0x0000000010007fcc                iswspace_l
 .text          0x0000000010007fe4       0x8c /usr/lib/gcc/arm-none-eabi/10.3.1/../../../arm-none-eabi/lib/thumb/v8-m.main+fp/softfp/libg.a(lib_a-locale.o)
                0x0000000010007fe4                _setlocale_r
                0x0000000010008024                __locale_mb_cur_max
                0x0000000010008030                setlocale
 .text          0x0000000010008070       0x14 /usr/lib/gcc/arm-none-eabi/10.3.1/../../../arm-none-eabi/lib/thumb/v8-m.main+fp/softfp/libg.a(lib_a-localeconv.o)
                0x0000000010008070                __localeconv_l
                0x0000000010008074                _localeconv_r
                0x000000001000807c                localeconv
 .text          0x0000000010008084       0x2c /usr/lib/gcc/arm-none-eabi/10.3.1/../../../arm-none-eabi/lib/thumb/v8-m.main+fp/softfp/libg.a(lib_a-lseekr.o)
                0x0000000010008084                _lseek_r
 .text          0x00000000100080b0       0x98 /usr/lib/gcc/arm-none-eabi/10.3.1/../../../arm-none-eabi/lib/thumb/v8-m.main+fp/softfp/libg.a(lib_a-mbrtowc.o)
                0x00000000100080b0                _mbrtowc_r
                0x00000000100080f4                mbrtowc
 .text          0x0000000010008148       0x40 /usr/lib/gcc/arm-none-eabi/10.3.1/../../../arm-none-eabi/lib/thumb/v8-m.main+fp/softfp/libg.a(lib_a-mbtowc_r.o)
                0x0000000010008148                _mbtowc_r
                0x000000001000815c                __ascii_mbtowc
 .text          0x0000000010008188       0xf8 /usr/lib/gcc/arm-none-eabi/10.3.1/../../../arm-none-eabi/lib/thumb/v8-m.main+fp/softfp/libg.a(lib_a-memmove.o)
                0x0000000010008188                memmove
 .text          0x0000000010008280       0x2c /usr/lib/gcc/arm-none-eabi/10.3.1/../../../arm-none-eabi/lib/thumb/v8-m.main+fp/softfp/libg.a(lib_a-readr.o)
                0x0000000010008280                _read_r
 .text          0x00000000100082ac       0x90 /usr/lib/gcc/arm-none-eabi/10.3.1/../../../arm-none-eabi/lib/thumb/v8-m.main+fp/softfp/libg.a(lib_a-sccl.o)
                0x00000000100082ac                __sccl
 .text          0x000000001000833c        0x8 /usr/lib/gcc/arm-none-eabi/10.3.1/../../../arm-none-eabi/lib/thumb/v8-m.main+fp/softfp/libg.a(lib_a-sf_nan.o)
                0x000000001000833c                nanf
 .text          0x0000000010008344      0x1bc /usr/lib/gcc/arm-none-eabi/10.3.1/../../../arm-none-eabi/lib/thumb/v8-m.main+fp/softfp/libg.a(lib_a-strcmp.o)
                0x0000000010008344                strcmp
 .text          0x0000000010008500       0x78 /usr/lib/gcc/arm-none-eabi/10.3.1/../../../arm-none-eabi/lib/thumb/v8-m.main+fp/softfp/libg.a(lib_a-strncmp.o)
                0x0000000010008500                strncmp
 .text          0x0000000010008578     0x10ec /usr/lib/gcc/arm-none-eabi/10.3.1/../../../arm-none-eabi/lib/thumb/v8-m.main+fp/softfp/libg.a(lib_a-strtod.o)
                0x0000000010008578                _strtod_l
                0x00000000100094c0                _strtod_r
                0x00000000100094cc                strtod_l
                0x00000000100094e4                strtod
                0x0000000010009500                strtof_l
                0x00000000100095b0                strtof
 .text          0x0000000010009664      0x174 /usr/lib/gcc/arm-none-eabi/10.3.1/../../../arm-none-eabi/lib/thumb/v8-m.main+fp/softfp/libg.a(lib_a-strtol.o)
                0x0000000010009768                _strtol_r
                0x0000000010009780                strtol_l
                0x00000000100097ac                strtol
 .text          0x00000000100097d8      0x190 /usr/lib/gcc/arm-none-eabi/10.3.1/../../../arm-none-eabi/lib/thumb/v8-m.main+fp/softfp/libg.a(lib_a-strtoll.o)
                0x0000000010009934                _strtoll_r
                0x0000000010009938                strtoll_l
                0x0000000010009950                strtoll
 .text          0x0000000010009968      0x148 /usr/lib/gcc/arm-none-eabi/10.3.1/../../../arm-none-eabi/lib/thumb/v8-m.main+fp/softfp/libg.a(lib_a-strtoul.o)
                0x0000000010009a7c                _strtoul_r
                0x0000000010009a80                strtoul_l
                0x0000000010009a98                strtoul
 .text          0x0000000010009ab0      0x1ac /usr/lib/gcc/arm-none-eabi/10.3.1/../../../arm-none-eabi/lib/thumb/v8-m.main+fp/softfp/libg.a(lib_a-strtoull.o)
                0x0000000010009c28                _strtoull_r
                0x0000000010009c2c                strtoull_l
                0x0000000010009c44                strtoull
 .text          0x0000000010009c5c     0x10d8 /usr/lib/gcc/arm-none-eabi/10.3.1/../../../arm-none-eabi/lib/thumb/v8-m.main+fp/softfp/libg.a(lib_a-svfiscanf.o)
                0x0000000010009c5c                _sungetc_r
                0x0000000010009cdc                __ssrefill_r
                0x0000000010009d18                _sfread_r
                0x0000000010009dd0                __ssvfiscanf_r
 .text          0x000000001000ad34      0x164 /usr/lib/gcc/arm-none-eabi/10.3.1/../../../arm-none-eabi/lib/thumb/v8-m.main+fp/softfp/libg.a(lib_a-ungetc.o)
                0x000000001000ad34                __submore
                0x000000001000adac                _ungetc_r
                0x000000001000ae88                ungetc
 .text          0x000000001000ae98       0x30 /usr/lib/gcc/arm-none-eabi/10.3.1/../../../arm-none-eabi/lib/thumb/v8-m.main+fp/softfp/libg.a(lib_a-wctomb_r.o)
                0x000000001000ae98                _wctomb_r
                0x000000001000aeac                __ascii_wctomb
 .text          0x000000001000aec8      0x1c4 /usr/lib/gcc/arm-none-eabi/10.3.1/../../../arm-none-eabi/lib/thumb/v8-m.main+fp/softfp/libg.a(lib_a-fflush.o)
                0x000000001000aec8                __sflush_r
                0x000000001000b010                _fflush_r
                0x000000001000b03c                fflush
 .text          0x000000001000b08c      0x218 /usr/lib/gcc/arm-none-eabi/10.3.1/../../../arm-none-eabi/lib/thumb/v8-m.main+fp/softfp/libg.a(lib_a-findfp.o)
                0x000000001000b090                _cleanup_r
                0x000000001000b178                __sfmoreglue
                0x000000001000b1a8                __sfp
                0x000000001000b250                _cleanup
                0x000000001000b264                __sinit
                0x000000001000b26c                __sfp_lock_acquire
                0x000000001000b270                __sfp_lock_release
                0x000000001000b274                __sinit_lock_acquire
                0x000000001000b278                __sinit_lock_release
                0x000000001000b27c                __fp_lock_all
                0x000000001000b290                __fp_unlock_all
 .text          0x000000001000b2a4       0x84 /usr/lib/gcc/arm-none-eabi/10.3.1/../../../arm-none-eabi/lib/thumb/v8-m.main+fp/softfp/libg.a(lib_a-fwalk.o)
                0x000000001000b2a4                _fwalk
                0x000000001000b2e4                _fwalk_reent
 .text          0x000000001000b328      0x694 /usr/lib/gcc/arm-none-eabi/10.3.1/../../../arm-none-eabi/lib/thumb/v8-m.main+fp/softfp/libg.a(lib_a-gdtoa-gethex.o)
                0x000000001000b3d0                __gethex
 .text          0x000000001000b9bc      0x1ec /usr/lib/gcc/arm-none-eabi/10.3.1/../../../arm-none-eabi/lib/thumb/v8-m.main+fp/softfp/libg.a(lib_a-gdtoa-hexnan.o)
                0x000000001000b9bc                __match
                0x000000001000b9f0                __hexnan
 .text          0x000000001000bba8      0xa80 /usr/lib/gcc/arm-none-eabi/10.3.1/../../../arm-none-eabi/lib/thumb/v8-m.main+fp/softfp/libg.a(lib_a-mprec.o)
                0x000000001000bba8                _Balloc
                0x000000001000bbf4                _Bfree
                0x000000001000bc08                __multadd
                0x000000001000bcb0                __s2b
                0x000000001000bd60                __hi0bits
                0x000000001000bda4                __lo0bits
                0x000000001000be04                __i2b
                0x000000001000be60                __multiply
                0x000000001000bfc0                __pow5mult
                0x000000001000c080                __lshift
                0x000000001000c168                __mcmp
                0x000000001000c1ac                __mdiff
                0x000000001000c2f4                __ulp
                0x000000001000c33c                __b2d
                0x000000001000c40c                __d2b
                0x000000001000c4d4                __ratio
                0x000000001000c530                _mprec_log10
                0x000000001000c568                __copybits
                0x000000001000c5c4                __any_on
 .text          0x000000001000c628        0xc /usr/lib/gcc/arm-none-eabi/10.3.1/../../../arm-none-eabi/lib/thumb/v8-m.main+fp/softfp/libg.a(lib_a-s_nan.o)
                0x000000001000c628                nan
 .text          0x000000001000c634       0xd4 /usr/lib/gcc/arm-none-eabi/10.3.1/../../../arm-none-eabi/lib/thumb/v8-m.main+fp/softfp/libg.a(lib_a-fclose.o)
                0x000000001000c698                _fclose_r
                0x000000001000c6cc                fclose
 *(.fini)
 .fini          0x000000001000c708        0x4 /usr/lib/gcc/arm-none-eabi/10.3.1/thumb/v8-m.main+fp/softfp/crti.o
                0x000000001000c708                _fini
 *fill*         0x000000001000c70c        0x4 
 .fini.__stub   0x000000001000c710       0x58 linker stubs
 *crtbegin.o(.ctors)
 *crtbegin?.o(.ctors)
 *(EXCLUDE_FILE(*crtend.o *crtend?.o) .ctors)
 *(SORT_BY_NAME(.ctors.*))
 *(.ctors)
 *crtbegin.o(.dtors)
 *crtbegin?.o(.dtors)
 *(EXCLUDE_FILE(*crtend.o *crtend?.o) .dtors)
 *(SORT_BY_NAME(.dtors.*))
 *(.dtors)
                0x000000001000c768                . = ALIGN (0x4)
                0x000000001000c768                PROVIDE (__preinit_array_start = .)
 *(SORT_BY_NAME(.preinit_array.*))
 .preinit_array.00050
                0x000000001000c768        0x4 CMakeFiles/lds01_emulator.dir/home/jedld/pico-sdk/src/rp2_common/pico_runtime_init/runtime_init.c.o
                0x000000001000c768                __pre_init_runtime_init_bootrom_reset
 .preinit_array.00100
                0x000000001000c76c        0x4 CMakeFiles/lds01_emulator.dir/home/jedld/pico-sdk/src/rp2_common/pico_runtime_init/runtime_init.c.o
                0x000000001000c76c                __pre_init_runtime_init_early_resets
 .preinit_array.00101
                0x000000001000c770        0x4 CMakeFiles/lds01_emulator.dir/home/jedld/pico-sdk/src/rp2_common/pico_runtime_init/runtime_init.c.o
                0x000000001000c770                __pre_init_runtime_init_usb_power_down
 .preinit_array.00500
                0x000000001000c774        0x4 CMakeFiles/lds01_emulator.dir/home/jedld/pico-sdk/src/rp2_common/pico_runtime_init/runtime_init.c.o
                0x000000001000c774                __pre_init_runtime_init_clocks
 .preinit_array.00600
                0x000000001000c778        0x4 CMakeFiles/lds01_emulator.dir/home/jedld/pico-sdk/src/rp2_common/pico_runtime_init/runtime_init.c.o
                0x000000001000c778                __pre_init_runtime_init_post_clock_resets
 .preinit_array.01000
                0x000000001000c77c        0x4 CMakeFiles/lds01_emulator.dir/home/jedld/pico-sdk/src/rp2_common/hardware_boot_lock/boot_lock.c.o
                0x000000001000c77c                __pre_init_runtime_init_boot_locks_reset
 .preinit_array.01000
                0x000000001000c780        0x4 CMakeFiles/lds01_emulator.dir/home/jedld/pico-sdk/src/rp2_common/pico_runtime_init/runtime_init.c.o
                0x000000001000c780                __pre_init_runtime_init_spin_locks_reset
 .preinit_array.01010
                0x000000001000c784        0x4 CMakeFiles/lds01_emulator.dir/home/jedld/pico-sdk/src/rp2_common/pico_bootrom/bootrom_lock.c.o
                0x000000001000c784                __pre_init_runtime_init_bootrom_locking_enable
 .preinit_array.01100
                0x000000001000c788        0x4 CMakeFiles/lds01_emulator.dir/home/jedld/pico-sdk/src/common/pico_sync/mutex.c.o
                0x000000001000c788                __pre_init_runtime_init_mutex
 .preinit_array.10080
                0x000000001000c78c        0x4 CMakeFiles/lds01_emulator.dir/home/jedld/pico-sdk/src/rp2_common/pico_runtime_init/runtime_init.c.o
                0x000000001000c78c                __pre_init_runtime_init_install_ram_vector_table
 .preinit_array.11000
                0x000000001000c790        0x4 CMakeFiles/lds01_emulator.dir/home/jedld/pico-sdk/src/common/pico_time/time.c.o
                0x000000001000c790                __pre_init_runtime_init_default_alarm_pool
 .preinit_array.YYYYY
                0x000000001000c794        0x4 CMakeFiles/lds01_emulator.dir/home/jedld/pico-sdk/src/rp2_common/pico_runtime/runtime.c.o
                0x000000001000c794                __pre_init_first_per_core_initializer
 .preinit_array.ZZZZZ.00051
                0x000000001000c798        0x4 CMakeFiles/lds01_emulator.dir/home/jedld/pico-sdk/src/rp2_common/pico_runtime_init/runtime_init.c.o
                0x000000001000c798                __pre_init_runtime_init_per_core_bootrom_reset
 .preinit_array.ZZZZZ.00200
                0x000000001000c79c        0x4 CMakeFiles/lds01_emulator.dir/home/jedld/pico-sdk/src/rp2_common/pico_runtime_init/runtime_init.c.o
                0x000000001000c79c                __pre_init_runtime_init_per_core_enable_coprocessors
 .preinit_array.ZZZZZ.01000
                0x000000001000c7a0        0x4 CMakeFiles/lds01_emulator.dir/home/jedld/pico-sdk/src/rp2_common/hardware_sync_spin_lock/sync_spin_lock.c.o
                0x000000001000c7a0                __pre_init_spinlock_set_extexclall
 .preinit_array.ZZZZZ.01200
                0x000000001000c7a4        0x4 CMakeFiles/lds01_emulator.dir/home/jedld/pico-sdk/src/rp2_common/hardware_irq/irq.c.o
                0x000000001000c7a4                __pre_init_runtime_init_per_core_irq_priorities
 *(.preinit_array)
                0x000000001000c7a8                PROVIDE (__preinit_array_end = .)
                0x000000001000c7a8                . = ALIGN (0x4)
                0x000000001000c7a8                PROVIDE (__init_array_start = .)
 *(SORT_BY_NAME(.init_array.*))
 *(.init_array)
 .init_array    0x000000001000c7a8        0x4 /usr/lib/gcc/arm-none-eabi/10.3.1/thumb/v8-m.main+fp/softfp/crtbegin.o
 .init_array    0x000000001000c7ac        0x4 CMakeFiles/lds01_emulator.dir/home/jedld/pico-sdk/src/rp2_common/pico_unique_id/unique_id.c.o
                0x000000001000c7b0                PROVIDE (__init_array_end = .)
                0x000000001000c7b0                . = ALIGN (0x4)
                0x000000001000c7b0                PROVIDE (__fini_array_start = .)
 *(SORT_BY_NAME(.fini_array.*))
 *(.fini_array)
                0x000000001000c7b0                PROVIDE (__fini_array_end = .)
 *(.eh_frame*)
 .eh_frame      0x000000001000c7b0        0x0 /usr/lib/gcc/arm-none-eabi/10.3.1/thumb/v8-m.main+fp/softfp/crtbegin.o
                0x000000001000c7b0                . = ALIGN (0x4)

.glue_7         0x000000001000c7b0        0x0
 .glue_7        0x000000001000c7b0        0x0 linker stubs

.glue_7t        0x000000001000c7b0        0x0
 .glue_7t       0x000000001000c7b0        0x0 linker stubs

.vfp11_veneer   0x000000001000c7b0        0x0
 .vfp11_veneer  0x000000001000c7b0        0x0 linker stubs

.v4_bx          0x000000001000c7b0        0x0
 .v4_bx         0x000000001000c7b0        0x0 linker stubs

.iplt           0x000000001000c7b0        0x0
 .iplt          0x000000001000c7b0        0x0 /usr/lib/gcc/arm-none-eabi/10.3.1/thumb/v8-m.main+fp/softfp/crtbegin.o

.boot2          0x000000001000c7b0        0x0
                0x000000001000c7b0                __boot2_start__ = .
 *(.boot2)
                0x000000001000c7b0                __boot2_end__ = .
                0x0000000000000001                ASSERT (((__boot2_end__ - __boot2_start__) <= 0x100), ERROR: Pico second stage bootloader must be no more than 256 bytes in size)

.rodata         0x000000001000c7b0      0xb30
 *(EXCLUDE_FILE(*libm.a: *libc.a:*lib_a-mem*.o *libgcc.a:) .rodata*)
 .rodata.main.str1.4
                0x000000001000c7b0      0x358 CMakeFiles/lds01_emulator.dir/main.cpp.o
                                        0x35c (size before relaxing)
 .rodata.str1.4
                0x000000001000cb08       0x60 CMakeFiles/lds01_emulator.dir/usb_descriptors.cpp.o
 .rodata._ZL13s_desc_device
                0x000000001000cb68       0x12 CMakeFiles/lds01_emulator.dir/usb_descriptors.cpp.o
 *fill*         0x000000001000cb7a        0x2 
 .rodata._ZL14s_string_table
                0x000000001000cb7c       0x18 CMakeFiles/lds01_emulator.dir/usb_descriptors.cpp.o
 .rodata._ZL20s_desc_configuration
                0x000000001000cb94       0x8d CMakeFiles/lds01_emulator.dir/usb_descriptors.cpp.o
 *fill*         0x000000001000cc21        0x3 
 .rodata.panic.str1.4
                0x000000001000cc24       0x10 CMakeFiles/lds01_emulator.dir/home/jedld/pico-sdk/src/rp2_common/pico_platform_panic/panic.c.o
                                         0x12 (size before relaxing)
 .rodata.spin_lock_claim_unused.str1.4
                0x000000001000cc34       0x1b CMakeFiles/lds01_emulator.dir/home/jedld/pico-sdk/src/rp2_common/hardware_sync/sync.c.o
 *fill*         0x000000001000cc4f        0x1 
 .rodata.at_the_end_of_time
                0x000000001000cc50        0x8 CMakeFiles/lds01_emulator.dir/home/jedld/pico-sdk/src/common/pico_time/time.c.o
                0x000000001000cc50                at_the_end_of_time
 .rodata.timer_hardware_alarm_claim.str1.4
                0x000000001000cc58       0x22 CMakeFiles/lds01_emulator.dir/home/jedld/pico-sdk/src/rp2_common/hardware_timer/timer.c.o
 *fill*         0x000000001000cc7a        0x2 
 .rodata.hard_assertion_failure.str1.4
                0x000000001000cc7c        0xc CMakeFiles/lds01_emulator.dir/home/jedld/pico-sdk/src/rp2_common/pico_runtime/runtime.c.o
 .rodata.str1.4
                0x000000001000cc88       0x44 CMakeFiles/lds01_emulator.dir/home/jedld/pico-sdk/src/rp2_common/pico_standard_binary_info/standard_binary_info.c.o
 .rodata.__bi_26
                0x000000001000cccc        0xc CMakeFiles/lds01_emulator.dir/home/jedld/pico-sdk/src/rp2_common/pico_standard_binary_info/standard_binary_info.c.o
 .rodata.__bi_34
                0x000000001000ccd8        0xc CMakeFiles/lds01_emulator.dir/home/jedld/pico-sdk/src/rp2_common/pico_standard_binary_info/standard_binary_info.c.o
 .rodata.__bi_42
                0x000000001000cce4        0xc CMakeFiles/lds01_emulator.dir/home/jedld/pico-sdk/src/rp2_common/pico_standard_binary_info/standard_binary_info.c.o
 .rodata.__bi_48
                0x000000001000ccf0        0xc CMakeFiles/lds01_emulator.dir/home/jedld/pico-sdk/src/rp2_common/pico_standard_binary_info/standard_binary_info.c.o
 .rodata.__bi_54
                0x000000001000ccfc        0xc CMakeFiles/lds01_emulator.dir/home/jedld/pico-sdk/src/rp2_common/pico_standard_binary_info/standard_binary_info.c.o
 .rodata.__bi_78
                0x000000001000cd08        0xc CMakeFiles/lds01_emulator.dir/home/jedld/pico-sdk/src/rp2_common/pico_standard_binary_info/standard_binary_info.c.o
 .rodata.__bi_84
                0x000000001000cd14        0xc CMakeFiles/lds01_emulator.dir/home/jedld/pico-sdk/src/rp2_common/pico_standard_binary_info/standard_binary_info.c.o
 .rodata._ftoa.str1.4
                0x000000001000cd20       0x15 CMakeFiles/lds01_emulator.dir/home/jedld/pico-sdk/src/rp2_common/pico_printf/printf.c.o
 *fill*         0x000000001000cd35        0x3 
 .rodata.pow10.0
                0x000000001000cd38       0x50 CMakeFiles/lds01_emulator.dir/home/jedld/pico-sdk/src/rp2_common/pico_printf/printf.c.o
 .rodata.__assert_func.str1.4
                0x000000001000cd88       0x3f CMakeFiles/lds01_emulator.dir/home/jedld/pico-sdk/src/rp2_common/pico_clib_interface/newlib_interface.c.o
                                         0x43 (size before relaxing)
 *fill*         0x000000001000cdc7        0x1 
 .rodata.crlf_str.0
                0x000000001000cdc8        0x2 CMakeFiles/lds01_emulator.dir/home/jedld/pico-sdk/src/rp2_common/pico_stdio/stdio.c.o
 *fill*         0x000000001000cdca        0x2 
 .rodata.str1.4
                0x000000001000cdcc       0x14 CMakeFiles/lds01_emulator.dir/home/jedld/pico-sdk/lib/tinyusb/src/portable/raspberrypi/rp2040/dcd_rp2040.c.o
 .rodata.str1.4
                0x000000001000cde0       0x48 CMakeFiles/lds01_emulator.dir/home/jedld/pico-sdk/lib/tinyusb/src/portable/raspberrypi/rp2040/rp2040_usb.c.o
 .rodata._usbd_driver
                0x000000001000ce28       0x20 CMakeFiles/lds01_emulator.dir/home/jedld/pico-sdk/lib/tinyusb/src/device/usbd.c.o
 .rodata.str1.4
                0x000000001000ce48        0x4 CMakeFiles/lds01_emulator.dir/home/jedld/pico-sdk/lib/tinyusb/hw/bsp/rp2040/family.c.o
 .rodata.__bi_153.0
                0x000000001000ce4c        0xc CMakeFiles/lds01_emulator.dir/home/jedld/pico-sdk/lib/tinyusb/hw/bsp/rp2040/family.c.o
 .rodata        0x000000001000ce58        0x4 /usr/lib/gcc/arm-none-eabi/10.3.1/../../../arm-none-eabi/lib/thumb/v8-m.main+fp/softfp/libg.a(lib_a-impure.o)
                0x000000001000ce58                _global_impure_ptr
 .rodata.str1.4
                0x000000001000ce5c        0x5 /usr/lib/gcc/arm-none-eabi/10.3.1/../../../arm-none-eabi/lib/thumb/v8-m.main+fp/softfp/libg.a(lib_a-svfscanf.o)
                                          0x9 (size before relaxing)
 *fill*         0x000000001000ce61        0x3 
 .rodata        0x000000001000ce64       0x22 /usr/lib/gcc/arm-none-eabi/10.3.1/../../../arm-none-eabi/lib/thumb/v8-m.main+fp/softfp/libg.a(lib_a-svfscanf.o)
 *fill*         0x000000001000ce86        0x2 
 .rodata        0x000000001000ce88      0x101 /usr/lib/gcc/arm-none-eabi/10.3.1/../../../arm-none-eabi/lib/thumb/v8-m.main+fp/softfp/libg.a(lib_a-ctype_.o)
                0x000000001000ce88                _ctype_
 *fill*         0x000000001000cf89        0x3 
 .rodata.str1.4
                0x000000001000cf8c        0xe /usr/lib/gcc/arm-none-eabi/10.3.1/../../../arm-none-eabi/lib/thumb/v8-m.main+fp/softfp/libg.a(lib_a-locale.o)
                                         0x12 (size before relaxing)
 .rodata.str1.4
                0x000000001000cf9a        0x1 /usr/lib/gcc/arm-none-eabi/10.3.1/../../../arm-none-eabi/lib/thumb/v8-m.main+fp/softfp/libg.a(lib_a-mbrtowc.o)
 *fill*         0x000000001000cf9a        0x2 
 .rodata.str1.4
                0x000000001000cf9c        0xf /usr/lib/gcc/arm-none-eabi/10.3.1/../../../arm-none-eabi/lib/thumb/v8-m.main+fp/softfp/libg.a(lib_a-strtod.o)
                                         0x11 (size before relaxing)
 *fill*         0x000000001000cfab        0x5 
 .rodata        0x000000001000cfb0       0x50 /usr/lib/gcc/arm-none-eabi/10.3.1/../../../arm-none-eabi/lib/thumb/v8-m.main+fp/softfp/libg.a(lib_a-strtod.o)
 .rodata        0x000000001000d000       0x22 /usr/lib/gcc/arm-none-eabi/10.3.1/../../../arm-none-eabi/lib/thumb/v8-m.main+fp/softfp/libg.a(lib_a-svfiscanf.o)
 *fill*         0x000000001000d022        0x2 
 .rodata.str1.4
                0x000000001000d024       0x4e /usr/lib/gcc/arm-none-eabi/10.3.1/../../../arm-none-eabi/lib/thumb/v8-m.main+fp/softfp/libg.a(lib_a-gdtoa-gethex.o)
 *fill*         0x000000001000d072        0x2 
 .rodata        0x000000001000d074      0x100 /usr/lib/gcc/arm-none-eabi/10.3.1/../../../arm-none-eabi/lib/thumb/v8-m.main+fp/softfp/libg.a(lib_a-gdtoa-gethex.o)
                0x000000001000d074                __hexdig
 .rodata.str1.4
                0x000000001000d174        0x5 /usr/lib/gcc/arm-none-eabi/10.3.1/../../../arm-none-eabi/lib/thumb/v8-m.main+fp/softfp/libg.a(lib_a-lnumeric.o)
 .rodata        0x000000001000d174        0xc /usr/lib/gcc/arm-none-eabi/10.3.1/../../../arm-none-eabi/lib/thumb/v8-m.main+fp/softfp/libg.a(lib_a-lnumeric.o)
                0x000000001000d174                _C_numeric_locale
 .rodata.str1.4
                0x000000001000d180       0x33 /usr/lib/gcc/arm-none-eabi/10.3.1/../../../arm-none-eabi/lib/thumb/v8-m.main+fp/softfp/libg.a(lib_a-mprec.o)
                                         0x47 (size before relaxing)
 *fill*         0x000000001000d1b3        0x5 
 .rodata        0x000000001000d1b8      0x128 /usr/lib/gcc/arm-none-eabi/10.3.1/../../../arm-none-eabi/lib/thumb/v8-m.main+fp/softfp/libg.a(lib_a-mprec.o)
                0x000000001000d1c8                __mprec_tens
                0x000000001000d290                __mprec_tinytens
                0x000000001000d2b8                __mprec_bigtens
 *(.srodata*)
                0x000000001000d2e0                . = ALIGN (0x4)
 *(SORT_BY_ALIGNMENT(SORT_BY_NAME(.flashdata*)))
                0x000000001000d2e0                . = ALIGN (0x4)

.ARM.extab
 *(.ARM.extab* .gnu.linkonce.armextab.*)
                0x000000001000d2e0                __exidx_start = .

.ARM.exidx      0x000000001000d2e0        0x8
 *(.ARM.exidx* .gnu.linkonce.armexidx.*)
 .ARM.exidx     0x000000001000d2e0        0x8 /usr/lib/gcc/arm-none-eabi/10.3.1/thumb/v8-m.main+fp/softfp/libgcc.a(_udivmoddi4.o)
                0x000000001000d2e8                __exidx_end = .
                0x000000001000d2e8                . = ALIGN (0x4)
                0x000000001000d2e8                __binary_info_start = .

.binary_info    0x000000001000d2e8       0x20
 *(.binary_info.keep.*)
 .binary_info.keep.__bi_ptr26
                0x000000001000d2e8        0x4 CMakeFiles/lds01_emulator.dir/home/jedld/pico-sdk/src/rp2_common/pico_standard_binary_info/standard_binary_info.c.o
 .binary_info.keep.__bi_ptr34
                0x000000001000d2ec        0x4 CMakeFiles/lds01_emulator.dir/home/jedld/pico-sdk/src/rp2_common/pico_standard_binary_info/standard_binary_info.c.o
 .binary_info.keep.__bi_ptr42
                0x000000001000d2f0        0x4 CMakeFiles/lds01_emulator.dir/home/jedld/pico-sdk/src/rp2_common/pico_standard_binary_info/standard_binary_info.c.o
 .binary_info.keep.__bi_ptr48
                0x000000001000d2f4        0x4 CMakeFiles/lds01_emulator.dir/home/jedld/pico-sdk/src/rp2_common/pico_standard_binary_info/standard_binary_info.c.o
 .binary_info.keep.__bi_ptr54
                0x000000001000d2f8        0x4 CMakeFiles/lds01_emulator.dir/home/jedld/pico-sdk/src/rp2_common/pico_standard_binary_info/standard_binary_info.c.o
 .binary_info.keep.__bi_ptr78
                0x000000001000d2fc        0x4 CMakeFiles/lds01_emulator.dir/home/jedld/pico-sdk/src/rp2_common/pico_standard_binary_info/standard_binary_info.c.o
 .binary_info.keep.__bi_ptr84
                0x000000001000d300        0x4 CMakeFiles/lds01_emulator.dir/home/jedld/pico-sdk/src/rp2_common/pico_standard_binary_info/standard_binary_info.c.o
 .binary_info.keep.__bi_ptr153
                0x000000001000d304        0x4 CMakeFiles/lds01_emulator.dir/home/jedld/pico-sdk/lib/tinyusb/hw/bsp/rp2040/family.c.o
 *(.binary_info.*)
                0x000000001000d308                __binary_info_end = .
                0x000000001000d308                . = ALIGN (0x4)

.ram_vector_table
                0x0000000020000000      0x110
 *(.ram_vector_table)
 .ram_vector_table
                0x0000000020000000      0x110 CMakeFiles/lds01_emulator.dir/home/jedld/pico-sdk/src/rp2_common/pico_runtime_init/runtime_init.c.o
                0x0000000020000000                ram_vector_table

.uninitialized_data
                0x0000000020000110        0x0
                0x0000000020000110                . = ALIGN (0x4)
 *(.uninitialized_data*)

.data           0x0000000020000110     0x1d58 load address 0x000000001000d308
                0x0000000020000110                __data_start__ = .
 *(vtable)
 *(.time_critical*)
 .time_critical.mutex_enter_block_until
                0x0000000020000110       0x6c CMakeFiles/lds01_emulator.dir/home/jedld/pico-sdk/src/common/pico_sync/mutex.c.o
                0x0000000020000110                mutex_enter_block_until
 .time_critical.mutex_try_enter_block_until
                0x000000002000017c       0x6c CMakeFiles/lds01_emulator.dir/home/jedld/pico-sdk/src/common/pico_sync/mutex.c.o
                0x000000002000017c                mutex_try_enter_block_until
 .time_critical.mutex_enter_timeout_ms
                0x00000000200001e8       0x2c CMakeFiles/lds01_emulator.dir/home/jedld/pico-sdk/src/common/pico_sync/mutex.c.o
                0x00000000200001e8                mutex_enter_timeout_ms
 .time_critical.mutex_exit
                0x0000000020000214       0x3c CMakeFiles/lds01_emulator.dir/home/jedld/pico-sdk/src/common/pico_sync/mutex.c.o
                0x0000000020000214                mutex_exit
 .time_critical.reset_non_control_endpoints
                0x0000000020000250       0x64 CMakeFiles/lds01_emulator.dir/home/jedld/pico-sdk/lib/tinyusb/src/portable/raspberrypi/rp2040/dcd_rp2040.c.o
 .time_critical.hw_handle_buff_status
                0x00000000200002b4       0xa0 CMakeFiles/lds01_emulator.dir/home/jedld/pico-sdk/lib/tinyusb/src/portable/raspberrypi/rp2040/dcd_rp2040.c.o
 .time_critical.dcd_rp2040_irq
                0x0000000020000354      0x4f8 CMakeFiles/lds01_emulator.dir/home/jedld/pico-sdk/lib/tinyusb/src/portable/raspberrypi/rp2040/dcd_rp2040.c.o
 .time_critical.prepare_ep_buffer
                0x000000002000084c       0xc8 CMakeFiles/lds01_emulator.dir/home/jedld/pico-sdk/lib/tinyusb/src/portable/raspberrypi/rp2040/rp2040_usb.c.o
 .time_critical.sync_ep_buffer
                0x0000000020000914       0xb8 CMakeFiles/lds01_emulator.dir/home/jedld/pico-sdk/lib/tinyusb/src/portable/raspberrypi/rp2040/rp2040_usb.c.o
 .time_critical._hw_endpoint_xfer_sync
                0x00000000200009cc       0x2c CMakeFiles/lds01_emulator.dir/home/jedld/pico-sdk/lib/tinyusb/src/portable/raspberrypi/rp2040/rp2040_usb.c.o
 .time_critical.e15_is_bulkin_ep
                0x00000000200009f8       0x28 CMakeFiles/lds01_emulator.dir/home/jedld/pico-sdk/lib/tinyusb/src/portable/raspberrypi/rp2040/rp2040_usb.c.o
 .time_critical.e15_is_critical_frame_period
                0x0000000020000a20       0x28 CMakeFiles/lds01_emulator.dir/home/jedld/pico-sdk/lib/tinyusb/src/portable/raspberrypi/rp2040/rp2040_usb.c.o
 .time_critical.hw_endpoint_reset_transfer
                0x0000000020000a48        0xc CMakeFiles/lds01_emulator.dir/home/jedld/pico-sdk/lib/tinyusb/src/portable/raspberrypi/rp2040/rp2040_usb.c.o
                0x0000000020000a48                hw_endpoint_reset_transfer
 .time_critical._hw_endpoint_buffer_control_update32
                0x0000000020000a54       0x44 CMakeFiles/lds01_emulator.dir/home/jedld/pico-sdk/lib/tinyusb/src/portable/raspberrypi/rp2040/rp2040_usb.c.o
                0x0000000020000a54                _hw_endpoint_buffer_control_update32
 .time_critical.hw_endpoint_start_next_buffer
                0x0000000020000a98       0x64 CMakeFiles/lds01_emulator.dir/home/jedld/pico-sdk/lib/tinyusb/src/portable/raspberrypi/rp2040/rp2040_usb.c.o
                0x0000000020000a98                hw_endpoint_start_next_buffer
 .time_critical.hw_endpoint_xfer_continue
                0x0000000020000afc       0x40 CMakeFiles/lds01_emulator.dir/home/jedld/pico-sdk/lib/tinyusb/src/portable/raspberrypi/rp2040/rp2040_usb.c.o
                0x0000000020000afc                hw_endpoint_xfer_continue
 .time_critical.tinyusb
                0x0000000020000b3c      0x214 CMakeFiles/lds01_emulator.dir/home/jedld/pico-sdk/lib/tinyusb/src/device/usbd.c.o
                0x0000000020000b3c                dcd_event_handler
 *(.text*)
 .text          0x0000000020000d50      0x378 /usr/lib/gcc/arm-none-eabi/10.3.1/thumb/v8-m.main+fp/softfp/libgcc.a(_arm_addsubdf3.o)
                0x0000000020000d50                __aeabi_drsub
                0x0000000020000d58                __aeabi_dsub
                0x0000000020000d58                __subdf3
                0x0000000020000d5c                __adddf3
                0x0000000020000d5c                __aeabi_dadd
                0x0000000020000fd4                __aeabi_ui2d
                0x0000000020000fd4                __floatunsidf
                0x0000000020000ff4                __floatsidf
                0x0000000020000ff4                __aeabi_i2d
                0x0000000020001018                __extendsfdf2
                0x0000000020001018                __aeabi_f2d
                0x000000002000105c                __aeabi_ul2d
                0x000000002000105c                __floatundidf
                0x000000002000106c                __floatdidf
                0x000000002000106c                __aeabi_l2d
 .text          0x00000000200010c8       0x30 /usr/lib/gcc/arm-none-eabi/10.3.1/thumb/v8-m.main+fp/softfp/libgcc.a(_aeabi_uldivmod.o)
                0x00000000200010c8                __aeabi_uldivmod
 .text          0x00000000200010f8      0x2ec /usr/lib/gcc/arm-none-eabi/10.3.1/thumb/v8-m.main+fp/softfp/libgcc.a(_udivmoddi4.o)
                0x00000000200010f8                __udivmoddi4
 .text          0x00000000200013e4        0x4 /usr/lib/gcc/arm-none-eabi/10.3.1/thumb/v8-m.main+fp/softfp/libgcc.a(_dvmd_tls.o)
                0x00000000200013e4                __aeabi_ldiv0
                0x00000000200013e4                __aeabi_idiv0
 .text.__stub   0x00000000200013e8       0x30 linker stubs
                0x0000000020001418                . = ALIGN (0x4)
 *(.rodata*)
                0x0000000020001418                . = ALIGN (0x4)
 *(.data*)
 .data._ZL5g_rpm
                0x0000000020001418        0x4 CMakeFiles/lds01_emulator.dir/main.cpp.o
 .data._ZL8g_room_h
                0x000000002000141c        0x4 CMakeFiles/lds01_emulator.dir/main.cpp.o
 .data._ZL8g_room_w
                0x0000000020001420        0x4 CMakeFiles/lds01_emulator.dir/main.cpp.o
 .data._ZL9g_robot_x
                0x0000000020001424        0x4 CMakeFiles/lds01_emulator.dir/main.cpp.o
 .data._ZL9g_robot_y
                0x0000000020001428        0x4 CMakeFiles/lds01_emulator.dir/main.cpp.o
 .data.striped_spin_lock_num
                0x000000002000142c        0x1 CMakeFiles/lds01_emulator.dir/home/jedld/pico-sdk/src/rp2_common/hardware_sync/sync.c.o
 *fill*         0x000000002000142d        0x3 
 .data          0x0000000020001430       0x48 CMakeFiles/lds01_emulator.dir/home/jedld/pico-sdk/src/rp2_common/hardware_irq/irq_handler_chain.S.o
                0x0000000020001430                irq_handler_chain_slots
                0x0000000020001460                irq_handler_chain_first_slot
                0x000000002000146a                irq_handler_chain_remove_tail
 .data.default_alarm_pool
                0x0000000020001478       0x18 CMakeFiles/lds01_emulator.dir/home/jedld/pico-sdk/src/common/pico_time/time.c.o
 .data._usbd_qdef
                0x0000000020001490       0x1c CMakeFiles/lds01_emulator.dir/home/jedld/pico-sdk/lib/tinyusb/src/device/usbd.c.o
                0x0000000020001490                _usbd_qdef
 .data._usbd_rhport
                0x00000000200014ac        0x1 CMakeFiles/lds01_emulator.dir/home/jedld/pico-sdk/lib/tinyusb/src/device/usbd.c.o
 *fill*         0x00000000200014ad        0x3 
 .data          0x00000000200014b0      0x430 /usr/lib/gcc/arm-none-eabi/10.3.1/../../../arm-none-eabi/lib/thumb/v8-m.main+fp/softfp/libg.a(lib_a-impure.o)
                0x00000000200014b0                _impure_ptr
 .data          0x00000000200018e0      0x410 /usr/lib/gcc/arm-none-eabi/10.3.1/../../../arm-none-eabi/lib/thumb/v8-m.main+fp/softfp/libg.a(lib_a-mallocr.o)
                0x00000000200018e0                __malloc_av_
                0x0000000020001ce8                __malloc_sbrk_base
                0x0000000020001cec                __malloc_trim_threshold
 .data          0x0000000020001cf0      0x16c /usr/lib/gcc/arm-none-eabi/10.3.1/../../../arm-none-eabi/lib/thumb/v8-m.main+fp/softfp/libg.a(lib_a-locale.o)
                0x0000000020001cf0                __global_locale
 .data          0x0000000020001e5c        0x2 /usr/lib/gcc/arm-none-eabi/10.3.1/../../../arm-none-eabi/lib/thumb/v8-m.main+fp/softfp/libg.a(lib_a-lnumeric.o)
 *(.sdata*)
                0x0000000020001e60                . = ALIGN (0x4)
 *fill*         0x0000000020001e5e        0x2 
 *(.after_data.*)
                0x0000000020001e60                . = ALIGN (0x4)
                0x0000000020001e60                PROVIDE (__mutex_array_start = .)
 *(SORT_BY_NAME(.mutex_array.*))
 *(.mutex_array)
 .mutex_array   0x0000000020001e60        0x8 CMakeFiles/lds01_emulator.dir/home/jedld/pico-sdk/src/rp2_common/pico_stdio/stdio.c.o
                0x0000000020001e68                PROVIDE (__mutex_array_end = .)
 *(.jcr)
                0x0000000020001e68                . = ALIGN (0x4)

.tm_clone_table
                0x0000000020001e68        0x0 load address 0x000000001000f060
 .tm_clone_table
                0x0000000020001e68        0x0 /usr/lib/gcc/arm-none-eabi/10.3.1/thumb/v8-m.main+fp/softfp/crtbegin.o
 .tm_clone_table
                0x0000000020001e68        0x0 /usr/lib/gcc/arm-none-eabi/10.3.1/thumb/v8-m.main+fp/softfp/crtend.o

.igot.plt       0x0000000020001e68        0x0 load address 0x000000001000f060
 .igot.plt      0x0000000020001e68        0x0 /usr/lib/gcc/arm-none-eabi/10.3.1/thumb/v8-m.main+fp/softfp/crtbegin.o

.tdata          0x0000000020001e68        0x0 load address 0x000000001000f060
                0x0000000020001e68                . = ALIGN (0x4)
 *(.tdata .tdata.* .gnu.linkonce.td.*)
                0x0000000020001e68                __tdata_end = .
                0x0000000020001e68                PROVIDE (__data_end__ = .)
                0x000000001000d308                __etext = LOADADDR (.data)

.tbss           0x0000000020001e68        0x0 load address 0x000000001000f060
                0x0000000020001e68                . = ALIGN (0x4)
                0x0000000020001e68                __bss_start__ = .
                0x0000000020001e68                __tls_base = .
 *(.tbss .tbss.* .gnu.linkonce.tb.*)
 *(.tcommon)
                0x0000000020001e68                __tls_end = .

.bss            0x0000000020001e68     0x1048 load address 0x000000001000f060
                0x0000000020001e68                . = ALIGN (0x4)
                0x0000000020001e68                __tbss_end = .
 *(SORT_BY_ALIGNMENT(SORT_BY_NAME(.bss*)))
 .bss.default_alarm_pool_entries
                0x0000000020001e68      0x180 CMakeFiles/lds01_emulator.dir/home/jedld/pico-sdk/src/common/pico_time/time.c.o
 .bss           0x0000000020001fe8       0x1c /usr/lib/gcc/arm-none-eabi/10.3.1/thumb/v8-m.main+fp/softfp/crtbegin.o
 .bss           0x0000000020002004       0x34 /usr/lib/gcc/arm-none-eabi/10.3.1/../../../arm-none-eabi/lib/thumb/v8-m.main+fp/softfp/libg.a(lib_a-mallocr.o)
                0x0000000020002004                __malloc_top_pad
                0x0000000020002008                __malloc_current_mallinfo
                0x0000000020002030                __malloc_max_sbrked_mem
                0x0000000020002034                __malloc_max_total_mem
 .bss           0x0000000020002038        0x4 /usr/lib/gcc/arm-none-eabi/10.3.1/../../../arm-none-eabi/lib/thumb/v8-m.main+fp/softfp/libg.a(lib_a-reent.o)
                0x0000000020002038                errno
 .bss._ZL10s_desc_str
                0x000000002000203c       0x40 CMakeFiles/lds01_emulator.dir/usb_descriptors.cpp.o
 .bss._ZL11g_robot_hdg
                0x000000002000207c        0x4 CMakeFiles/lds01_emulator.dir/main.cpp.o
 .bss._ZL9g_cmd_buf
                0x0000000020002080       0x80 CMakeFiles/lds01_emulator.dir/main.cpp.o
 .bss._ZL9g_cmd_len
                0x0000000020002100        0x4 CMakeFiles/lds01_emulator.dir/main.cpp.o
 .bss._app_driver
                0x0000000020002104        0x4 CMakeFiles/lds01_emulator.dir/home/jedld/pico-sdk/lib/tinyusb/src/device/usbd.c.o
 .bss._cdcd_epbuf
                0x0000000020002108      0x100 CMakeFiles/lds01_emulator.dir/home/jedld/pico-sdk/lib/tinyusb/src/class/cdc/cdc_device.c.o
 .bss._cdcd_fifo_cfg
                0x0000000020002208        0x1 CMakeFiles/lds01_emulator.dir/home/jedld/pico-sdk/lib/tinyusb/src/class/cdc/cdc_device.c.o
 *fill*         0x0000000020002209        0x3 
 .bss._cdcd_itf
                0x000000002000220c      0x690 CMakeFiles/lds01_emulator.dir/home/jedld/pico-sdk/lib/tinyusb/src/class/cdc/cdc_device.c.o
 .bss._ctrl_epbuf
                0x000000002000289c       0x40 CMakeFiles/lds01_emulator.dir/home/jedld/pico-sdk/lib/tinyusb/src/device/usbd_control.c.o
 .bss._ctrl_xfer
                0x00000000200028dc       0x14 CMakeFiles/lds01_emulator.dir/home/jedld/pico-sdk/lib/tinyusb/src/device/usbd_control.c.o
 .bss._sw_spin_locks
                0x00000000200028f0       0x20 CMakeFiles/lds01_emulator.dir/home/jedld/pico-sdk/src/rp2_common/hardware_sync_spin_lock/sync_spin_lock.c.o
                0x00000000200028f0                _sw_spin_locks
 .bss._ubsd_mutexdef
                0x0000000020002910        0x8 CMakeFiles/lds01_emulator.dir/home/jedld/pico-sdk/lib/tinyusb/src/device/usbd.c.o
 .bss._usbd_dev
                0x0000000020002918       0x54 CMakeFiles/lds01_emulator.dir/home/jedld/pico-sdk/lib/tinyusb/src/device/usbd.c.o
 .bss._usbd_mutex
                0x000000002000296c        0x4 CMakeFiles/lds01_emulator.dir/home/jedld/pico-sdk/lib/tinyusb/src/device/usbd.c.o
 .bss._usbd_q   0x0000000020002970        0x4 CMakeFiles/lds01_emulator.dir/home/jedld/pico-sdk/lib/tinyusb/src/device/usbd.c.o
 .bss._usbd_qdef_buf
                0x0000000020002974       0xc0 CMakeFiles/lds01_emulator.dir/home/jedld/pico-sdk/lib/tinyusb/src/device/usbd.c.o
                0x0000000020002974                _usbd_qdef_buf
 .bss.claimed   0x0000000020002a34        0x4 CMakeFiles/lds01_emulator.dir/home/jedld/pico-sdk/src/rp2_common/hardware_sync/sync.c.o
 .bss.claimed   0x0000000020002a38        0x2 CMakeFiles/lds01_emulator.dir/home/jedld/pico-sdk/src/rp2_common/hardware_timer/timer.c.o
 *fill*         0x0000000020002a3a        0x2 
 .bss.configured_freq
                0x0000000020002a3c       0x28 CMakeFiles/lds01_emulator.dir/home/jedld/pico-sdk/src/rp2_common/hardware_clocks/clocks.c.o
 .bss.drivers   0x0000000020002a64        0x4 CMakeFiles/lds01_emulator.dir/home/jedld/pico-sdk/src/rp2_common/pico_stdio/stdio.c.o
 .bss.e15_last_sof
                0x0000000020002a68        0x4 CMakeFiles/lds01_emulator.dir/home/jedld/pico-sdk/lib/tinyusb/src/portable/raspberrypi/rp2040/rp2040_usb.c.o
                0x0000000020002a68                e15_last_sof
 .bss.filter    0x0000000020002a6c        0x4 CMakeFiles/lds01_emulator.dir/home/jedld/pico-sdk/src/rp2_common/pico_stdio/stdio.c.o
 .bss.heap_end.0
                0x0000000020002a70        0x4 CMakeFiles/lds01_emulator.dir/home/jedld/pico-sdk/src/rp2_common/pico_clib_interface/newlib_interface.c.o
 .bss.hw_endpoints
                0x0000000020002a74      0x400 CMakeFiles/lds01_emulator.dir/home/jedld/pico-sdk/lib/tinyusb/src/portable/raspberrypi/rp2040/dcd_rp2040.c.o
 .bss.lazy_vsnprintf
                0x0000000020002e74        0x4 CMakeFiles/lds01_emulator.dir/home/jedld/pico-sdk/src/rp2_common/pico_printf/printf.c.o
 .bss.next_buffer_ptr
                0x0000000020002e78        0x4 CMakeFiles/lds01_emulator.dir/home/jedld/pico-sdk/lib/tinyusb/src/portable/raspberrypi/rp2040/dcd_rp2040.c.o
 .bss.pools     0x0000000020002e7c       0x20 CMakeFiles/lds01_emulator.dir/home/jedld/pico-sdk/src/common/pico_time/time.c.o
 .bss.retrieved_id
                0x0000000020002e9c        0x8 CMakeFiles/lds01_emulator.dir/home/jedld/pico-sdk/src/rp2_common/pico_unique_id/unique_id.c.o
 .bss.sleep_notifier
                0x0000000020002ea4        0x4 CMakeFiles/lds01_emulator.dir/home/jedld/pico-sdk/src/common/pico_time/time.c.o
 .bss.uart_char_to_line_feed